[  0.000s] Loading translation model: RU -> EN ...
[  3.467s] Loading TTS voice: en_US-ryan-medium ...
[  6.758s] Runtime prewarm started
[  6.758s] Runtime prewarm ready
[  7.829s] LOWLAT sentence queued: Всем привет!
[  8.086s] PARTIAL sanitized: removed hallucinated tail (Всем привет, меня зовут... -> Всем привет, меня зовут. ..)
[  9.135s] Translation time: 1.306 sec
[  9.135s] TRANSLATED: Hey, everybody!
[  9.294s] LOWLAT sentence queued: меня зовут Ярослав,
[  9.585s] Translation time: 0.291 sec
[  9.585s] TRANSLATED: My name is Jaroslav,
[ 10.135s] TTS time: 1.000 sec
[ 10.135s] TTS audio ready: 1.06 sec
[ 10.294s] LOWLAT sentence queued: мне 26 лет,
[ 10.462s] Translation time: 0.167 sec
[ 10.462s] TRANSLATED: I'm 26 years old,
[ 10.572s] TTS time: 0.197 sec
[ 10.572s] TTS audio ready: 1.22 sec
[ 11.005s] TTS time: 0.192 sec
[ 11.005s] TTS audio ready: 1.29 sec
[ 11.471s] LOWLAT sentence queued: я из Украины.
[ 11.644s] Translation time: 0.173 sec
[ 11.644s] TRANSLATED: I'm from Ukraine.
[ 11.650s] PARTIAL sanitized: removed hallucinated tail (Всем привет, меня зовут Ярослав, мне 26 лет, я из Украины. Сейчас мы общаемся... -> Всем привет, меня зовут Ярослав, мне 26 лет, я из Украины. Сейчас мы общаемся. ..)
[ 11.799s] TTS time: 0.154 sec
[ 11.799s] TTS audio ready: 0.95 sec
[ 11.810s] PARTIAL sanitized: removed hallucinated tail (Всем привет, меня зовут Ярослав, мне 26 лет, я из Украины. Сейчас мы общаемся через... -> Всем привет, меня зовут Ярослав, мне 26 лет, я из Украины. Сейчас мы общаемся через. ..)
[ 12.114s] PARTIAL sanitized: removed hallucinated tail (Всем привет, меня зовут Ярослав, мне 26 лет, я из Украины. Сейчас мы общаемся через мой... -> Всем привет, меня зовут Ярослав, мне 26 лет, я из Украины. Сейчас мы общаемся через мой. ..)
[ 12.735s] LOWLAT sentence queued: Сейчас мы общаемся через мой переводчик.
[ 12.916s] Translation time: 0.181 sec
[ 12.916s] TRANSLATED: Now we're talking through my interpreter.
[ 13.071s] PARTIAL sanitized: removed hallucinated tail (Меня зовут Ярослав, мне 26 лет, я из Украины. Сейчас мы общаемся через мой переводчик в реально... -> Меня зовут Ярослав, мне 26 лет, я из Украины. Сейчас мы общаемся через мой переводчик в реально. ..)
[ 13.087s] TTS time: 0.171 sec
[ 13.087s] TTS audio ready: 1.71 sec
[ 13.385s] LOWLAT sentence queued: в реально время.
[ 13.550s] Translation time: 0.165 sec
[ 13.550s] TRANSLATED: in real time.
[ 13.767s] TTS time: 0.217 sec
[ 13.767s] TTS audio ready: 0.84 sec
[ 14.273s] LOWLAT sentence queued: Сейчас мы общаемся через мой переводчик в реальном времени.
[ 14.594s] Translation time: 0.321 sec
[ 14.594s] TRANSLATED: Now we're talking through my translator in real time.
[ 14.761s] TTS time: 0.166 sec
[ 14.761s] TTS audio ready: 2.52 sec
[ 15.796s] PARTIAL sanitized: removed hallucinated tail (Сейчас мы общаемся через мой переводчик в реальном времени. Я его создал для помощи в преодолении... -> Сейчас мы общаемся через мой переводчик в реальном времени. Я его создал для помощи в преодолении. ..)
[ 16.117s] LOWLAT skipped source contained duplicate: мы общаемся через мой переводчик в реальном времени. ~= Сейчас мы общаемся через мой переводчик в реальном времени.
[ 16.292s] LOWLAT skipped source contained duplicate: Мы общаемся через мой переводчик в реальном времени. ~= Сейчас мы общаемся через мой переводчик в реальном времени.
[ 16.629s] LOWLAT skipped source contained duplicate: через мой переводчик в реальном времени. ~= Сейчас мы общаемся через мой переводчик в реальном времени.
[ 16.787s] LOWLAT skipped source contained duplicate: через мой переводчик в реальном времени. ~= Сейчас мы общаемся через мой переводчик в реальном времени.
[ 17.095s] LOWLAT skipped source contained duplicate: переводчик в реальном времени. ~= Сейчас мы общаемся через мой переводчик в реальном времени.
[ 17.397s] PARTIAL sanitized: removed hallucinated tail (переводчик в реальном времени. Я его создал для помощи в преодолении языкового барьера, так как... -> переводчик в реальном времени. Я его создал для помощи в преодолении языкового барьера, так как. ..)
[ 17.397s] LOWLAT skipped source contained duplicate: переводчик в реальном времени. ~= Сейчас мы общаемся через мой переводчик в реальном времени.
[ 17.542s] PARTIAL sanitized: removed hallucinated tail (Я его создал для помощи в преодолении языкового барьера, так как мы... -> Я его создал для помощи в преодолении языкового барьера, так как мы. ..)
[ 17.542s] LOWLAT sentence queued: Я его создал для помощи в преодолении языкового барьера,
[ 17.846s] Translation time: 0.303 sec
[ 17.846s] TRANSLATED: I created it to help overcome the language barrier,
[ 18.284s] TTS time: 0.197 sec
[ 18.284s] TTS audio ready: 2.58 sec
[ 18.323s] LOWLAT sentence queued: так как мой английский слабее.
[ 18.482s] Translation time: 0.159 sec
[ 18.482s] TRANSLATED: Because my English is weaker.
[ 18.914s] TTS time: 0.191 sec
[ 18.914s] TTS audio ready: 1.40 sec
[ 19.596s] LOWLAT skipped source contained duplicate: для помощи в преодолении языкового барьера, ~= Я его создал для помощи в преодолении языкового барьера,
[ 20.053s] LOWLAT sentence queued: уровня комфортного общения.
[ 20.237s] Translation time: 0.183 sec
[ 20.237s] TRANSLATED: the level of comfortable communication.
[ 20.388s] TTS time: 0.151 sec
[ 20.388s] TTS audio ready: 1.70 sec
[ 22.580s] LOWLAT sentence queued: Также у меня есть еще один пэт проект.
[ 22.768s] Translation time: 0.187 sec
[ 22.768s] TRANSLATED: I also have another Pat project.
[ 23.042s] TTS time: 0.274 sec
[ 23.042s] TTS audio ready: 1.64 sec
[ 23.728s] LOWLAT sentence queued: Это проект для конвертации.
[ 23.917s] Translation time: 0.189 sec
[ 23.917s] TRANSLATED: It's a conversion project.
[ 24.072s] TTS time: 0.155 sec
[ 24.072s] TTS audio ready: 1.39 sec
[ 24.981s] FINAL raw: Также у меня есть еще один пэт проект. Это проект для конвертации изображений.
[ 24.982s] LOWLAT sentence stream: no new segments (final=True)
[ 24.984s] FINAL: Всем привет! меня зовут Ярослав, мне 26 лет, я из Украины. Сейчас мы общаемся через мой переводчик. в реально время. Сейчас мы общаемся через мой переводчик в реальном времени. Я его создал для помощи в преодолении языкового барьера, так как мой английский слабее. уровня комфортного общения. Также у меня есть еще один пэт проект. Это проект для конвертации.
[ 25.612s] PARTIAL sanitized: removed hallucinated tail (Когда я работал в... -> Когда я работал в. ..)
[ 26.995s] PARTIAL sanitized: removed hallucinated tail (Когда я работал в компании AMDase, я... -> Когда я работал в компании AMDase, я. ..)
[ 26.995s] LOWLAT sentence queued: Когда я работал в компании AMDase,
[ 27.136s] PARTIAL sanitized: removed hallucinated tail (Когда я работал в компании AMDs, я... -> Когда я работал в компании AMDs, я. ..)
[ 27.274s] PARTIAL sanitized: removed hallucinated tail (Когда я работал в компании AMDs, я делал... -> Когда я работал в компании AMDs, я делал. ..)
[ 27.274s] LOWLAT sentence queued: Когда я работал в компании AMDs,
[ 27.391s] Translation time: 0.396 sec
[ 27.391s] TRANSLATED: When I was working for AMDase,
[ 27.696s] Translation time: 0.305 sec
[ 27.696s] TRANSLATED skipped same-prefix retry: When I was working for AMDs, ~= When I was working for AMDase,
[ 27.807s] TTS time: 0.175 sec
[ 27.807s] TTS audio ready: 1.60 sec
[ 29.213s] LOWLAT sentence queued: я делал лейдинги.
[ 29.509s] Translation time: 0.295 sec
[ 29.509s] TRANSLATED: I used to make leidings.
[ 29.665s] TTS time: 0.156 sec
[ 29.665s] TTS audio ready: 1.32 sec
[ 30.273s] LOWLAT sentence queued: очень много лейдингов.
[ 30.577s] Translation time: 0.303 sec
[ 30.577s] TRANSLATED: There's a lot of leidings.
[ 30.729s] TTS time: 0.152 sec
[ 30.729s] TTS audio ready: 1.08 sec
[ 32.992s] PARTIAL sanitized: removed hallucinated tail (Очень много лейдингов. Так как у лейдингов обычно нет сложной логики, то основной... -> Очень много лейдингов. Так как у лейдингов обычно нет сложной логики, то основной. ..)
[ 32.993s] LOWLAT sentence queued: Так как у лейдингов обычно нет сложной логики,
[ 33.317s] Translation time: 0.324 sec
[ 33.317s] TRANSLATED: Because the leidings don't usually have complex logic,
[ 33.672s] PARTIAL sanitized: removed hallucinated tail (очень много лайндингов. Так как у лайндингов обычно нет сложной логики, то основное влияние на... -> очень много лайндингов. Так как у лайндингов обычно нет сложной логики, то основное влияние на. ..)
[ 33.787s] TTS time: 0.230 sec
[ 33.787s] TTS audio ready: 2.73 sec
[ 34.584s] LOWLAT sentence queued: лайндингов обычно нет сложной логики,
[ 34.767s] PARTIAL sanitized: removed hallucinated tail (Так как у лайндингов обычно нет сложной логики, то основное влияние на производительность вызывает... -> Так как у лайндингов обычно нет сложной логики, то основное влияние на производительность вызывает. ..)
[ 34.891s] Translation time: 0.307 sec
[ 34.891s] TRANSLATED: Lindings don't usually have complex logic,
[ 35.351s] TTS time: 0.220 sec
[ 35.351s] TTS audio ready: 2.29 sec
[ 35.539s] LOWLAT sentence queued: то основное влияние на производительность вызывают картинки.
[ 35.539s] LOWLAT held incomplete source: то основное влияние на производительность вызывают картинки.
[ 36.145s] Translation time: 0.254 sec
[ 36.145s] TRANSLATED: the main effect on productivity is caused by images.
[ 36.303s] TTS time: 0.158 sec
[ 36.303s] TTS audio ready: 3.36 sec
[ 36.759s] PARTIAL sanitized: removed hallucinated tail (сложной логике, то основное влияние на производительность вызывают картинки. Сначала я пользуюсь... -> сложной логике, то основное влияние на производительность вызывают картинки. Сначала я пользуюсь. ..)
[ 38.264s] LOWLAT sentence queued: Сначала я пользовался бесплатными сервисами.
[ 38.556s] Translation time: 0.293 sec
[ 38.556s] TRANSLATED: At first, I used free services.
[ 38.718s] TTS time: 0.161 sec
[ 38.718s] TTS audio ready: 1.93 sec
[ 39.364s] PARTIAL sanitized: removed hallucinated tail (вызывают картинки. Сначала я пользовался бесплатными сервисами, но упирался то в лимит... -> вызывают картинки. Сначала я пользовался бесплатными сервисами, но упирался то в лимит. ..)
[ 39.988s] LOWLAT sentence queued: но опирался то в лимит,
[ 39.988s] LOWLAT held incomplete source: но опирался то в лимит,
[ 40.493s] LOWLAT sentence queued: но упирался то в лимит,
[ 40.507s] Translation time: 0.168 sec
[ 40.507s] TRANSLATED: But he kept himself within bounds,
[ 40.507s] LOWLAT held incomplete source: но упирался то в лимит,
[ 40.941s] TTS time: 0.194 sec
[ 40.941s] TTS audio ready: 1.66 sec
[ 41.020s] Translation time: 0.163 sec
[ 41.020s] TRANSLATED: But he fell into a bounds,
[ 41.167s] FINAL raw: Сначала я пользовался бесплатными сервисами, но упирался то в лимит, то в отсутствие гибкости.
[ 41.167s] LOWLAT skipped source contained duplicate: Сначала я пользовался бесплатными сервисами, ~= Сначала я пользовался бесплатными сервисами.
[ 41.167s] LOWLAT sentence queued: то в отсутствие гибкости.
[ 41.167s] FINAL cleanup dropped weak draft: Когда я работал в компании AMDase,
[ 41.168s] FINAL cleanup dropped weak return: лайндингов обычно нет сложной логики,
[ 41.169s] FINAL: Когда я работал в компании AMDase, я делал лейдинги. очень много лейдингов. Так как у лейдингов обычно нет сложной логики, то основное влияние на производительность вызывают картинки. Сначала я пользовался бесплатными сервисами. но опирался то в лимит, но упирался то в лимит, то в отсутствие гибкости.
[ 41.169s] LOWLAT held incomplete source: то в отсутствие гибкости.
[ 41.389s] TTS time: 0.128 sec
[ 41.389s] TTS audio ready: 1.45 sec
[ 41.783s] PARTIAL sanitized: removed hallucinated tail (Я решил создать... -> Я решил создать. ..)
[ 42.028s] PARTIAL sanitized: removed hallucinated tail (И я решил создать... -> И я решил создать. ..)
[ 42.138s] Translation time: 0.619 sec
[ 42.138s] TRANSLATED: There is no flexibility.
[ 42.147s] PARTIAL sanitized: removed hallucinated tail (и я решил создать свой... -> и я решил создать свой. ..)
[ 42.368s] TTS time: 0.230 sec
[ 42.368s] TTS audio ready: 1.37 sec
[ 43.141s] PARTIAL sanitized: removed hallucinated tail (И я решил создать свой инструмент, который... -> И я решил создать свой инструмент, который. ..)
[ 43.274s] PARTIAL sanitized: removed hallucinated tail (И я решил создать свой инструмент, которым... -> И я решил создать свой инструмент, которым. ..)
[ 43.274s] LOWLAT sentence queued: И я решил создать свой инструмент,
[ 43.274s] LOWLAT held incomplete source: И я решил создать свой инструмент,
[ 43.402s] PARTIAL sanitized: removed hallucinated tail (И я решил создать свой инструмент, который мог... -> И я решил создать свой инструмент, который мог. ..)
[ 43.666s] PARTIAL sanitized: removed hallucinated tail (И я решил создать свой инструмент, которым активно... -> И я решил создать свой инструмент, которым активно. ..)
[ 43.826s] Translation time: 0.202 sec
[ 43.826s] TRANSLATED: And I decided to create my instrument,
[ 44.218s] TTS time: 0.152 sec
[ 44.218s] TTS audio ready: 1.88 sec
[ 45.639s] LOWLAT sentence queued: которым активно пользуюсь до сих пор,
[ 45.639s] LOWLAT held incomplete source: которым активно пользуюсь до сих пор,
[ 45.779s] PARTIAL sanitized: removed hallucinated tail (И я решил создать свой инструмент, которым активно пользуюсь до сих пор, который помог мне не... -> И я решил создать свой инструмент, которым активно пользуюсь до сих пор, который помог мне не. ..)
[ 46.218s] Translation time: 0.228 sec
[ 46.218s] TRANSLATED: which I have so far actively used,
[ 46.658s] TTS time: 0.200 sec
[ 46.658s] TTS audio ready: 2.04 sec
[ 47.579s] LOWLAT sentence queued: который помог мне невероятно быстро ускорить работу.
[ 47.579s] LOWLAT held incomplete source: который помог мне невероятно быстро ускорить работу.
[ 47.874s] FINAL raw: которым активно пользуюсь до сих пор, который помог мне невероятно быстро ускорить работу.
[ 47.874s] LOWLAT sentence stream: no new segments (final=True)
[ 47.874s] FINAL: И я решил создать свой инструмент, которым активно пользуюсь до сих пор, который помог мне невероятно быстро ускорить работу.
[ 48.111s] Translation time: 0.181 sec
[ 48.111s] TRANSLATED: The one who helped me speed up my work in an incredibly fast way.
[ 48.239s] TTS time: 0.128 sec
[ 48.239s] TTS audio ready: 3.13 sec
