[  0.000s] Loading translation model: RU -> EN ...
[  3.497s] Loading TTS voice: en_US-ryan-medium ...
[  6.831s] Runtime prewarm started
[  6.831s] Runtime prewarm ready
[  7.901s] LOWLAT sentence queued: Всем привет!
[  8.142s] PARTIAL sanitized: removed hallucinated tail (Всем привет, меня зовут... -> Всем привет, меня зовут. ..)
[  9.167s] Translation time: 1.266 sec
[  9.167s] TRANSLATED: Hey, everybody!
[  9.322s] LOWLAT sentence queued: меня зовут Ярослав,
[  9.599s] Translation time: 0.277 sec
[  9.599s] TRANSLATED: My name is Jaroslav,
[ 10.011s] LOWLAT sentence queued: мне 26 лет,
[ 10.142s] TTS time: 0.975 sec
[ 10.142s] TTS audio ready: 0.89 sec
[ 10.304s] Translation time: 0.293 sec
[ 10.304s] TRANSLATED: I'm 26 years old,
[ 10.304s] TTS continuation merged: 2 chunks
[ 10.461s] TTS time: 0.157 sec
[ 10.461s] TTS audio ready: 2.52 sec
[ 11.660s] PARTIAL sanitized: removed hallucinated tail (Всем привет, меня зовут Ярослав, мне 26 лет, я из Украины. Сейчас мы общаемся... -> Всем привет, меня зовут Ярослав, мне 26 лет, я из Украины. Сейчас мы общаемся. ..)
[ 11.660s] LOWLAT sentence queued: я из Украины.
[ 11.833s] Translation time: 0.173 sec
[ 11.833s] TRANSLATED: I'm from Ukraine.
[ 11.994s] PARTIAL sanitized: removed hallucinated tail (Всем привет, меня зовут Ярослав, мне 26 лет, я из Украины. Сейчас мы общаемся через... -> Всем привет, меня зовут Ярослав, мне 26 лет, я из Украины. Сейчас мы общаемся через. ..)
[ 12.106s] TTS time: 0.272 sec
[ 12.106s] TTS audio ready: 0.89 sec
[ 12.190s] PARTIAL sanitized: removed hallucinated tail (Всем привет, меня зовут Ярослав, мне 26 лет, я из Украины. Сейчас мы общаемся через мой... -> Всем привет, меня зовут Ярослав, мне 26 лет, я из Украины. Сейчас мы общаемся через мой. ..)
[ 13.159s] PARTIAL sanitized: removed hallucinated tail (Меня зовут Ярослав, мне 26 лет, я из Украины. Сейчас мы общаемся через мой переводчик в реально... -> Меня зовут Ярослав, мне 26 лет, я из Украины. Сейчас мы общаемся через мой переводчик в реально. ..)
[ 13.475s] LOWLAT sentence queued: Сейчас мы общаемся через мой переводчик в реально время.
[ 13.813s] Translation time: 0.338 sec
[ 13.813s] TRANSLATED: Now we're talking through my interpreter at real time.
[ 14.002s] TTS time: 0.189 sec
[ 14.002s] TTS audio ready: 2.39 sec
[ 14.139s] LOWLAT sentence queued: Сейчас мы общаемся через мой переводчик в реальном времени.
[ 14.457s] Translation time: 0.318 sec
[ 14.457s] TRANSLATED: Now we're talking through my translator in real time.
[ 14.597s] TTS time: 0.140 sec
[ 14.597s] TTS audio ready: 2.61 sec
[ 15.829s] PARTIAL sanitized: removed hallucinated tail (Сейчас мы общаемся через мой переводчик в реальном времени. Я его создал для помощи в преодолении... -> Сейчас мы общаемся через мой переводчик в реальном времени. Я его создал для помощи в преодолении. ..)
[ 16.142s] LOWLAT skipped source contained duplicate: мы общаемся через мой переводчик в реальном времени. ~= Сейчас мы общаемся через мой переводчик в реальном времени.
[ 16.292s] LOWLAT skipped source contained duplicate: Мы общаемся через мой переводчик в реальном времени. ~= Сейчас мы общаемся через мой переводчик в реальном времени.
[ 16.483s] PARTIAL sanitized: removed hallucinated tail (Мы общаемся через мой переводчик в реальном времени. Я его создал для помощи в преодолении языкового... -> Мы общаемся через мой переводчик в реальном времени. Я его создал для помощи в преодолении языкового. ..)
[ 16.483s] LOWLAT skipped source contained duplicate: Мы общаемся через мой переводчик в реальном времени. ~= Сейчас мы общаемся через мой переводчик в реальном времени.
[ 16.656s] LOWLAT skipped source contained duplicate: через мой переводчик в реальном времени. ~= Сейчас мы общаемся через мой переводчик в реальном времени.
[ 16.816s] LOWLAT skipped source contained duplicate: через мой переводчик в реальном времени. ~= Сейчас мы общаемся через мой переводчик в реальном времени.
[ 17.115s] LOWLAT skipped source contained duplicate: переводчик в реальном времени. ~= Сейчас мы общаемся через мой переводчик в реальном времени.
[ 17.432s] PARTIAL sanitized: removed hallucinated tail (переводчик в реальном времени. Я его создал для помощи в преодолении языкового барьера, так как... -> переводчик в реальном времени. Я его создал для помощи в преодолении языкового барьера, так как. ..)
[ 17.432s] LOWLAT skipped source contained duplicate: переводчик в реальном времени. ~= Сейчас мы общаемся через мой переводчик в реальном времени.
[ 17.593s] LOWLAT sentence queued: Я его создал для помощи в преодолении языкового барьера,
[ 17.593s] LOWLAT held incomplete source: Я его создал для помощи в преодолении языкового барьера,
[ 17.753s] PARTIAL sanitized: removed hallucinated tail (Я его создал для помощи в преодолении языкового барьера, так как мы... -> Я его создал для помощи в преодолении языкового барьера, так как мы. ..)
[ 17.908s] LOWLAT skipped source contained duplicate: в реальном времени. ~= Сейчас мы общаемся через мой переводчик в реальном времени.
[ 18.236s] Translation time: 0.293 sec
[ 18.236s] TRANSLATED: I created it to help overcome the language barrier,
[ 18.725s] TTS time: 0.248 sec
[ 18.725s] TTS audio ready: 2.65 sec
[ 19.385s] LOWLAT sentence queued: так как мой английский слабее уровня комфортного.
[ 19.583s] Translation time: 0.197 sec
[ 19.583s] TRANSLATED: Because my English is weaker than my comfort level.
[ 20.020s] TTS time: 0.196 sec
[ 20.020s] TTS audio ready: 2.31 sec
[ 22.572s] LOWLAT sentence queued: Также у меня есть еще один пэт проект.
[ 22.862s] Translation time: 0.291 sec
[ 22.862s] TRANSLATED: I also have another Pat project.
[ 22.912s] PARTIAL sanitized: removed hallucinated tail (диски слабее уровня комфортного общения. Также у меня есть еще один пэт проект. Это проект... -> диски слабее уровня комфортного общения. Также у меня есть еще один пэт проект. Это проект. ..)
[ 23.018s] TTS time: 0.156 sec
[ 23.018s] TTS audio ready: 1.79 sec
[ 23.219s] PARTIAL sanitized: removed hallucinated tail (слабее уровня комфортного общения. Также у меня есть еще один пэт проект. Это проект для... -> слабее уровня комфортного общения. Также у меня есть еще один пэт проект. Это проект для. ..)
[ 23.829s] LOWLAT sentence queued: Это проект для конвертации.
[ 24.015s] Translation time: 0.186 sec
[ 24.015s] TRANSLATED: It's a conversion project.
[ 24.299s] TTS time: 0.283 sec
[ 24.299s] TTS audio ready: 1.37 sec
[ 25.048s] FINAL raw: Также у меня есть еще один пэт проект. Это проект для конвертации изображений.
[ 25.048s] LOWLAT sentence stream: no new segments (final=True)
[ 25.049s] FINAL cleanup dropped weak draft: Сейчас мы общаемся через мой переводчик в реально время.
[ 25.050s] FINAL: Всем привет! меня зовут Ярослав, мне 26 лет, я из Украины. Сейчас мы общаемся через мой переводчик в реальном времени. Я его создал для помощи в преодолении языкового барьера, так как мой английский слабее уровня комфортного. Также у меня есть еще один пэт проект. Это проект для конвертации.
[ 25.705s] PARTIAL sanitized: removed hallucinated tail (Когда я работал в... -> Когда я работал в. ..)
[ 27.093s] PARTIAL sanitized: removed hallucinated tail (Когда я работал в компании AMDase, я... -> Когда я работал в компании AMDase, я. ..)
[ 27.093s] LOWLAT sentence queued: Когда я работал в компании AMDase,
[ 27.093s] LOWLAT held incomplete source: Когда я работал в компании AMDase,
[ 27.224s] PARTIAL sanitized: removed hallucinated tail (Когда я работал в компании AMDs, я... -> Когда я работал в компании AMDs, я. ..)
[ 27.355s] PARTIAL sanitized: removed hallucinated tail (Когда я работал в компании AMDs, я делал... -> Когда я работал в компании AMDs, я делал. ..)
[ 27.355s] LOWLAT sentence queued: Когда я работал в компании AMDs,
[ 27.355s] LOWLAT merged incomplete source: Когда я работал в компании AMDase, + Когда я работал в компании AMDs, -> Когда я работал в компании AMDase, Когда я работал в компании AMDs,
[ 27.976s] Translation time: 0.621 sec
[ 27.976s] TRANSLATED: When I was working for AMDase, when I was working for AMDs,
[ 28.188s] TTS time: 0.211 sec
[ 28.188s] TTS audio ready: 3.19 sec
[ 29.287s] LOWLAT sentence queued: я делал лейдинги.
[ 29.597s] Translation time: 0.311 sec
[ 29.598s] TRANSLATED: I used to make leidings.
[ 29.791s] TTS time: 0.193 sec
[ 29.791s] TTS audio ready: 1.30 sec
[ 30.363s] LOWLAT sentence queued: очень много лейдингов.
[ 30.660s] Translation time: 0.297 sec
[ 30.660s] TRANSLATED: There's a lot of leidings.
[ 30.814s] TTS time: 0.154 sec
[ 30.814s] TTS audio ready: 1.09 sec
[ 33.045s] PARTIAL sanitized: removed hallucinated tail (Очень много лейдингов. Так как у лейдингов обычно нет сложной логики, то основной... -> Очень много лейдингов. Так как у лейдингов обычно нет сложной логики, то основной. ..)
[ 33.045s] LOWLAT sentence queued: Так как у лейдингов обычно нет сложной логики,
[ 33.045s] LOWLAT held incomplete source: Так как у лейдингов обычно нет сложной логики,
[ 33.360s] LOWLAT sentence queued: очень много лайндингов.
[ 33.360s] LOWLAT merged incomplete source: Так как у лейдингов обычно нет сложной логики, + очень много лайндингов. -> Так как у лейдингов обычно нет сложной логики, очень много лайндингов.
[ 33.556s] PARTIAL sanitized: removed hallucinated tail (очень много лайндингов. Так как у лайндингов обычно нет сложной логики, то основное влияние... -> очень много лайндингов. Так как у лайндингов обычно нет сложной логики, то основное влияние. ..)
[ 33.742s] PARTIAL sanitized: removed hallucinated tail (очень много лайндингов. Так как у лайндингов обычно нет сложной логики, то основное влияние на... -> очень много лайндингов. Так как у лайндингов обычно нет сложной логики, то основное влияние на. ..)
[ 33.743s] LOWLAT sentence queued: Так как у лайндингов обычно нет сложной логики,
[ 33.860s] Translation time: 0.500 sec
[ 33.860s] TRANSLATED: Because the leidings don't usually have complex logic, there are a lot of Lindings.
[ 33.860s] LOWLAT held incomplete source: Так как у лайндингов обычно нет сложной логики,
[ 34.025s] TTS time: 0.165 sec
[ 34.025s] TTS audio ready: 4.01 sec
[ 34.430s] LOWLAT skipped source contained duplicate: лайндингов обычно нет сложной логики, ~= Так как у лайндингов обычно нет сложной логики,
[ 34.432s] Translation time: 0.222 sec
[ 34.433s] TRANSLATED: Because the Lindings don't usually have complex logic,
[ 34.593s] LOWLAT skipped source contained duplicate: лайндингов обычно нет сложной логики, ~= Так как у лайндингов обычно нет сложной логики,
[ 34.745s] PARTIAL sanitized: removed hallucinated tail (Так как у лайндингов обычно нет сложной логики, то основное влияние на производительность вызывает... -> Так как у лайндингов обычно нет сложной логики, то основное влияние на производительность вызывает. ..)
[ 34.745s] LOWLAT skipped source contained duplicate: лайндингов обычно нет сложной логики, ~= Так как у лайндингов обычно нет сложной логики,
[ 34.857s] TTS time: 0.183 sec
[ 34.857s] TTS audio ready: 2.57 sec
[ 35.069s] LOWLAT skipped source contained duplicate: лайндингов обычно нет сложной логики, ~= Так как у лайндингов обычно нет сложной логики,
[ 35.238s] LOWLAT skipped source contained duplicate: лайндингов обычно нет сложной логики, ~= Так как у лайндингов обычно нет сложной логики,
[ 35.547s] LOWLAT sentence queued: то основное влияние на производительность вызывают картинки.
[ 35.846s] Translation time: 0.300 sec
[ 35.846s] TRANSLATED: the main effect on productivity is caused by images.
[ 36.043s] TTS time: 0.196 sec
[ 36.043s] TTS audio ready: 3.11 sec
[ 36.840s] PARTIAL sanitized: removed hallucinated tail (сложной логике, то основное влияние на производительность вызывают картинки. Сначала я пользуюсь... -> сложной логике, то основное влияние на производительность вызывают картинки. Сначала я пользуюсь. ..)
[ 38.340s] LOWLAT sentence queued: Сначала я пользовался бесплатными сервисами.
[ 38.617s] Translation time: 0.277 sec
[ 38.617s] TRANSLATED: At first, I used free services.
[ 38.805s] TTS time: 0.188 sec
[ 38.805s] TTS audio ready: 1.86 sec
[ 39.509s] PARTIAL sanitized: removed hallucinated tail (вызывают картинки. Сначала я пользовался бесплатными сервисами, но упирался то в лимит... -> вызывают картинки. Сначала я пользовался бесплатными сервисами, но упирался то в лимит. ..)
[ 40.055s] LOWLAT sentence queued: но опирался то в лимит,
[ 40.055s] LOWLAT held incomplete source: но опирался то в лимит,
[ 40.617s] Translation time: 0.212 sec
[ 40.617s] TRANSLATED: But he kept himself within bounds,
[ 40.794s] LOWLAT sentence queued: то в отсутствие гибкости.
[ 40.794s] LOWLAT held incomplete source: то в отсутствие гибкости.
[ 41.080s] TTS time: 0.223 sec
[ 41.080s] TTS audio ready: 1.63 sec
[ 41.324s] FINAL raw: Сначала я пользовался бесплатными сервисами, но упирался то в лимит, то в отсутствие гибкости.
[ 41.325s] LOWLAT skipped source contained duplicate: Сначала я пользовался бесплатными сервисами, ~= Сначала я пользовался бесплатными сервисами.
[ 41.325s] LOWLAT sentence queued: упирался то в лимит,
[ 41.325s] FINAL cleanup dropped weak draft: Когда я работал в компании AMDase,
[ 41.327s] FINAL: Когда я работал в компании AMDase, я делал лейдинги. очень много лейдингов. Так как у лейдингов обычно нет сложной логики, очень много лайндингов. Так как у лайндингов обычно нет сложной логики, то основное влияние на производительность вызывают картинки. Сначала я пользовался бесплатными сервисами. но опирался то в лимит, то в отсутствие гибкости. упирался то в лимит,
[ 41.383s] Translation time: 0.238 sec
[ 41.383s] TRANSLATED: There is no flexibility.
[ 41.383s] LOWLAT held incomplete source: упирался то в лимит,
[ 41.510s] TTS time: 0.127 sec
[ 41.510s] TTS audio ready: 1.30 sec
[ 41.840s] PARTIAL sanitized: removed hallucinated tail (Я решил создать... -> Я решил создать. ..)
[ 42.096s] PARTIAL sanitized: removed hallucinated tail (И я решил создать... -> И я решил создать. ..)
[ 42.209s] Translation time: 0.476 sec
[ 42.209s] TRANSLATED: and clung to the limit,
[ 42.218s] PARTIAL sanitized: removed hallucinated tail (и я решил создать свой... -> и я решил создать свой. ..)
[ 42.704s] TTS time: 0.255 sec
[ 42.704s] TTS audio ready: 1.11 sec
[ 43.249s] PARTIAL sanitized: removed hallucinated tail (И я решил создать свой инструмент, который... -> И я решил создать свой инструмент, который. ..)
[ 43.386s] PARTIAL sanitized: removed hallucinated tail (И я решил создать свой инструмент, которым... -> И я решил создать свой инструмент, которым. ..)
[ 43.386s] LOWLAT sentence queued: И я решил создать свой инструмент,
[ 43.386s] LOWLAT held incomplete source: И я решил создать свой инструмент,
[ 43.512s] PARTIAL sanitized: removed hallucinated tail (И я решил создать свой инструмент, который мог... -> И я решил создать свой инструмент, который мог. ..)
[ 43.788s] PARTIAL sanitized: removed hallucinated tail (И я решил создать свой инструмент, которым активно... -> И я решил создать свой инструмент, которым активно. ..)
[ 44.063s] Translation time: 0.326 sec
[ 44.063s] TRANSLATED: And I decided to create my instrument,
[ 44.506s] TTS time: 0.203 sec
[ 44.506s] TTS audio ready: 1.90 sec
[ 45.733s] LOWLAT sentence queued: которым активно пользуюсь до сих пор,
[ 45.733s] LOWLAT held incomplete source: которым активно пользуюсь до сих пор,
[ 45.890s] PARTIAL sanitized: removed hallucinated tail (И я решил создать свой инструмент, которым активно пользуюсь до сих пор, который помог мне не... -> И я решил создать свой инструмент, которым активно пользуюсь до сих пор, который помог мне не. ..)
[ 46.339s] Translation time: 0.255 sec
[ 46.339s] TRANSLATED: which I have so far actively used,
[ 46.777s] TTS time: 0.198 sec
[ 46.777s] TTS audio ready: 1.93 sec
[ 47.698s] LOWLAT sentence queued: который помог мне невероятно быстро ускорить работу.
[ 48.045s] FINAL raw: которым активно пользуюсь до сих пор, который помог мне невероятно быстро ускорить работу.
[ 48.046s] LOWLAT sentence stream: no new segments (final=True)
[ 48.046s] FINAL: И я решил создать свой инструмент, которым активно пользуюсь до сих пор, который помог мне невероятно быстро ускорить работу.
[ 48.068s] Translation time: 0.370 sec
[ 48.068s] TRANSLATED: The one who helped me speed up my work in an incredibly fast way.
[ 48.197s] TTS time: 0.129 sec
[ 48.197s] TTS audio ready: 3.27 sec
