[  0.000s] Loading translation model: RU -> EN ...
[  3.501s] Loading TTS voice: en_US-ryan-medium ...
[  6.455s] Runtime prewarm started
[  6.455s] Runtime prewarm ready
[  7.531s] LOWLAT sentence queued: Всем привет!
[  7.766s] PARTIAL sanitized: removed hallucinated tail (Всем привет, меня зовут... -> Всем привет, меня зовут. ..)
[  8.806s] Translation time: 1.275 sec
[  8.806s] TRANSLATED: Hey, everybody!
[  8.956s] LOWLAT sentence queued: меня зовут Ярослав,
[  9.251s] Translation time: 0.295 sec
[  9.251s] TRANSLATED: My name is Jaroslav,
[  9.677s] LOWLAT sentence queued: мне 26 лет,
[  9.808s] TTS time: 1.001 sec
[  9.808s] TTS audio ready: 1.02 sec
[  9.867s] Translation time: 0.189 sec
[  9.867s] TRANSLATED: I'm 26 years old,
[  9.867s] TTS continuation merged: 2 chunks
[ 10.133s] TTS time: 0.266 sec
[ 10.133s] TTS audio ready: 2.54 sec
[ 11.296s] PARTIAL sanitized: removed hallucinated tail (Всем привет, меня зовут Ярослав, мне 26 лет, я из Украины. Сейчас мы общаемся... -> Всем привет, меня зовут Ярослав, мне 26 лет, я из Украины. Сейчас мы общаемся. ..)
[ 11.296s] LOWLAT sentence queued: я из Украины.
[ 11.456s] Translation time: 0.159 sec
[ 11.456s] TRANSLATED: I'm from Ukraine.
[ 11.603s] PARTIAL sanitized: removed hallucinated tail (Всем привет, меня зовут Ярослав, мне 26 лет, я из Украины. Сейчас мы общаемся через... -> Всем привет, меня зовут Ярослав, мне 26 лет, я из Украины. Сейчас мы общаемся через. ..)
[ 11.619s] TTS time: 0.163 sec
[ 11.619s] TTS audio ready: 0.94 sec
[ 12.816s] PARTIAL sanitized: removed hallucinated tail (Меня зовут Ярослав, мне 26 лет, я из Украины. Сейчас мы общаемся через мой переводчик в реально... -> Меня зовут Ярослав, мне 26 лет, я из Украины. Сейчас мы общаемся через мой переводчик в реально. ..)
[ 13.126s] LOWLAT sentence queued: Сейчас мы общаемся через мой переводчик в реально время.
[ 13.451s] Translation time: 0.325 sec
[ 13.451s] TRANSLATED: Now we're talking through my interpreter at real time.
[ 13.607s] TTS time: 0.156 sec
[ 13.607s] TTS audio ready: 2.36 sec
[ 13.751s] LOWLAT sentence queued: Сейчас мы общаемся через мой переводчик в реальном времени.
[ 14.057s] Translation time: 0.306 sec
[ 14.057s] TRANSLATED: Now we're talking through my translator in real time.
[ 14.186s] TTS time: 0.129 sec
[ 14.186s] TTS audio ready: 2.35 sec
[ 15.393s] PARTIAL sanitized: removed hallucinated tail (Сейчас мы общаемся через мой переводчик в реальном времени. Я его создал для помощи в преодолении... -> Сейчас мы общаемся через мой переводчик в реальном времени. Я его создал для помощи в преодолении. ..)
[ 15.852s] LOWLAT skipped source contained duplicate: мы общаемся через мой переводчик в реальном времени. ~= Сейчас мы общаемся через мой переводчик в реальном времени.
[ 16.004s] PARTIAL sanitized: removed hallucinated tail (Мы общаемся через мой переводчик в реальном времени. Я его создал для помощи в преодолении языкового... -> Мы общаемся через мой переводчик в реальном времени. Я его создал для помощи в преодолении языкового. ..)
[ 16.005s] LOWLAT skipped source contained duplicate: Мы общаемся через мой переводчик в реальном времени. ~= Сейчас мы общаемся через мой переводчик в реальном времени.
[ 16.309s] LOWLAT skipped source contained duplicate: через мой переводчик в реальном времени. ~= Сейчас мы общаемся через мой переводчик в реальном времени.
[ 16.470s] LOWLAT skipped source contained duplicate: через мой переводчик в реальном времени. ~= Сейчас мы общаемся через мой переводчик в реальном времени.
[ 16.768s] LOWLAT skipped source contained duplicate: переводчик в реальном времени. ~= Сейчас мы общаемся через мой переводчик в реальном времени.
[ 17.083s] PARTIAL sanitized: removed hallucinated tail (переводчик в реальном времени. Я его создал для помощи в преодолении языкового барьера, так как... -> переводчик в реальном времени. Я его создал для помощи в преодолении языкового барьера, так как. ..)
[ 17.083s] LOWLAT skipped source contained duplicate: переводчик в реальном времени. ~= Сейчас мы общаемся через мой переводчик в реальном времени.
[ 17.221s] PARTIAL sanitized: removed hallucinated tail (Я его создал для помощи в преодолении языкового барьера, так как мы... -> Я его создал для помощи в преодолении языкового барьера, так как мы. ..)
[ 17.221s] LOWLAT sentence queued: Я его создал для помощи в преодолении языкового барьера,
[ 17.517s] Translation time: 0.296 sec
[ 17.518s] TRANSLATED: I created it to help overcome the language barrier,
[ 17.848s] LOWLAT allowed suspicious fragment: так как мой английский славянный язык не использует.
[ 17.955s] TTS time: 0.196 sec
[ 17.955s] TTS audio ready: 2.54 sec
[ 17.992s] LOWLAT allowed suspicious fragment: так как мой английский слабее.
[ 18.146s] LOWLAT allowed suspicious fragment: так как мой английский слабее улучшен.
[ 18.303s] LOWLAT allowed suspicious fragment: так как мой английский слабее уровня.
[ 18.759s] LOWLAT allowed suspicious fragment: так как мой английский слабее уровня комфорта.
[ 18.916s] LOWLAT allowed suspicious fragment: так как мой английский слабее уровня комфортного.
[ 19.077s] LOWLAT allowed suspicious fragment: так как мой английский слабее уровня комфортного.
[ 19.077s] LOWLAT sentence queued: так как мой английский слабее уровня комфортного.
[ 19.288s] Translation time: 0.211 sec
[ 19.288s] TRANSLATED: Because my English is weaker than my comfort level.
[ 19.766s] TTS time: 0.237 sec
[ 19.766s] TTS audio ready: 2.33 sec
[ 22.568s] PARTIAL sanitized: removed hallucinated tail (диски слабее уровня комфортного общения. Также у меня есть еще один пэт проект. Это проект... -> диски слабее уровня комфортного общения. Также у меня есть еще один пэт проект. Это проект. ..)
[ 22.569s] LOWLAT sentence queued: Также у меня есть еще один пэт проект.
[ 22.864s] Translation time: 0.295 sec
[ 22.864s] TRANSLATED: I also have another Pat project.
[ 22.911s] PARTIAL sanitized: removed hallucinated tail (слабее уровня комфортного общения. Также у меня есть еще один пэт проект. Это проект для... -> слабее уровня комфортного общения. Также у меня есть еще один пэт проект. Это проект для. ..)
[ 23.033s] TTS time: 0.169 sec
[ 23.033s] TTS audio ready: 1.70 sec
[ 23.389s] LOWLAT sentence queued: Это проект для конвертации.
[ 23.572s] Translation time: 0.183 sec
[ 23.572s] TRANSLATED: It's a conversion project.
[ 23.829s] TTS time: 0.252 sec
[ 23.829s] TTS audio ready: 1.37 sec
[ 24.739s] FINAL raw: Также у меня есть еще один пэт проект. Это проект для конвертации изображений.
[ 24.739s] LOWLAT sentence stream: no new segments (final=True)
[ 24.740s] FINAL cleanup dropped weak draft: Сейчас мы общаемся через мой переводчик в реально время.
[ 24.741s] FINAL: Всем привет! меня зовут Ярослав, мне 26 лет, я из Украины. Сейчас мы общаемся через мой переводчик в реальном времени. Я его создал для помощи в преодолении языкового барьера, так как мой английский слабее уровня комфортного. Также у меня есть еще один пэт проект. Это проект для конвертации.
[ 25.392s] PARTIAL sanitized: removed hallucinated tail (Когда я работал в... -> Когда я работал в. ..)
[ 26.809s] PARTIAL sanitized: removed hallucinated tail (Когда я работал в компании AMDase, я... -> Когда я работал в компании AMDase, я. ..)
[ 26.810s] LOWLAT sentence queued: Когда я работал в компании AMDase,
[ 26.981s] PARTIAL sanitized: removed hallucinated tail (Когда я работал в компании AMDs, я... -> Когда я работал в компании AMDs, я. ..)
[ 27.127s] PARTIAL sanitized: removed hallucinated tail (Когда я работал в компании AMDs, я делал... -> Когда я работал в компании AMDs, я делал. ..)
[ 27.128s] LOWLAT sentence queued: Когда я работал в компании AMDs,
[ 27.246s] Translation time: 0.436 sec
[ 27.246s] TRANSLATED: When I was working for AMDase,
[ 27.557s] Translation time: 0.311 sec
[ 27.557s] TRANSLATED skipped same-prefix retry: When I was working for AMDs, ~= When I was working for AMDase,
[ 27.700s] TTS time: 0.213 sec
[ 27.700s] TTS audio ready: 1.58 sec
[ 29.048s] LOWLAT sentence queued: я делал лейдинги.
[ 29.357s] Translation time: 0.309 sec
[ 29.357s] TRANSLATED: I used to make leidings.
[ 29.525s] TTS time: 0.168 sec
[ 29.525s] TTS audio ready: 1.13 sec
[ 30.178s] LOWLAT sentence queued: очень много лейдингов.
[ 30.397s] Translation time: 0.219 sec
[ 30.397s] TRANSLATED: There's a lot of leidings.
[ 30.563s] TTS time: 0.166 sec
[ 30.563s] TTS audio ready: 1.07 sec
[ 31.217s] PARTIAL sanitized: removed hallucinated tail (А МДС я делал лейдинги. Очень много лейдингов. Так как у лейдингов обычно... -> А МДС я делал лейдинги. Очень много лейдингов. Так как у лейдингов обычно. ..)
[ 31.217s] LOWLAT allowed suspicious fragment: Так как у лейдингов обычно.
[ 31.672s] LOWLAT allowed suspicious fragment: Так как у лейдингов обычно нет сложности.
[ 31.842s] LOWLAT allowed suspicious fragment: Так как у лейдингов обычно нет служения лейдинга.
[ 32.638s] LOWLAT allowed suspicious fragment: Так как у лейдингов обычно нет сложной логики,
[ 32.800s] PARTIAL sanitized: removed hallucinated tail (Очень много лейдингов. Так как у лейдингов обычно нет сложной логики, то основной... -> Очень много лейдингов. Так как у лейдингов обычно нет сложной логики, то основной. ..)
[ 32.800s] LOWLAT allowed suspicious fragment: Так как у лейдингов обычно нет сложной логики,
[ 32.800s] LOWLAT sentence queued: Так как у лейдингов обычно нет сложной логики,
[ 33.139s] Translation time: 0.339 sec
[ 33.139s] TRANSLATED: Because the leidings don't usually have complex logic,
[ 33.525s] PARTIAL sanitized: removed hallucinated tail (очень много лайндингов. Так как у лайндингов обычно нет сложной логики, то основное влияние на... -> очень много лайндингов. Так как у лайндингов обычно нет сложной логики, то основное влияние на. ..)
[ 33.525s] LOWLAT allowed suspicious fragment: то основное влияние на.
[ 33.636s] TTS time: 0.256 sec
[ 33.636s] TTS audio ready: 2.61 sec
[ 34.353s] LOWLAT sentence queued: лайндингов обычно нет сложной логики,
[ 34.546s] PARTIAL sanitized: removed hallucinated tail (Так как у лайндингов обычно нет сложной логики, то основное влияние на производительность вызывает... -> Так как у лайндингов обычно нет сложной логики, то основное влияние на производительность вызывает. ..)
[ 34.546s] LOWLAT allowed suspicious fragment: то основное влияние на производительность вызывает.
[ 34.671s] Translation time: 0.318 sec
[ 34.671s] TRANSLATED: Lindings don't usually have complex logic,
[ 34.875s] LOWLAT allowed suspicious fragment: то основное влияние на производительность вызывает кодеку.
[ 35.055s] LOWLAT allowed suspicious fragment: то основное влияние на производительность вызывает критику.
[ 35.176s] TTS time: 0.264 sec
[ 35.176s] TTS audio ready: 2.31 sec
[ 35.222s] LOWLAT allowed suspicious fragment: то основное влияние на производительность вызывают картинки.
[ 35.390s] LOWLAT allowed suspicious fragment: то основное влияние на производительность вызывают картинки.
[ 35.390s] LOWLAT sentence queued: то основное влияние на производительность вызывают картинки.
[ 35.560s] LOWLAT allowed suspicious fragment: то основное влияние на производительность вызывают картинки.
[ 35.692s] Translation time: 0.302 sec
[ 35.692s] TRANSLATED: the main effect on productivity is caused by images.
[ 35.857s] TTS time: 0.164 sec
[ 35.857s] TTS audio ready: 3.18 sec
[ 37.037s] PARTIAL sanitized: removed hallucinated tail (логики, то основное влияние на производительность вызывают картинки. Сначала я пользовался без... -> логики, то основное влияние на производительность вызывают картинки. Сначала я пользовался без. ..)
[ 37.818s] LOWLAT sentence queued: Сначала я пользовался бесплатными сервисами.
[ 38.112s] Translation time: 0.295 sec
[ 38.112s] TRANSLATED: At first, I used free services.
[ 38.322s] TTS time: 0.210 sec
[ 38.322s] TTS audio ready: 1.92 sec
[ 39.104s] LOWLAT allowed suspicious fragment: но упирался то влияние.
[ 39.261s] PARTIAL sanitized: removed hallucinated tail (вызывают картинки. Сначала я пользовался бесплатными сервисами, но упирался то в лимит... -> вызывают картинки. Сначала я пользовался бесплатными сервисами, но упирался то в лимит. ..)
[ 39.261s] LOWLAT allowed suspicious fragment: но упирался то в лимит.
[ 39.562s] PARTIAL sanitized: removed hallucinated tail (вызывают картинки. Сначала я пользовался бесплатными сервисами, но опирался то в лимит, то в... -> вызывают картинки. Сначала я пользовался бесплатными сервисами, но опирался то в лимит, то в. ..)
[ 39.562s] LOWLAT allowed suspicious fragment: но опирался то в лимит,
[ 39.712s] LOWLAT allowed suspicious fragment: но опирался то в лимит,
[ 39.713s] LOWLAT sentence queued: но опирался то в лимит,
[ 39.887s] Translation time: 0.175 sec
[ 39.888s] TRANSLATED: But he kept himself within bounds,
[ 40.039s] LOWLAT allowed suspicious fragment: то в отсутствие юбилей.
[ 40.190s] LOWLAT allowed suspicious fragment: то в отсутствие гиперпетизма.
[ 40.303s] TTS time: 0.175 sec
[ 40.303s] TTS audio ready: 1.58 sec
[ 40.348s] LOWLAT allowed suspicious fragment: то в отсутствие гибкости.
[ 40.502s] LOWLAT allowed suspicious fragment: то в отсутствие гибкости.
[ 40.503s] LOWLAT sentence queued: то в отсутствие гибкости.
[ 40.843s] Translation time: 0.340 sec
[ 40.843s] TRANSLATED: There is no flexibility.
[ 41.002s] TTS time: 0.159 sec
[ 41.002s] TTS audio ready: 1.35 sec
[ 41.029s] FINAL raw: Сначала я пользовался бесплатными сервисами, но упирался то в лимит, то в отсутствие гибкости.
[ 41.029s] LOWLAT skipped source contained duplicate: Сначала я пользовался бесплатными сервисами, ~= Сначала я пользовался бесплатными сервисами.
[ 41.030s] LOWLAT sentence queued: упирался то в лимит,
[ 41.030s] FINAL cleanup dropped weak draft: Когда я работал в компании AMDase,
[ 41.031s] FINAL cleanup dropped weak return: лайндингов обычно нет сложной логики,
[ 41.032s] FINAL: Когда я работал в компании AMDase, я делал лейдинги. очень много лейдингов. Так как у лейдингов обычно нет сложной логики, то основное влияние на производительность вызывают картинки. Сначала я пользовался бесплатными сервисами. но опирался то в лимит, то в отсутствие гибкости. упирался то в лимит,
[ 41.194s] Translation time: 0.162 sec
[ 41.194s] TRANSLATED: and clung to the limit,
[ 41.207s] LOWLAT allowed suspicious fragment: то в отсутствие гибкости.
[ 41.610s] TTS time: 0.176 sec
[ 41.610s] TTS audio ready: 1.07 sec
[ 41.624s] PARTIAL sanitized: removed hallucinated tail (Я решил создать... -> Я решил создать. ..)
[ 41.852s] PARTIAL sanitized: removed hallucinated tail (И я решил создать... -> И я решил создать. ..)
[ 41.852s] LOWLAT allowed suspicious fragment: И я решил создать.
[ 41.968s] PARTIAL sanitized: removed hallucinated tail (и я решил создать свой... -> и я решил создать свой. ..)
[ 41.968s] LOWLAT allowed suspicious fragment: и я решил создать свой.
[ 42.231s] LOWLAT allowed suspicious fragment: и я решил создать свой язык.
[ 42.360s] LOWLAT allowed suspicious fragment: И я решил создать свой инструмент.
[ 42.966s] PARTIAL sanitized: removed hallucinated tail (И я решил создать свой инструмент, который... -> И я решил создать свой инструмент, который. ..)
[ 42.966s] LOWLAT allowed suspicious fragment: И я решил создать свой инструмент,
[ 43.089s] PARTIAL sanitized: removed hallucinated tail (И я решил создать свой инструмент, которым... -> И я решил создать свой инструмент, которым. ..)
[ 43.089s] LOWLAT allowed suspicious fragment: И я решил создать свой инструмент,
[ 43.089s] LOWLAT sentence queued: И я решил создать свой инструмент,
[ 43.242s] PARTIAL sanitized: removed hallucinated tail (И я решил создать свой инструмент, который мог... -> И я решил создать свой инструмент, который мог. ..)
[ 43.242s] LOWLAT allowed suspicious fragment: И я решил создать свой инструмент,
[ 43.242s] LOWLAT allowed suspicious fragment: который мог.
[ 43.384s] Translation time: 0.295 sec
[ 43.384s] TRANSLATED: And I decided to create my instrument,
[ 43.523s] PARTIAL sanitized: removed hallucinated tail (И я решил создать свой инструмент, которым активно... -> И я решил создать свой инструмент, которым активно. ..)
[ 43.523s] LOWLAT allowed suspicious fragment: которым активно.
[ 43.786s] TTS time: 0.161 sec
[ 43.786s] TTS audio ready: 2.19 sec
[ 43.791s] LOWLAT allowed suspicious fragment: которым активно пользуется.
[ 43.920s] LOWLAT allowed suspicious fragment: которым активно пользуюсь.
[ 44.187s] LOWLAT allowed suspicious fragment: которым активно пользуюсь в достижении.
[ 44.331s] LOWLAT allowed suspicious fragment: которым активно пользуюсь до сих пор.
[ 45.316s] LOWLAT allowed suspicious fragment: которым активно пользуюсь до сих пор,
[ 45.460s] LOWLAT allowed suspicious fragment: которым активно пользуюсь до сих пор,
[ 45.460s] LOWLAT sentence queued: которым активно пользуюсь до сих пор,
[ 45.460s] RU2EN source rewrite before translation: которым активно пользуюсь до сих пор, -> я активно пользуюсь этим до сих пор,
[ 45.630s] PARTIAL sanitized: removed hallucinated tail (И я решил создать свой инструмент, которым активно пользуюсь до сих пор, который помог мне не... -> И я решил создать свой инструмент, которым активно пользуюсь до сих пор, который помог мне не. ..)
[ 45.630s] LOWLAT allowed suspicious fragment: которым активно пользуюсь до сих пор,
[ 45.630s] LOWLAT allowed suspicious fragment: который помог мне не.
[ 45.760s] Translation time: 0.299 sec
[ 45.760s] TRANSLATED: I've been using it very actively so far,
[ 45.791s] LOWLAT allowed suspicious fragment: который помог мне невероятно.
[ 46.245s] TTS time: 0.245 sec
[ 46.245s] TTS audio ready: 2.26 sec
[ 46.283s] LOWLAT allowed suspicious fragment: который помог мне невероятно быстро.
[ 46.715s] LOWLAT allowed suspicious fragment: который помог мне невероятно быстро ускорить.
[ 47.150s] LOWLAT allowed suspicious fragment: который помог мне невероятно быстро ускорить работу.
[ 47.454s] LOWLAT allowed suspicious fragment: который помог мне невероятно быстро ускорить работу.
[ 47.454s] LOWLAT sentence queued: который помог мне невероятно быстро ускорить работу.
[ 47.802s] FINAL raw: которым активно пользуюсь до сих пор, который помог мне невероятно быстро ускорить работу.
[ 47.802s] LOWLAT sentence stream: no new segments (final=True)
[ 47.803s] FINAL: И я решил создать свой инструмент, которым активно пользуюсь до сих пор, который помог мне невероятно быстро ускорить работу.
[ 47.820s] Translation time: 0.365 sec
[ 47.820s] TRANSLATED: The one who helped me speed up my work in an incredibly fast way.
[ 47.947s] TTS time: 0.127 sec
[ 47.947s] TTS audio ready: 3.27 sec
