[  0.000s] Loading translation model: RU -> EN ...
[  3.471s] Loading TTS voice: en_US-ryan-medium ...
[  6.136s] Runtime prewarm started
[  6.136s] Runtime prewarm ready
[  7.442s] LOWLAT sentence queued: Всем привет!
[  7.734s] PARTIAL sanitized: removed hallucinated tail (Всем привет! Меня зовут... -> Всем привет! Меня зовут. ..)
[  8.416s] LOWLAT sentence queued: меня зовут Ярослав.
[  8.556s] Translation time: 1.114 sec
[  8.556s] TRANSLATED: Hey, everybody!
[  8.861s] Translation time: 0.305 sec
[  8.861s] TRANSLATED: My name is Jaroslav.
[  9.540s] TTS time: 0.923 sec
[  9.540s] TTS audio ready: 1.10 sec
[  9.800s] TTS time: 0.199 sec
[  9.800s] TTS audio ready: 1.29 sec
[  9.813s] LOWLAT sentence queued: мне 26 лет,
[  9.978s] Translation time: 0.165 sec
[  9.978s] TRANSLATED: I'm 26 years old,
[ 10.226s] TTS time: 0.187 sec
[ 10.226s] TTS audio ready: 1.39 sec
[ 10.942s] FINAL: Всем привет, меня зовут Ярослав, мне 26 лет, я из Украины.
[ 10.945s] LOWLAT sentence queued: я из Украины.
[ 10.991s] Translation time: 0.045 sec
[ 10.991s] TRANSLATED: I'm from Ukraine.
[ 11.169s] TTS time: 0.118 sec
[ 11.169s] TTS audio ready: 0.91 sec
[ 11.385s] PARTIAL sanitized: removed hallucinated tail (Сейчас мы... -> Сейчас мы. ..)
[ 12.125s] PARTIAL sanitized: removed hallucinated tail (Сейчас мы общаемся через... -> Сейчас мы общаемся через. ..)
[ 14.558s] FINAL: Сейчас мы общаемся через мой переводчик в реальном времени.
[ 14.558s] LOWLAT sentence queued: Сейчас мы общаемся через мой переводчик в реальном времени.
[ 14.631s] Translation time: 0.073 sec
[ 14.631s] TRANSLATED: Now we're talking through my translator in real time.
[ 14.817s] TTS time: 0.126 sec
[ 14.817s] TTS audio ready: 2.52 sec
[ 15.031s] PARTIAL sanitized: removed hallucinated tail (И я вас... -> И я вас. ..)
[ 15.513s] PARTIAL sanitized: removed hallucinated tail (Я его создал для... -> Я его создал для. ..)
[ 18.318s] PARTIAL sanitized: removed hallucinated tail (Я его создал для помощи в преодолении языкового барьера, так как... -> Я его создал для помощи в преодолении языкового барьера, так как. ..)
[ 18.460s] PARTIAL sanitized: removed hallucinated tail (Я его создал для помощи в преодолении языкового барьера, так как мы... -> Я его создал для помощи в преодолении языкового барьера, так как мы. ..)
[ 18.460s] LOWLAT sentence queued: Я его создал для помощи в преодолении языкового барьера,
[ 18.762s] Translation time: 0.302 sec
[ 18.762s] TRANSLATED: I created it to help overcome the language barrier,
[ 19.051s] TTS time: 0.228 sec
[ 19.051s] TTS audio ready: 2.59 sec
[ 20.159s] LOWLAT sentence queued: так как мой английский слабее уровня комфорта.
[ 20.446s] Translation time: 0.286 sec
[ 20.446s] TRANSLATED: Because my English is weaker than my comfort level.
[ 20.756s] TTS time: 0.248 sec
[ 20.756s] TTS audio ready: 2.24 sec
[ 20.800s] LOWLAT sentence queued: так как мой английский слабее уровня комфортного общения.
[ 21.097s] Translation time: 0.297 sec
[ 21.097s] TRANSLATED skipped: duplicate
[ 21.285s] FINAL: преодоление языкового барьера, так как мой английский слабее уровня комфортного общения.
[ 21.288s] RUEN reconstructed final: Я его создал для помощи в преодолении языкового барьера, так как мой английский слабее уровня комфортного общения.
[ 21.288s] LOWLAT sentence stream: no new segments (final=True)
[ 22.572s] PARTIAL sanitized: removed hallucinated tail (Также у меня есть еще... -> Также у меня есть еще. ..)
[ 24.237s] PARTIAL sanitized: removed hallucinated tail (Также у меня есть еще один пэт проект. Это проект... -> Также у меня есть еще один пэт проект. Это проект. ..)
[ 24.369s] PARTIAL sanitized: removed hallucinated tail (Также у меня есть еще один пэт проект. Это проект для... -> Также у меня есть еще один пэт проект. Это проект для. ..)
[ 24.369s] LOWLAT sentence queued: Также у меня есть еще один пэт проект.
[ 24.676s] Translation time: 0.307 sec
[ 24.676s] TRANSLATED: I also have another Pat project.
[ 24.938s] TTS time: 0.201 sec
[ 24.938s] TTS audio ready: 1.75 sec
[ 26.257s] FINAL: Также у меня есть еще один пэт проект. Это проект для конвертации изображений.
[ 26.259s] LOWLAT sentence queued: Это проект для конвертации изображений.
[ 26.319s] Translation time: 0.060 sec
[ 26.319s] TRANSLATED: It's a project to convert images.
[ 26.502s] TTS time: 0.123 sec
[ 26.502s] TTS audio ready: 1.83 sec
[ 28.543s] LOWLAT sentence queued: Когда я работал в компании AMD,
[ 28.694s] PARTIAL sanitized: removed hallucinated tail (Когда я работал в компании AMDase, я... -> Когда я работал в компании AMDase, я. ..)
[ 28.833s] Translation time: 0.290 sec
[ 28.833s] TRANSLATED: When I was working for AMD,
[ 29.063s] TTS time: 0.169 sec
[ 29.063s] TTS audio ready: 1.44 sec
[ 30.817s] PARTIAL sanitized: removed hallucinated tail (Когда я работал в компании AMDays, я делал лендинги. Очень много... -> Когда я работал в компании AMDays, я делал лендинги. Очень много. ..)
[ 31.845s] FINAL: Когда я работал в компании AMDays я делал лендинги. Очень много лендингов.
[ 31.847s] LOWLAT sentence queued: AMDays я делал лендинги.
[ 31.847s] LOWLAT sentence queued: Очень много лендингов.
[ 31.927s] Translation time: 0.080 sec
[ 31.927s] TRANSLATED: AmDays, I was doing a little landing.
[ 31.988s] Translation time: 0.061 sec
[ 31.988s] TRANSLATED: There's a lot of landings.
[ 32.109s] TTS time: 0.121 sec
[ 32.109s] TTS audio ready: 2.09 sec
[ 32.287s] TTS time: 0.119 sec
[ 32.287s] TTS audio ready: 1.15 sec
[ 34.754s] LOWLAT sentence queued: Так как у лейдингов обычно нет сложной логики,
[ 35.173s] Translation time: 0.419 sec
[ 35.173s] TRANSLATED: Because the leidings don't usually have complex logic,
[ 35.465s] TTS time: 0.231 sec
[ 35.465s] TTS audio ready: 2.73 sec
[ 36.090s] PARTIAL sanitized: removed hallucinated tail (Так как у лейдингов обычно нет сложной логики, то основное влияние на... -> Так как у лейдингов обычно нет сложной логики, то основное влияние на. ..)
[ 36.239s] PARTIAL sanitized: removed hallucinated tail (Так как у лейдингов обычно нет сложной логики, то основное влияние на проявление... -> Так как у лейдингов обычно нет сложной логики, то основное влияние на проявление. ..)
[ 38.314s] LOWLAT sentence queued: то основное влияние на производительность вызывают картинки.
[ 38.612s] Translation time: 0.297 sec
[ 38.612s] TRANSLATED: the main effect on productivity is caused by images.
[ 38.896s] TTS time: 0.223 sec
[ 38.896s] TTS audio ready: 3.36 sec
[ 40.486s] LOWLAT sentence queued: Сначала я пользовался бесплатными системами.
[ 40.667s] Translation time: 0.181 sec
[ 40.667s] TRANSLATED: At first, I used free systems.
[ 40.809s] LOWLAT sentence queued: Сначала я пользовался бесплатными сервисами.
[ 40.943s] TTS time: 0.216 sec
[ 40.943s] TTS audio ready: 1.83 sec
[ 41.085s] Translation time: 0.275 sec
[ 41.085s] TRANSLATED: At first, I used free services.
[ 41.388s] TTS time: 0.242 sec
[ 41.388s] TTS audio ready: 1.87 sec
[ 43.872s] FINAL: Сначала я пользовался бесплатными сервисами, но опирался то в лимит, то в отсутствие гибкости.
[ 43.875s] LOWLAT sentence queued: но опирался то в лимит,
[ 43.876s] LOWLAT sentence queued: в отсутствие гибкости.
[ 44.057s] Translation time: 0.182 sec
[ 44.057s] TRANSLATED: But he kept himself within bounds,
[ 44.111s] Translation time: 0.053 sec
[ 44.111s] TRANSLATED: in the absence of flexibility.
[ 44.118s] TTS merged batch: 2 chunks
[ 44.242s] TTS time: 0.124 sec
[ 44.242s] TTS audio ready: 3.33 sec
[ 44.598s] PARTIAL sanitized: removed hallucinated tail (Я решил... -> Я решил. ..)
[ 44.859s] PARTIAL sanitized: removed hallucinated tail (Я решил создать... -> Я решил создать. ..)
[ 46.100s] PARTIAL sanitized: removed hallucinated tail (Я решил создать свой инструмент, который... -> Я решил создать свой инструмент, который. ..)
[ 46.227s] PARTIAL sanitized: removed hallucinated tail (Я решил создать свой инструмент, которым... -> Я решил создать свой инструмент, которым. ..)
[ 46.227s] LOWLAT sentence queued: Я решил создать свой инструмент,
[ 46.518s] Translation time: 0.291 sec
[ 46.518s] TRANSLATED: I've decided to create my instrument,
[ 46.754s] TTS time: 0.175 sec
[ 46.754s] TTS audio ready: 1.92 sec
[ 48.149s] FINAL: Я решил создать свой инструмент, которым активно пользуюсь до сих пор.
[ 48.150s] LOWLAT sentence queued: которым активно пользуюсь до сих пор.
[ 48.332s] Translation time: 0.182 sec
[ 48.332s] TRANSLATED: I've been using it so far.
[ 48.513s] TTS time: 0.121 sec
[ 48.513s] TTS audio ready: 1.47 sec
[ 49.802s] PARTIAL sanitized: removed hallucinated tail (который помог мне невероятно б... -> который помог мне невероятно б. ..)
[ 51.467s] FINAL: который помог мне невероятно быстро ускорить работу.
[ 51.468s] LOWLAT sentence queued: Который помог мне невероятно быстро ускорить работу.
[ 51.686s] Translation time: 0.218 sec
[ 51.686s] TRANSLATED: Who helped me speed up my work in an incredibly fast way.
[ 51.874s] TTS time: 0.128 sec
[ 51.874s] TTS audio ready: 2.89 sec
