[  0.000s] Loading translation model: RU -> EN ...
[  3.455s] Loading TTS voice: en_US-ryan-medium ...
[  6.323s] Runtime prewarm started
[  6.323s] Runtime prewarm ready
[  7.601s] LOWLAT sentence queued: Всем привет!
[  7.872s] PARTIAL sanitized: removed hallucinated tail (Всем привет! Меня зовут... -> Всем привет! Меня зовут. ..)
[  8.490s] LOWLAT sentence queued: меня зовут Ярослав.
[  8.731s] Translation time: 1.129 sec
[  8.731s] TRANSLATED: Hey, everybody!
[  9.025s] Translation time: 0.294 sec
[  9.025s] TRANSLATED: My name is Jaroslav.
[  9.838s] TTS time: 1.046 sec
[  9.838s] TTS audio ready: 1.02 sec
[  9.993s] LOWLAT sentence queued: мне 26 лет,
[ 10.115s] TTS time: 0.217 sec
[ 10.115s] TTS audio ready: 1.34 sec
[ 10.171s] Translation time: 0.178 sec
[ 10.171s] TRANSLATED: I'm 26 years old,
[ 10.410s] TTS time: 0.179 sec
[ 10.410s] TTS audio ready: 1.29 sec
[ 11.120s] FINAL: Всем привет, меня зовут Ярослав, мне 26 лет, я из Украины.
[ 11.124s] LOWLAT sentence queued: я из Украины.
[ 11.171s] Translation time: 0.047 sec
[ 11.171s] TRANSLATED: I'm from Ukraine.
[ 11.353s] TTS time: 0.122 sec
[ 11.353s] TTS audio ready: 0.91 sec
[ 11.567s] PARTIAL sanitized: removed hallucinated tail (Сейчас мы... -> Сейчас мы. ..)
[ 12.291s] PARTIAL sanitized: removed hallucinated tail (Сейчас мы общаемся через... -> Сейчас мы общаемся через. ..)
[ 14.728s] FINAL: Сейчас мы общаемся через мой переводчик в реальном времени.
[ 14.729s] LOWLAT sentence queued: Сейчас мы общаемся через мой переводчик в реальном времени.
[ 14.803s] Translation time: 0.075 sec
[ 14.803s] TRANSLATED: Now we're talking through my translator in real time.
[ 14.993s] TTS time: 0.129 sec
[ 14.993s] TTS audio ready: 2.48 sec
[ 15.170s] PARTIAL sanitized: removed hallucinated tail (И я вас... -> И я вас. ..)
[ 15.677s] PARTIAL sanitized: removed hallucinated tail (Я его создал для... -> Я его создал для. ..)
[ 18.549s] PARTIAL sanitized: removed hallucinated tail (Я его создал для помощи в преодолении языкового барьера, так как мы... -> Я его создал для помощи в преодолении языкового барьера, так как мы. ..)
[ 18.689s] LOWLAT sentence queued: Я его создал для помощи в преодолении языкового барьера,
[ 18.983s] Translation time: 0.294 sec
[ 18.983s] TRANSLATED: I created it to help overcome the language barrier,
[ 19.280s] TTS time: 0.237 sec
[ 19.280s] TTS audio ready: 2.65 sec
[ 20.370s] LOWLAT sentence queued: так как мой английский слабее уровня комфорта.
[ 20.559s] Translation time: 0.188 sec
[ 20.559s] TRANSLATED: Because my English is weaker than my comfort level.
[ 20.821s] TTS time: 0.202 sec
[ 20.821s] TTS audio ready: 2.30 sec
[ 20.867s] LOWLAT sentence queued: так как мой английский слабее уровня комфортного общения.
[ 21.170s] Translation time: 0.303 sec
[ 21.170s] TRANSLATED skipped: duplicate
[ 21.347s] FINAL: преодоление языкового барьера, так как мой английский слабее уровня комфортного общения.
[ 21.351s] RUEN reconstructed final: Я его создал для помощи в преодолении языкового барьера, так как мой английский слабее уровня комфортного общения.
[ 21.351s] LOWLAT sentence stream: no new segments (final=True)
[ 22.714s] PARTIAL sanitized: removed hallucinated tail (Также у меня есть еще... -> Также у меня есть еще. ..)
[ 24.341s] PARTIAL sanitized: removed hallucinated tail (Также у меня есть еще один пэт проект. Это проект... -> Также у меня есть еще один пэт проект. Это проект. ..)
[ 24.478s] PARTIAL sanitized: removed hallucinated tail (Также у меня есть еще один пэт проект. Это проект для... -> Также у меня есть еще один пэт проект. Это проект для. ..)
[ 24.478s] LOWLAT sentence queued: Также у меня есть еще один пэт проект.
[ 24.763s] Translation time: 0.285 sec
[ 24.763s] TRANSLATED: I also have another Pat project.
[ 25.045s] TTS time: 0.221 sec
[ 25.045s] TTS audio ready: 1.76 sec
[ 26.323s] FINAL: Также у меня есть еще один пэт проект. Это проект для конвертации изображений.
[ 26.325s] LOWLAT sentence queued: Это проект для конвертации изображений.
[ 26.382s] Translation time: 0.056 sec
[ 26.382s] TRANSLATED: It's a project to convert images.
[ 26.574s] TTS time: 0.133 sec
[ 26.574s] TTS audio ready: 1.95 sec
[ 28.775s] PARTIAL sanitized: removed hallucinated tail (Когда я работал в компании AMDase, я... -> Когда я работал в компании AMDase, я. ..)
[ 30.890s] PARTIAL sanitized: removed hallucinated tail (Когда я работал в компании AMDays, я делал лендинги. Очень много... -> Когда я работал в компании AMDays, я делал лендинги. Очень много. ..)
[ 31.903s] FINAL: Когда я работал в компании AMDays я делал лендинги. Очень много лендингов.
[ 31.905s] LOWLAT sentence queued: Когда я работал в компании AMDays я делал лендинги.
[ 31.905s] LOWLAT sentence queued: Очень много лендингов.
[ 32.012s] Translation time: 0.107 sec
[ 32.012s] TRANSLATED: When I was working for the AmDays company, I was doing a longing.
[ 32.073s] Translation time: 0.061 sec
[ 32.073s] TRANSLATED: There's a lot of landings.
[ 32.199s] TTS time: 0.127 sec
[ 32.199s] TTS audio ready: 3.02 sec
[ 32.386s] TTS time: 0.127 sec
[ 32.386s] TTS audio ready: 1.20 sec
[ 34.832s] LOWLAT sentence queued: Так как у лейдингов обычно нет сложной логики,
[ 35.146s] Translation time: 0.314 sec
[ 35.146s] TRANSLATED: Because the leidings don't usually have complex logic,
[ 35.385s] TTS time: 0.178 sec
[ 35.385s] TTS audio ready: 2.75 sec
[ 36.277s] PARTIAL sanitized: removed hallucinated tail (Так как у лейдингов обычно нет сложной логики, то основное влияние на проявление... -> Так как у лейдингов обычно нет сложной логики, то основное влияние на проявление. ..)
[ 38.442s] LOWLAT sentence queued: то основное влияние на производительность вызывают картинки.
[ 38.727s] Translation time: 0.285 sec
[ 38.727s] TRANSLATED: the main effect on productivity is caused by images.
[ 39.018s] TTS time: 0.231 sec
[ 39.018s] TTS audio ready: 3.12 sec
[ 40.606s] LOWLAT sentence queued: Сначала я пользовался бесплатными системами.
[ 40.797s] Translation time: 0.190 sec
[ 40.797s] TRANSLATED: At first, I used free systems.
[ 40.936s] LOWLAT sentence queued: Сначала я пользовался бесплатными сервисами.
[ 41.062s] TTS time: 0.205 sec
[ 41.062s] TTS audio ready: 1.82 sec
[ 41.218s] Translation time: 0.283 sec
[ 41.218s] TRANSLATED: At first, I used free services.
[ 41.503s] TTS time: 0.224 sec
[ 41.503s] TTS audio ready: 1.85 sec
[ 43.991s] FINAL: Сначала я пользовался бесплатными сервисами, но опирался то в лимит, то в отсутствие гибкости.
[ 43.994s] LOWLAT sentence queued: но опирался то в лимит,
[ 43.994s] LOWLAT sentence queued: в отсутствие гибкости.
[ 44.172s] Translation time: 0.178 sec
[ 44.172s] TRANSLATED: But he kept himself within bounds,
[ 44.222s] Translation time: 0.051 sec
[ 44.223s] TRANSLATED: in the absence of flexibility.
[ 44.232s] TTS merged batch: 2 chunks
[ 44.357s] TTS time: 0.125 sec
[ 44.357s] TTS audio ready: 3.31 sec
[ 44.737s] PARTIAL sanitized: removed hallucinated tail (Я решил... -> Я решил. ..)
[ 44.993s] PARTIAL sanitized: removed hallucinated tail (Я решил создать... -> Я решил создать. ..)
[ 46.226s] PARTIAL sanitized: removed hallucinated tail (Я решил создать свой инструмент, который... -> Я решил создать свой инструмент, который. ..)
[ 46.350s] PARTIAL sanitized: removed hallucinated tail (Я решил создать свой инструмент, которым... -> Я решил создать свой инструмент, которым. ..)
[ 46.350s] LOWLAT sentence queued: Я решил создать свой инструмент,
[ 46.638s] Translation time: 0.288 sec
[ 46.638s] TRANSLATED: I've decided to create my instrument,
[ 46.882s] TTS time: 0.180 sec
[ 46.882s] TTS audio ready: 1.93 sec
[ 48.405s] FINAL: Я решил создать свой инструмент, которым активно пользуюсь до сих пор.
[ 48.407s] LOWLAT sentence queued: которым активно пользуюсь до сих пор.
[ 48.474s] Translation time: 0.067 sec
[ 48.474s] TRANSLATED: I've been using it so far.
[ 48.655s] TTS time: 0.121 sec
[ 48.655s] TTS audio ready: 1.46 sec
[ 49.933s] PARTIAL sanitized: removed hallucinated tail (который помог мне невероятно б... -> который помог мне невероятно б. ..)
[ 51.590s] FINAL: который помог мне невероятно быстро ускорить работу.
[ 51.591s] LOWLAT sentence queued: Который помог мне невероятно быстро ускорить работу.
[ 51.809s] Translation time: 0.217 sec
[ 51.809s] TRANSLATED: Who helped me speed up my work in an incredibly fast way.
[ 52.000s] TTS time: 0.131 sec
[ 52.000s] TTS audio ready: 2.73 sec
