[  0.000s] Loading translation model: RU -> EN ...
[  3.338s] Loading TTS voice: en_US-ryan-medium ...
[  6.386s] Runtime prewarm started
[  6.386s] Runtime prewarm ready
[  7.667s] LOWLAT sentence queued: Всем привет!
[  7.945s] PARTIAL sanitized: removed hallucinated tail (Всем привет! Меня зовут... -> Всем привет! Меня зовут. ..)
[  8.599s] LOWLAT sentence queued: меня зовут Ярослав.
[  8.847s] Translation time: 1.179 sec
[  8.847s] TRANSLATED: Hey, everybody!
[  9.017s] Translation time: 0.170 sec
[  9.017s] TRANSLATED: My name is Jaroslav.
[ 10.095s] TTS time: 1.187 sec
[ 10.095s] TTS audio ready: 0.85 sec
[ 10.126s] LOWLAT sentence queued: мне 26 лет,
[ 10.300s] Translation time: 0.174 sec
[ 10.300s] TRANSLATED: I'm 26 years old,
[ 10.413s] TTS time: 0.256 sec
[ 10.413s] TTS audio ready: 1.38 sec
[ 10.698s] TTS time: 0.224 sec
[ 10.698s] TTS audio ready: 1.45 sec
[ 11.143s] FINAL: Всем привет, меня зовут Ярослав, мне 26 лет, я из Украины.
[ 11.147s] LOWLAT sentence queued: я из Украины.
[ 11.188s] Translation time: 0.041 sec
[ 11.188s] TRANSLATED: I'm from Ukraine.
[ 11.368s] TTS time: 0.120 sec
[ 11.368s] TTS audio ready: 0.93 sec
[ 11.587s] PARTIAL sanitized: removed hallucinated tail (Сейчас мы... -> Сейчас мы. ..)
[ 12.319s] PARTIAL sanitized: removed hallucinated tail (Сейчас мы общаемся через... -> Сейчас мы общаемся через. ..)
[ 14.776s] FINAL: Сейчас мы общаемся через мой переводчик в реальном времени.
[ 14.777s] LOWLAT sentence queued: Сейчас мы общаемся через мой переводчик в реальном времени.
[ 14.847s] Translation time: 0.070 sec
[ 14.847s] TRANSLATED: Now we're talking through my translator in real time.
[ 15.030s] TTS time: 0.123 sec
[ 15.030s] TTS audio ready: 2.65 sec
[ 15.218s] PARTIAL sanitized: removed hallucinated tail (И я вас... -> И я вас. ..)
[ 15.704s] PARTIAL sanitized: removed hallucinated tail (Я его создал для... -> Я его создал для. ..)
[ 18.491s] PARTIAL sanitized: removed hallucinated tail (Я его создал для помощи в преодолении языкового барьера, так как... -> Я его создал для помощи в преодолении языкового барьера, так как. ..)
[ 18.632s] PARTIAL sanitized: removed hallucinated tail (Я его создал для помощи в преодолении языкового барьера, так как мы... -> Я его создал для помощи в преодолении языкового барьера, так как мы. ..)
[ 18.633s] LOWLAT sentence queued: Я его создал для помощи в преодолении языкового барьера,
[ 18.924s] Translation time: 0.292 sec
[ 18.924s] TRANSLATED: I created it to help overcome the language barrier,
[ 19.224s] TTS time: 0.238 sec
[ 19.224s] TTS audio ready: 2.59 sec
[ 20.967s] LOWLAT sentence queued: так как мой английский слабее уровня комфортного общения.
[ 21.277s] Translation time: 0.310 sec
[ 21.277s] TRANSLATED: Because my English is weaker than my comfort level.
[ 21.465s] FINAL: преодоление языкового барьера, так как мой английский слабее уровня комфортного общения.
[ 21.467s] RUEN reconstructed final: Я его создал для помощи в преодолении языкового барьера, так как мой английский слабее уровня комфортного общения.
[ 21.467s] LOWLAT sentence stream: no new segments (final=True)
[ 21.579s] TTS time: 0.241 sec
[ 21.579s] TTS audio ready: 2.31 sec
[ 22.781s] PARTIAL sanitized: removed hallucinated tail (Также у меня есть еще... -> Также у меня есть еще. ..)
[ 24.411s] PARTIAL sanitized: removed hallucinated tail (Также у меня есть еще один пэт проект. Это проект... -> Также у меня есть еще один пэт проект. Это проект. ..)
[ 24.548s] PARTIAL sanitized: removed hallucinated tail (Также у меня есть еще один пэт проект. Это проект для... -> Также у меня есть еще один пэт проект. Это проект для. ..)
[ 24.548s] LOWLAT sentence queued: Также у меня есть еще один пэт проект.
[ 24.832s] Translation time: 0.284 sec
[ 24.832s] TRANSLATED: I also have another Pat project.
[ 25.117s] TTS time: 0.219 sec
[ 25.117s] TTS audio ready: 1.78 sec
[ 26.407s] FINAL: Также у меня есть еще один пэт проект. Это проект для конвертации изображений.
[ 26.409s] LOWLAT sentence queued: Это проект для конвертации изображений.
[ 26.466s] Translation time: 0.057 sec
[ 26.466s] TRANSLATED: It's a project to convert images.
[ 26.648s] TTS time: 0.122 sec
[ 26.648s] TTS audio ready: 1.86 sec
[ 28.726s] LOWLAT sentence queued: Когда я работал в компании AMD,
[ 28.875s] PARTIAL sanitized: removed hallucinated tail (Когда я работал в компании AMDase, я... -> Когда я работал в компании AMDase, я. ..)
[ 29.030s] Translation time: 0.304 sec
[ 29.030s] TRANSLATED: When I was working for AMD,
[ 29.256s] TTS time: 0.163 sec
[ 29.256s] TTS audio ready: 1.40 sec
[ 31.009s] PARTIAL sanitized: removed hallucinated tail (Когда я работал в компании AMDays, я делал лендинги. Очень много... -> Когда я работал в компании AMDays, я делал лендинги. Очень много. ..)
[ 31.153s] LOWLAT sentence queued: я делал лендинги.
[ 31.445s] Translation time: 0.293 sec
[ 31.445s] TRANSLATED: I've been making the landings.
[ 31.746s] TTS time: 0.240 sec
[ 31.746s] TTS audio ready: 1.36 sec
[ 31.936s] FINAL: Когда я работал в компании AMDays я делал лендинги. Очень много лендингов.
[ 31.938s] RUEN reconstructed final: Когда я работал в компании AMD. Когда я работал в компании AMDays я делал лендинги., Очень много лендингов.
[ 31.938s] LOWLAT source refinement: я делал лендинги. -> AMDays я делал лендинги.
[ 31.938s] LOWLAT sentence queued: Очень много лендингов.
[ 32.122s] Translation time: 0.184 sec
[ 32.122s] TRANSLATED: There's a lot of landings.
[ 32.300s] TTS time: 0.118 sec
[ 32.300s] TTS audio ready: 1.23 sec
[ 34.936s] LOWLAT sentence queued: Так как у лейдингов обычно нет сложной логики,
[ 35.254s] Translation time: 0.317 sec
[ 35.254s] TRANSLATED: Because the leidings don't usually have complex logic,
[ 35.516s] TTS time: 0.202 sec
[ 35.516s] TTS audio ready: 2.79 sec
[ 36.374s] PARTIAL sanitized: removed hallucinated tail (Так как у лейдингов обычно нет сложной логики, то основное влияние на... -> Так как у лейдингов обычно нет сложной логики, то основное влияние на. ..)
[ 38.599s] LOWLAT sentence queued: то основное влияние на производительность вызывают картинки.
[ 38.887s] Translation time: 0.287 sec
[ 38.887s] TRANSLATED: the main effect on productivity is caused by images.
[ 39.183s] TTS time: 0.236 sec
[ 39.183s] TTS audio ready: 3.15 sec
[ 41.077s] LOWLAT sentence queued: Сначала я пользовался бесплатными сервисами.
[ 41.255s] Translation time: 0.177 sec
[ 41.255s] TRANSLATED: At first, I used free services.
[ 41.511s] TTS time: 0.195 sec
[ 41.511s] TTS audio ready: 1.89 sec
[ 43.204s] LOWLAT sentence queued: но упирался то в лимит,
[ 43.383s] Translation time: 0.179 sec
[ 43.383s] TRANSLATED: But he fell into a bounds,
[ 43.663s] TTS time: 0.219 sec
[ 43.663s] TTS audio ready: 1.38 sec
[ 44.192s] FINAL: Сначала я пользовался бесплатными сервисами, но опирался то в лимит, то в отсутствие гибкости.
[ 44.194s] LOWLAT source refinement: но упирался то в лимит, -> опирался то в лимит,
[ 44.195s] LOWLAT sentence queued: в отсутствие гибкости.
[ 44.246s] Translation time: 0.052 sec
[ 44.246s] TRANSLATED: in the absence of flexibility.
[ 44.429s] TTS time: 0.122 sec
[ 44.429s] TTS audio ready: 1.74 sec
[ 44.847s] PARTIAL sanitized: removed hallucinated tail (Я решил... -> Я решил. ..)
[ 45.073s] PARTIAL sanitized: removed hallucinated tail (Я решил создать... -> Я решил создать. ..)
[ 46.339s] PARTIAL sanitized: removed hallucinated tail (Я решил создать свой инструмент, который... -> Я решил создать свой инструмент, который. ..)
[ 46.464s] PARTIAL sanitized: removed hallucinated tail (Я решил создать свой инструмент, которым... -> Я решил создать свой инструмент, которым. ..)
[ 46.464s] LOWLAT sentence queued: Я решил создать свой инструмент,
[ 46.762s] Translation time: 0.298 sec
[ 46.762s] TRANSLATED: I've decided to create my instrument,
[ 46.997s] TTS time: 0.174 sec
[ 46.997s] TTS audio ready: 1.85 sec
[ 48.389s] FINAL: Я решил создать свой инструмент, которым активно пользуюсь до сих пор.
[ 48.391s] LOWLAT sentence queued: которым активно пользуюсь до сих пор.
[ 48.573s] Translation time: 0.182 sec
[ 48.573s] TRANSLATED: I've been using it so far.
[ 48.764s] TTS time: 0.130 sec
[ 48.764s] TTS audio ready: 1.46 sec
[ 50.023s] PARTIAL sanitized: removed hallucinated tail (который помог мне невероятно б... -> который помог мне невероятно б. ..)
[ 51.691s] FINAL: который помог мне невероятно быстро ускорить работу.
[ 51.692s] LOWLAT sentence queued: Который помог мне невероятно быстро ускорить работу.
[ 51.913s] Translation time: 0.221 sec
[ 51.913s] TRANSLATED: Who helped me speed up my work in an incredibly fast way.
[ 52.099s] TTS time: 0.125 sec
[ 52.099s] TTS audio ready: 2.74 sec
