[  0.000s] Loading translation model: RU -> EN ...
[  3.522s] Loading TTS voice: en_US-ryan-medium ...
[  6.652s] Runtime prewarm started
[  6.652s] Runtime prewarm ready
[  7.712s] LOWLAT sentence queued: Всем привет!
[  7.949s] PARTIAL sanitized: removed hallucinated tail (Всем привет, меня зовут... -> Всем привет, меня зовут. ..)
[  8.850s] Translation time: 1.138 sec
[  8.850s] TRANSLATED: Hey, everybody!
[  9.128s] LOWLAT sentence queued: меня зовут Ярослав,
[  9.432s] Translation time: 0.303 sec
[  9.432s] TRANSLATED: My name is Jaroslav,
[  9.858s] LOWLAT sentence queued: мне 26 лет,
[  9.991s] TTS time: 1.140 sec
[  9.991s] TTS audio ready: 1.08 sec
[ 10.133s] Translation time: 0.275 sec
[ 10.133s] TRANSLATED: I'm 26 years old,
[ 10.133s] TTS continuation merged: 2 chunks
[ 10.293s] TTS time: 0.160 sec
[ 10.293s] TTS audio ready: 2.65 sec
[ 11.399s] LOWLAT sentence queued: я из Украины.
[ 11.561s] Translation time: 0.161 sec
[ 11.561s] TRANSLATED: I'm from Ukraine.
[ 11.571s] PARTIAL sanitized: removed hallucinated tail (Всем привет, меня зовут Ярослав, мне 26 лет, я из Украины. Сейчас мы общаемся... -> Всем привет, меня зовут Ярослав, мне 26 лет, я из Украины. Сейчас мы общаемся. ..)
[ 11.716s] TTS time: 0.155 sec
[ 11.716s] TTS audio ready: 0.85 sec
[ 11.725s] PARTIAL sanitized: removed hallucinated tail (Всем привет, меня зовут Ярослав, мне 26 лет, я из Украины. Сейчас мы общаемся через... -> Всем привет, меня зовут Ярослав, мне 26 лет, я из Украины. Сейчас мы общаемся через. ..)
[ 12.026s] PARTIAL sanitized: removed hallucinated tail (Всем привет, меня зовут Ярослав, мне 26 лет, я из Украины. Сейчас мы общаемся через мой... -> Всем привет, меня зовут Ярослав, мне 26 лет, я из Украины. Сейчас мы общаемся через мой. ..)
[ 12.651s] LOWLAT sentence queued: Сейчас мы общаемся через мой переводчик.
[ 12.943s] Translation time: 0.291 sec
[ 12.943s] TRANSLATED: Now we're talking through my interpreter.
[ 12.984s] PARTIAL sanitized: removed hallucinated tail (Меня зовут Ярослав, мне 26 лет, я из Украины. Сейчас мы общаемся через мой переводчик в реально... -> Меня зовут Ярослав, мне 26 лет, я из Украины. Сейчас мы общаемся через мой переводчик в реально. ..)
[ 13.115s] TTS time: 0.172 sec
[ 13.115s] TTS audio ready: 1.73 sec
[ 13.304s] LOWLAT sentence queued: в реально время.
[ 13.467s] Translation time: 0.163 sec
[ 13.467s] TRANSLATED: in real time.
[ 13.629s] TTS time: 0.162 sec
[ 13.629s] TTS audio ready: 0.87 sec
[ 14.212s] LOWLAT sentence queued: Сейчас мы общаемся через мой переводчик в реальном времени.
[ 14.529s] Translation time: 0.318 sec
[ 14.529s] TRANSLATED: Now we're talking through my translator in real time.
[ 14.799s] TTS time: 0.269 sec
[ 14.799s] TTS audio ready: 2.43 sec
[ 15.578s] PARTIAL sanitized: removed hallucinated tail (Сейчас мы общаемся через мой переводчик в реальном времени. Я его создал для помощи в преодолении... -> Сейчас мы общаемся через мой переводчик в реальном времени. Я его создал для помощи в преодолении. ..)
[ 16.033s] LOWLAT skipped source contained duplicate: Мы общаемся через мой переводчик в реальном времени. ~= Сейчас мы общаемся через мой переводчик в реальном времени.
[ 16.185s] PARTIAL sanitized: removed hallucinated tail (Мы общаемся через мой переводчик в реальном времени. Я его создал для помощи в преодолении языкового... -> Мы общаемся через мой переводчик в реальном времени. Я его создал для помощи в преодолении языкового. ..)
[ 16.185s] LOWLAT skipped source contained duplicate: Мы общаемся через мой переводчик в реальном времени. ~= Сейчас мы общаемся через мой переводчик в реальном времени.
[ 16.497s] LOWLAT skipped source contained duplicate: через мой переводчик в реальном времени. ~= Сейчас мы общаемся через мой переводчик в реальном времени.
[ 16.653s] LOWLAT skipped source contained duplicate: через мой переводчик в реальном времени. ~= Сейчас мы общаемся через мой переводчик в реальном времени.
[ 16.962s] LOWLAT skipped source contained duplicate: переводчик в реальном времени. ~= Сейчас мы общаемся через мой переводчик в реальном времени.
[ 17.262s] PARTIAL sanitized: removed hallucinated tail (переводчик в реальном времени. Я его создал для помощи в преодолении языкового барьера, так как... -> переводчик в реальном времени. Я его создал для помощи в преодолении языкового барьера, так как. ..)
[ 17.263s] LOWLAT skipped source contained duplicate: переводчик в реальном времени. ~= Сейчас мы общаемся через мой переводчик в реальном времени.
[ 17.403s] PARTIAL sanitized: removed hallucinated tail (Я его создал для помощи в преодолении языкового барьера, так как мы... -> Я его создал для помощи в преодолении языкового барьера, так как мы. ..)
[ 17.403s] LOWLAT sentence queued: Я его создал для помощи в преодолении языкового барьера,
[ 17.700s] Translation time: 0.297 sec
[ 17.700s] TRANSLATED: I created it to help overcome the language barrier,
[ 18.150s] TTS time: 0.209 sec
[ 18.150s] TTS audio ready: 2.58 sec
[ 18.191s] LOWLAT sentence queued: так как мой английский слабее.
[ 18.351s] Translation time: 0.159 sec
[ 18.351s] TRANSLATED: Because my English is weaker.
[ 18.790s] TTS time: 0.198 sec
[ 18.790s] TTS audio ready: 1.39 sec
[ 19.470s] LOWLAT skipped source contained duplicate: для помощи в преодолении языкового барьера, ~= Я его создал для помощи в преодолении языкового барьера,
[ 19.781s] LOWLAT skipped source contained duplicate: помощи в преодолении языкового барьера, ~= Я его создал для помощи в преодолении языкового барьера,
[ 20.074s] LOWLAT sentence queued: уровня комфортного общения.
[ 20.253s] Translation time: 0.180 sec
[ 20.254s] TRANSLATED: the level of comfortable communication.
[ 20.423s] TTS time: 0.169 sec
[ 20.423s] TTS audio ready: 1.73 sec
[ 22.379s] LOWLAT sentence queued: Также у меня есть еще один пэт проект.
[ 22.563s] Translation time: 0.184 sec
[ 22.563s] TRANSLATED: I also have another Pat project.
[ 22.692s] TTS time: 0.125 sec
[ 22.692s] TTS audio ready: 1.73 sec
[ 22.717s] PARTIAL sanitized: removed hallucinated tail (диски слабее уровня комфортного общения. Также у меня есть еще один пэт проект. Это проект... -> диски слабее уровня комфортного общения. Также у меня есть еще один пэт проект. Это проект. ..)
[ 23.494s] LOWLAT sentence queued: Это проект для конвертации.
[ 23.675s] Translation time: 0.180 sec
[ 23.675s] TRANSLATED: It's a conversion project.
[ 23.835s] TTS time: 0.161 sec
[ 23.835s] TTS audio ready: 1.32 sec
[ 24.851s] FINAL raw: Также у меня есть еще один пэт проект. Это проект для конвертации изображений.
[ 24.851s] LOWLAT sentence stream: no new segments (final=True)
[ 24.853s] FINAL: Всем привет! меня зовут Ярослав, мне 26 лет, я из Украины. Сейчас мы общаемся через мой переводчик. в реально время. Сейчас мы общаемся через мой переводчик в реальном времени. Я его создал для помощи в преодолении языкового барьера, так как мой английский слабее. уровня комфортного общения. Также у меня есть еще один пэт проект. Это проект для конвертации.
[ 25.470s] PARTIAL sanitized: removed hallucinated tail (Когда я работал в... -> Когда я работал в. ..)
[ 26.831s] PARTIAL sanitized: removed hallucinated tail (Когда я работал в компании AMDase, я... -> Когда я работал в компании AMDase, я. ..)
[ 26.831s] LOWLAT sentence queued: Когда я работал в компании AMDase,
[ 26.969s] PARTIAL sanitized: removed hallucinated tail (Когда я работал в компании AMDs, я... -> Когда я работал в компании AMDs, я. ..)
[ 27.113s] PARTIAL sanitized: removed hallucinated tail (Когда я работал в компании AMDs, я делал... -> Когда я работал в компании AMDs, я делал. ..)
[ 27.113s] LOWLAT sentence queued: Когда я работал в компании AMDs,
[ 27.229s] Translation time: 0.398 sec
[ 27.229s] TRANSLATED: When I was working for AMDase,
[ 27.527s] Translation time: 0.297 sec
[ 27.527s] TRANSLATED skipped same-prefix retry: When I was working for AMDs, ~= When I was working for AMDase,
[ 27.655s] TTS time: 0.185 sec
[ 27.655s] TTS audio ready: 1.60 sec
[ 29.069s] LOWLAT sentence queued: я делал лейдинги.
[ 29.364s] Translation time: 0.295 sec
[ 29.364s] TRANSLATED: I used to make leidings.
[ 29.519s] TTS time: 0.155 sec
[ 29.519s] TTS audio ready: 1.29 sec
[ 30.136s] LOWLAT sentence queued: очень много лейдингов.
[ 30.438s] Translation time: 0.303 sec
[ 30.438s] TRANSLATED: There's a lot of leidings.
[ 30.600s] TTS time: 0.162 sec
[ 30.600s] TTS audio ready: 1.11 sec
[ 31.210s] PARTIAL sanitized: removed hallucinated tail (А МДС я делал лейдинги. Очень много лейдингов. Так как у лейдингов обычно... -> А МДС я делал лейдинги. Очень много лейдингов. Так как у лейдингов обычно. ..)
[ 32.826s] PARTIAL sanitized: removed hallucinated tail (Очень много лейдингов. Так как у лейдингов обычно нет сложной логики, то основной... -> Очень много лейдингов. Так как у лейдингов обычно нет сложной логики, то основной. ..)
[ 32.826s] LOWLAT sentence queued: Так как у лейдингов обычно нет сложной логики,
[ 33.153s] Translation time: 0.327 sec
[ 33.153s] TRANSLATED: Because the leidings don't usually have complex logic,
[ 33.516s] PARTIAL sanitized: removed hallucinated tail (очень много лайндингов. Так как у лайндингов обычно нет сложной логики, то основное влияние на... -> очень много лайндингов. Так как у лайндингов обычно нет сложной логики, то основное влияние на. ..)
[ 33.626s] TTS time: 0.232 sec
[ 33.626s] TTS audio ready: 2.74 sec
[ 34.436s] PARTIAL sanitized: removed hallucinated tail (Так как у лайндингов обычно нет сложной логики, то основное влияние на производительность вызывает... -> Так как у лайндингов обычно нет сложной логики, то основное влияние на производительность вызывает. ..)
[ 34.437s] LOWLAT sentence queued: лайндингов обычно нет сложной логики,
[ 34.751s] Translation time: 0.314 sec
[ 34.751s] TRANSLATED: Lindings don't usually have complex logic,
[ 35.204s] TTS time: 0.212 sec
[ 35.204s] TTS audio ready: 2.32 sec
[ 35.395s] LOWLAT sentence queued: то основное влияние на производительность вызывают картинки.
[ 35.581s] Translation time: 0.186 sec
[ 35.581s] TRANSLATED: the main effect on productivity is caused by images.
[ 35.838s] TTS time: 0.257 sec
[ 35.838s] TTS audio ready: 3.27 sec
[ 36.631s] PARTIAL sanitized: removed hallucinated tail (сложной логике, то основное влияние на производительность вызывают картинки. Сначала я пользуюсь... -> сложной логике, то основное влияние на производительность вызывают картинки. Сначала я пользуюсь. ..)
[ 36.925s] PARTIAL sanitized: removed hallucinated tail (логики, то основное влияние на производительность вызывают картинки. Сначала я пользовался без... -> логики, то основное влияние на производительность вызывают картинки. Сначала я пользовался без. ..)
[ 37.822s] LOWLAT sentence queued: Сначала я пользовался бесплатными сервисами.
[ 38.010s] Translation time: 0.188 sec
[ 38.010s] TRANSLATED: At first, I used free services.
[ 38.274s] TTS time: 0.261 sec
[ 38.274s] TTS audio ready: 1.87 sec
[ 39.214s] PARTIAL sanitized: removed hallucinated tail (вызывают картинки. Сначала я пользовался бесплатными сервисами, но упирался то в лимит... -> вызывают картинки. Сначала я пользовался бесплатными сервисами, но упирался то в лимит. ..)
[ 39.542s] PARTIAL sanitized: removed hallucinated tail (вызывают картинки. Сначала я пользовался бесплатными сервисами, но опирался то в лимит, то в... -> вызывают картинки. Сначала я пользовался бесплатными сервисами, но опирался то в лимит, то в. ..)
[ 39.699s] LOWLAT sentence queued: но опирался то в лимит,
[ 39.900s] Translation time: 0.200 sec
[ 39.900s] TRANSLATED: But he kept himself within bounds,
[ 40.352s] TTS time: 0.210 sec
[ 40.352s] TTS audio ready: 1.63 sec
[ 40.576s] LOWLAT sentence queued: то в отсутствие гибкости.
[ 40.951s] Translation time: 0.375 sec
[ 40.951s] TRANSLATED: There is no flexibility.
[ 41.113s] TTS time: 0.162 sec
[ 41.113s] TTS audio ready: 1.35 sec
[ 41.134s] FINAL raw: Сначала я пользовался бесплатными сервисами, но упирался то в лимит, то в отсутствие гибкости.
[ 41.134s] LOWLAT skipped source contained duplicate: Сначала я пользовался бесплатными сервисами, ~= Сначала я пользовался бесплатными сервисами.
[ 41.134s] LOWLAT sentence queued: упирался то в лимит,
[ 41.135s] FINAL cleanup dropped weak draft: Когда я работал в компании AMDase,
[ 41.136s] FINAL cleanup dropped weak return: лайндингов обычно нет сложной логики,
[ 41.137s] FINAL: Когда я работал в компании AMDase, я делал лейдинги. очень много лейдингов. Так как у лейдингов обычно нет сложной логики, то основное влияние на производительность вызывают картинки. Сначала я пользовался бесплатными сервисами. но опирался то в лимит, то в отсутствие гибкости. упирался то в лимит,
[ 41.183s] Translation time: 0.046 sec
[ 41.183s] TRANSLATED: and clung to the limit,
[ 41.599s] TTS time: 0.176 sec
[ 41.599s] TTS audio ready: 1.13 sec
[ 41.619s] PARTIAL sanitized: removed hallucinated tail (Я решил создать... -> Я решил создать. ..)
[ 41.876s] PARTIAL sanitized: removed hallucinated tail (И я решил создать... -> И я решил создать. ..)
[ 41.996s] PARTIAL sanitized: removed hallucinated tail (и я решил создать свой... -> и я решил создать свой. ..)
[ 42.989s] PARTIAL sanitized: removed hallucinated tail (И я решил создать свой инструмент, который... -> И я решил создать свой инструмент, который. ..)
[ 43.112s] PARTIAL sanitized: removed hallucinated tail (И я решил создать свой инструмент, которым... -> И я решил создать свой инструмент, которым. ..)
[ 43.113s] LOWLAT sentence queued: И я решил создать свой инструмент,
[ 43.252s] PARTIAL sanitized: removed hallucinated tail (И я решил создать свой инструмент, который мог... -> И я решил создать свой инструмент, который мог. ..)
[ 43.507s] Translation time: 0.394 sec
[ 43.507s] TRANSLATED: And I decided to create my instrument,
[ 43.531s] PARTIAL sanitized: removed hallucinated tail (И я решил создать свой инструмент, которым активно... -> И я решил создать свой инструмент, которым активно. ..)
[ 44.036s] TTS time: 0.289 sec
[ 44.036s] TTS audio ready: 1.99 sec
[ 45.495s] LOWLAT sentence queued: которым активно пользуюсь до сих пор,
[ 45.669s] PARTIAL sanitized: removed hallucinated tail (И я решил создать свой инструмент, которым активно пользуюсь до сих пор, который помог мне не... -> И я решил создать свой инструмент, которым активно пользуюсь до сих пор, который помог мне не. ..)
[ 45.790s] Translation time: 0.295 sec
[ 45.790s] TRANSLATED: which I have so far actively used,
[ 46.253s] TTS time: 0.223 sec
[ 46.253s] TTS audio ready: 1.92 sec
[ 47.462s] LOWLAT sentence queued: который помог мне невероятно быстро ускорить работу.
[ 47.804s] FINAL raw: которым активно пользуюсь до сих пор, который помог мне невероятно быстро ускорить работу.
[ 47.804s] LOWLAT sentence stream: no new segments (final=True)
[ 47.805s] FINAL: И я решил создать свой инструмент, которым активно пользуюсь до сих пор, который помог мне невероятно быстро ускорить работу.
[ 47.927s] Translation time: 0.465 sec
[ 47.927s] TRANSLATED: The one who helped me speed up my work in an incredibly fast way.
[ 48.054s] TTS time: 0.127 sec
[ 48.054s] TTS audio ready: 2.96 sec
