[  0.000s] Loading translation model: RU -> EN ...
[  3.356s] Loading TTS voice: en_US-ryan-medium ...
[  6.201s] Runtime prewarm started
[  6.201s] Runtime prewarm ready
[  7.276s] LOWLAT sentence queued: Всем привет!
[  7.536s] PARTIAL sanitized: removed hallucinated tail (Всем привет, меня зовут... -> Всем привет, меня зовут. ..)
[  8.584s] Translation time: 1.307 sec
[  8.584s] TRANSLATED: Hey, everybody!
[  8.739s] LOWLAT sentence queued: меня зовут Ярослав,
[  9.042s] Translation time: 0.303 sec
[  9.042s] TRANSLATED: My name is Jaroslav,
[  9.623s] TTS time: 1.039 sec
[  9.623s] TTS audio ready: 1.06 sec
[  9.651s] LOWLAT sentence queued: мне 26 лет,
[  9.825s] Translation time: 0.173 sec
[  9.825s] TRANSLATED: I'm 26 years old,
[  9.827s] TTS continuation merged: 2 chunks
[ 10.092s] TTS time: 0.266 sec
[ 10.092s] TTS audio ready: 2.59 sec
[ 11.011s] LOWLAT sentence queued: я из Украины.
[ 11.186s] Translation time: 0.176 sec
[ 11.186s] TRANSLATED: I'm from Ukraine.
[ 11.189s] PARTIAL sanitized: removed hallucinated tail (Всем привет, меня зовут Ярослав, мне 26 лет, я из Украины. Сейчас мы общаемся... -> Всем привет, меня зовут Ярослав, мне 26 лет, я из Украины. Сейчас мы общаемся. ..)
[ 11.354s] TTS time: 0.168 sec
[ 11.354s] TTS audio ready: 0.96 sec
[ 11.358s] PARTIAL sanitized: removed hallucinated tail (Всем привет, меня зовут Ярослав, мне 26 лет, я из Украины. Сейчас мы общаемся через... -> Всем привет, меня зовут Ярослав, мне 26 лет, я из Украины. Сейчас мы общаемся через. ..)
[ 11.526s] PARTIAL sanitized: removed hallucinated tail (Всем привет, меня зовут Ярослав, мне 26 лет, я из Украины. Сейчас мы общаемся через мой... -> Всем привет, меня зовут Ярослав, мне 26 лет, я из Украины. Сейчас мы общаемся через мой. ..)
[ 12.815s] LOWLAT sentence queued: Сейчас мы общаемся через мой переводчик в реально время.
[ 13.156s] Translation time: 0.341 sec
[ 13.156s] TRANSLATED: Now we're talking through my interpreter at real time.
[ 13.180s] LOWLAT sentence queued: Сейчас мы общаемся через мой переводчик в реальном времени.
[ 13.474s] TTS time: 0.318 sec
[ 13.474s] TTS audio ready: 2.47 sec
[ 13.510s] Translation time: 0.331 sec
[ 13.510s] TRANSLATED: Now we're talking through my translator in real time.
[ 13.646s] TTS time: 0.135 sec
[ 13.646s] TTS audio ready: 2.53 sec
[ 15.251s] PARTIAL sanitized: removed hallucinated tail (Сейчас мы общаемся через мой переводчик в реальном времени. Я его создал для помощи в преодолении... -> Сейчас мы общаемся через мой переводчик в реальном времени. Я его создал для помощи в преодолении. ..)
[ 15.576s] LOWLAT skipped source contained duplicate: мы общаемся через мой переводчик в реальном времени. ~= Сейчас мы общаемся через мой переводчик в реальном времени.
[ 15.729s] LOWLAT skipped source contained duplicate: Мы общаемся через мой переводчик в реальном времени. ~= Сейчас мы общаемся через мой переводчик в реальном времени.
[ 16.056s] LOWLAT skipped source contained duplicate: через мой переводчик в реальном времени. ~= Сейчас мы общаемся через мой переводчик в реальном времени.
[ 16.226s] LOWLAT skipped source contained duplicate: через мой переводчик в реальном времени. ~= Сейчас мы общаемся через мой переводчик в реальном времени.
[ 16.546s] LOWLAT skipped source contained duplicate: переводчик в реальном времени. ~= Сейчас мы общаемся через мой переводчик в реальном времени.
[ 16.854s] PARTIAL sanitized: removed hallucinated tail (переводчик в реальном времени. Я его создал для помощи в преодолении языкового барьера, так как... -> переводчик в реальном времени. Я его создал для помощи в преодолении языкового барьера, так как. ..)
[ 16.854s] LOWLAT skipped source contained duplicate: переводчик в реальном времени. ~= Сейчас мы общаемся через мой переводчик в реальном времени.
[ 17.012s] PARTIAL sanitized: removed hallucinated tail (Я его создал для помощи в преодолении языкового барьера, так как мы... -> Я его создал для помощи в преодолении языкового барьера, так как мы. ..)
[ 17.012s] LOWLAT sentence queued: Я его создал для помощи в преодолении языкового барьера,
[ 17.326s] Translation time: 0.314 sec
[ 17.327s] TRANSLATED: I created it to help overcome the language barrier,
[ 17.532s] LOWLAT allowed suspicious fragment: так как мой английский славянный язык не использует.
[ 17.688s] LOWLAT allowed suspicious fragment: так как мой английский слабее.
[ 17.801s] TTS time: 0.234 sec
[ 17.801s] TTS audio ready: 2.57 sec
[ 17.844s] LOWLAT allowed suspicious fragment: так как мой английский слабее.
[ 17.844s] LOWLAT sentence queued: так как мой английский слабее.
[ 18.021s] Translation time: 0.176 sec
[ 18.021s] TRANSLATED: Because my English is weaker.
[ 18.482s] TTS time: 0.220 sec
[ 18.482s] TTS audio ready: 1.42 sec
[ 19.010s] LOWLAT skipped source contained duplicate: для помощи в преодолении языкового барьера, ~= Я его создал для помощи в преодолении языкового барьера,
[ 19.010s] LOWLAT allowed suspicious fragment: так как в английский слабее уровня комфортного общения.
[ 19.509s] LOWLAT sentence queued: уровня комфортного общения.
[ 19.674s] Translation time: 0.166 sec
[ 19.674s] TRANSLATED: the level of comfortable communication.
[ 19.838s] TTS time: 0.164 sec
[ 19.838s] TTS audio ready: 1.70 sec
[ 22.101s] LOWLAT sentence queued: Также у меня есть еще один пэт проект.
[ 22.302s] Translation time: 0.200 sec
[ 22.302s] TRANSLATED: I also have another Pat project.
[ 22.302s] PARTIAL sanitized: removed hallucinated tail (диски слабее уровня комфортного общения. Также у меня есть еще один пэт проект. Это проект... -> диски слабее уровня комфортного общения. Также у меня есть еще один пэт проект. Это проект. ..)
[ 22.586s] TTS time: 0.285 sec
[ 22.586s] TTS audio ready: 1.67 sec
[ 23.104s] LOWLAT sentence queued: Это проект для конвертации.
[ 23.399s] Translation time: 0.295 sec
[ 23.399s] TRANSLATED: It's a conversion project.
[ 23.576s] TTS time: 0.177 sec
[ 23.576s] TTS audio ready: 1.38 sec
[ 24.367s] FINAL raw: Также у меня есть еще один пэт проект. Это проект для конвертации изображений.
[ 24.367s] LOWLAT sentence stream: no new segments (final=True)
[ 24.368s] FINAL cleanup dropped weak draft: Сейчас мы общаемся через мой переводчик в реально время.
[ 24.369s] FINAL: Всем привет! меня зовут Ярослав, мне 26 лет, я из Украины. Сейчас мы общаемся через мой переводчик в реальном времени. Я его создал для помощи в преодолении языкового барьера, так как мой английский слабее. уровня комфортного общения. Также у меня есть еще один пэт проект. Это проект для конвертации.
[ 25.100s] PARTIAL sanitized: removed hallucinated tail (Когда я работал в... -> Когда я работал в. ..)
[ 26.517s] PARTIAL sanitized: removed hallucinated tail (Когда я работал в компании AMDase, я... -> Когда я работал в компании AMDase, я. ..)
[ 26.518s] LOWLAT sentence queued: Когда я работал в компании AMDase,
[ 26.664s] PARTIAL sanitized: removed hallucinated tail (Когда я работал в компании AMDs, я... -> Когда я работал в компании AMDs, я. ..)
[ 26.818s] PARTIAL sanitized: removed hallucinated tail (Когда я работал в компании AMDs, я делал... -> Когда я работал в компании AMDs, я делал. ..)
[ 26.818s] LOWLAT sentence queued: Когда я работал в компании AMDs,
[ 26.824s] Translation time: 0.306 sec
[ 26.824s] TRANSLATED: When I was working for AMDase,
[ 27.149s] Translation time: 0.325 sec
[ 27.149s] TRANSLATED skipped same-prefix retry: When I was working for AMDs, ~= When I was working for AMDase,
[ 27.258s] TTS time: 0.192 sec
[ 27.258s] TTS audio ready: 1.58 sec
[ 29.844s] LOWLAT skipped source contained duplicate: Я работал в компании AMDase, ~= Когда я работал в компании AMDase,
[ 30.004s] LOWLAT sentence queued: я делал лейдинги.
[ 30.311s] Translation time: 0.307 sec
[ 30.311s] TRANSLATED: I used to make leidings.
[ 30.477s] TTS time: 0.165 sec
[ 30.477s] TTS audio ready: 1.27 sec
[ 30.508s] LOWLAT sentence queued: очень много лейдингов.
[ 30.823s] Translation time: 0.315 sec
[ 30.823s] TRANSLATED: There's a lot of leidings.
[ 30.861s] PARTIAL sanitized: removed hallucinated tail (А МДС я делал лейдинги. Очень много лейдингов. Так как у лейдингов обычно... -> А МДС я делал лейдинги. Очень много лейдингов. Так как у лейдингов обычно. ..)
[ 30.861s] LOWLAT allowed suspicious fragment: Так как у лейдингов обычно.
[ 30.986s] TTS time: 0.162 sec
[ 30.986s] TTS audio ready: 1.16 sec
[ 31.513s] LOWLAT allowed suspicious fragment: Так как у лейдингов обычно нет служения лейдинга.
[ 32.297s] LOWLAT allowed suspicious fragment: Так как у лейдингов обычно нет сложной логики,
[ 32.463s] PARTIAL sanitized: removed hallucinated tail (Очень много лейдингов. Так как у лейдингов обычно нет сложной логики, то основной... -> Очень много лейдингов. Так как у лейдингов обычно нет сложной логики, то основной. ..)
[ 32.463s] LOWLAT allowed suspicious fragment: Так как у лейдингов обычно нет сложной логики,
[ 32.463s] LOWLAT sentence queued: Так как у лейдингов обычно нет сложной логики,
[ 32.792s] Translation time: 0.329 sec
[ 32.792s] TRANSLATED: Because the leidings don't usually have complex logic,
[ 33.169s] PARTIAL sanitized: removed hallucinated tail (очень много лайндингов. Так как у лайндингов обычно нет сложной логики, то основное влияние на... -> очень много лайндингов. Так как у лайндингов обычно нет сложной логики, то основное влияние на. ..)
[ 33.170s] LOWLAT allowed suspicious fragment: то основное влияние на.
[ 33.295s] TTS time: 0.262 sec
[ 33.295s] TTS audio ready: 2.77 sec
[ 33.992s] LOWLAT sentence queued: лайндингов обычно нет сложной логики,
[ 34.188s] PARTIAL sanitized: removed hallucinated tail (Так как у лайндингов обычно нет сложной логики, то основное влияние на производительность вызывает... -> Так как у лайндингов обычно нет сложной логики, то основное влияние на производительность вызывает. ..)
[ 34.188s] LOWLAT allowed suspicious fragment: то основное влияние на производительность вызывает.
[ 34.215s] Translation time: 0.223 sec
[ 34.215s] TRANSLATED: Lindings don't usually have complex logic,
[ 34.538s] LOWLAT allowed suspicious fragment: то основное влияние на производительность вызывает кодеку.
[ 34.650s] TTS time: 0.194 sec
[ 34.650s] TTS audio ready: 2.33 sec
[ 34.694s] LOWLAT allowed suspicious fragment: то основное влияние на производительность вызывает критику.
[ 34.855s] LOWLAT allowed suspicious fragment: то основное влияние на производительность вызывают картинки.
[ 35.013s] LOWLAT allowed suspicious fragment: то основное влияние на производительность вызывают картинки.
[ 35.013s] LOWLAT sentence queued: то основное влияние на производительность вызывают картинки.
[ 35.199s] LOWLAT allowed suspicious fragment: то основное влияние на производительность вызывают картинки.
[ 35.211s] Translation time: 0.198 sec
[ 35.211s] TRANSLATED: the main effect on productivity is caused by images.
[ 35.483s] TTS time: 0.272 sec
[ 35.483s] TTS audio ready: 3.29 sec
[ 36.599s] PARTIAL sanitized: removed hallucinated tail (логики, то основное влияние на производительность вызывают картинки. Сначала я пользовался без... -> логики, то основное влияние на производительность вызывают картинки. Сначала я пользовался без. ..)
[ 37.522s] LOWLAT sentence queued: Сначала я пользовался бесплатными сервисами.
[ 37.810s] Translation time: 0.288 sec
[ 37.810s] TRANSLATED: At first, I used free services.
[ 37.973s] TTS time: 0.163 sec
[ 37.973s] TTS audio ready: 1.82 sec
[ 38.642s] LOWLAT allowed suspicious fragment: но упирался то влияние.
[ 38.791s] PARTIAL sanitized: removed hallucinated tail (вызывают картинки. Сначала я пользовался бесплатными сервисами, но упирался то в лимит... -> вызывают картинки. Сначала я пользовался бесплатными сервисами, но упирался то в лимит. ..)
[ 38.791s] LOWLAT allowed suspicious fragment: но упирался то в лимит.
[ 39.269s] LOWLAT allowed suspicious fragment: но опирался то в лимит,
[ 39.442s] LOWLAT allowed suspicious fragment: но опирался то в лимит,
[ 39.443s] LOWLAT sentence queued: но опирался то в лимит,
[ 39.628s] Translation time: 0.185 sec
[ 39.628s] TRANSLATED: But he kept himself within bounds,
[ 39.789s] LOWLAT allowed suspicious fragment: то в отсутствие гиперпетизма.
[ 39.959s] LOWLAT allowed suspicious fragment: то в отсутствие гибкости.
[ 40.082s] TTS time: 0.213 sec
[ 40.082s] TTS audio ready: 1.72 sec
[ 40.131s] LOWLAT allowed suspicious fragment: то в отсутствие гибкости.
[ 40.132s] LOWLAT sentence queued: то в отсутствие гибкости.
[ 40.500s] Translation time: 0.368 sec
[ 40.500s] TRANSLATED: There is no flexibility.
[ 40.657s] TTS time: 0.157 sec
[ 40.657s] TTS audio ready: 1.29 sec
[ 40.692s] FINAL raw: Сначала я пользовался бесплатными сервисами, но упирался то в лимит, то в отсутствие гибкости.
[ 40.693s] LOWLAT skipped source contained duplicate: Сначала я пользовался бесплатными сервисами, ~= Сначала я пользовался бесплатными сервисами.
[ 40.693s] LOWLAT sentence queued: упирался то в лимит,
[ 40.694s] FINAL cleanup dropped weak draft: Когда я работал в компании AMDase,
[ 40.694s] FINAL cleanup dropped weak return: лайндингов обычно нет сложной логики,
[ 40.696s] FINAL: Когда я работал в компании AMDase, я делал лейдинги. очень много лейдингов. Так как у лейдингов обычно нет сложной логики, то основное влияние на производительность вызывают картинки. Сначала я пользовался бесплатными сервисами. но опирался то в лимит, то в отсутствие гибкости. упирался то в лимит,
[ 40.877s] Translation time: 0.181 sec
[ 40.877s] TRANSLATED: and clung to the limit,
[ 40.881s] LOWLAT allowed suspicious fragment: то в отсутствие гибкости.
[ 41.223s] PARTIAL sanitized: removed hallucinated tail (Я решил создать... -> Я решил создать. ..)
[ 41.334s] TTS time: 0.217 sec
[ 41.334s] TTS audio ready: 1.13 sec
[ 41.471s] PARTIAL sanitized: removed hallucinated tail (И я решил создать... -> И я решил создать. ..)
[ 41.472s] LOWLAT allowed suspicious fragment: И я решил создать.
[ 41.597s] PARTIAL sanitized: removed hallucinated tail (и я решил создать свой... -> и я решил создать свой. ..)
[ 41.597s] LOWLAT allowed suspicious fragment: и я решил создать свой.
[ 41.834s] LOWLAT allowed suspicious fragment: и я решил создать свой язык.
[ 41.962s] LOWLAT allowed suspicious fragment: И я решил создать свой инструмент.
[ 42.630s] PARTIAL sanitized: removed hallucinated tail (И я решил создать свой инструмент, который... -> И я решил создать свой инструмент, который. ..)
[ 42.630s] LOWLAT allowed suspicious fragment: И я решил создать свой инструмент,
[ 42.755s] PARTIAL sanitized: removed hallucinated tail (И я решил создать свой инструмент, которым... -> И я решил создать свой инструмент, которым. ..)
[ 42.756s] LOWLAT allowed suspicious fragment: И я решил создать свой инструмент,
[ 42.756s] LOWLAT sentence queued: И я решил создать свой инструмент,
[ 42.908s] PARTIAL sanitized: removed hallucinated tail (И я решил создать свой инструмент, который мог... -> И я решил создать свой инструмент, который мог. ..)
[ 42.908s] LOWLAT allowed suspicious fragment: И я решил создать свой инструмент,
[ 42.908s] LOWLAT allowed suspicious fragment: который мог.
[ 43.062s] LOWLAT allowed suspicious fragment: И я решил создать свой инструмент,
[ 43.069s] Translation time: 0.313 sec
[ 43.069s] TRANSLATED: And I decided to create my instrument,
[ 43.208s] PARTIAL sanitized: removed hallucinated tail (И я решил создать свой инструмент, которым активно... -> И я решил создать свой инструмент, которым активно. ..)
[ 43.208s] LOWLAT allowed suspicious fragment: которым активно.
[ 43.355s] LOWLAT allowed suspicious fragment: которым активно пользуется.
[ 43.485s] TTS time: 0.175 sec
[ 43.485s] TTS audio ready: 2.01 sec
[ 43.512s] LOWLAT allowed suspicious fragment: которым активно пользуюсь.
[ 43.795s] LOWLAT allowed suspicious fragment: которым активно пользуюсь в достижении.
[ 43.944s] LOWLAT allowed suspicious fragment: которым активно пользуюсь до сих пор.
[ 44.842s] LOWLAT allowed suspicious fragment: которым активно пользуюсь до сих пор,
[ 44.996s] LOWLAT allowed suspicious fragment: которым активно пользуюсь до сих пор,
[ 44.996s] LOWLAT sentence queued: которым активно пользуюсь до сих пор,
[ 44.996s] RU2EN source rewrite before translation: которым активно пользуюсь до сих пор, -> я активно пользуюсь этим до сих пор,
[ 45.181s] LOWLAT allowed suspicious fragment: которым активно пользуюсь до сих пор,
[ 45.181s] LOWLAT allowed suspicious fragment: который помог мне.
[ 45.316s] Translation time: 0.320 sec
[ 45.316s] TRANSLATED: I've been using it very actively so far,
[ 45.352s] LOWLAT allowed suspicious fragment: который помог мне невероятно.
[ 45.785s] TTS time: 0.228 sec
[ 45.785s] TTS audio ready: 2.11 sec
[ 45.827s] LOWLAT allowed suspicious fragment: который помог мне невероятно быстро.
[ 46.452s] LOWLAT allowed suspicious fragment: который помог мне невероятно быстро ускорить.
[ 46.758s] LOWLAT allowed suspicious fragment: который помог мне невероятно быстро ускорить работу.
[ 47.080s] LOWLAT allowed suspicious fragment: который помог мне невероятно быстро ускорить работу.
[ 47.080s] LOWLAT sentence queued: который помог мне невероятно быстро ускорить работу.
[ 47.457s] Translation time: 0.377 sec
[ 47.457s] TRANSLATED: The one who helped me speed up my work in an incredibly fast way.
[ 47.465s] FINAL raw: которым активно пользуюсь до сих пор, который помог мне невероятно быстро ускорить работу.
[ 47.465s] LOWLAT sentence stream: no new segments (final=True)
[ 47.466s] FINAL: И я решил создать свой инструмент, которым активно пользуюсь до сих пор, который помог мне невероятно быстро ускорить работу.
[ 47.586s] TTS time: 0.129 sec
[ 47.586s] TTS audio ready: 3.13 sec
