[  0.000s] Loading translation model: RU -> EN ...
[  3.393s] Loading TTS voice: en_US-ryan-medium ...
[  6.134s] Runtime prewarm started
[  6.134s] Runtime prewarm ready
[  7.204s] LOWLAT sentence queued: Всем привет!
[  7.445s] PARTIAL sanitized: removed hallucinated tail (Всем привет, меня зовут... -> Всем привет, меня зовут. ..)
[  8.474s] Translation time: 1.269 sec
[  8.474s] TRANSLATED: Hey, everybody!
[  8.481s] LOWLAT phrase_seen relaxed admit: меня зовут Ярослав,
[  8.481s] LOWLAT sentence queued: меня зовут Ярослав,
[  8.758s] Translation time: 0.278 sec
[  8.758s] TRANSLATED: My name is Jaroslav,
[  9.339s] LOWLAT sentence queued: мне 26 лет,
[  9.455s] TTS time: 0.981 sec
[  9.455s] TTS audio ready: 1.09 sec
[  9.455s] PLAYBACK queued: Hey, everybody!
[  9.620s] Translation time: 0.281 sec
[  9.620s] TRANSLATED: I'm 26 years old,
[  9.620s] TTS continuation merged: 2 chunks
[  9.620s] PLAYBACK merged: My name is Jaroslav, + I'm 26 years old,
[  9.780s] TTS time: 0.160 sec
[  9.780s] TTS audio ready: 2.54 sec
[  9.780s] PLAYBACK queued: My name is Jaroslav, I'm 26 years old,
[ 10.917s] LOWLAT sentence queued: я из Украины.
[ 11.086s] Translation time: 0.169 sec
[ 11.086s] TRANSLATED: I'm from Ukraine.
[ 11.092s] PARTIAL sanitized: removed hallucinated tail (Всем привет, меня зовут Ярослав, мне 26 лет, я из Украины. Сейчас мы общаемся... -> Всем привет, меня зовут Ярослав, мне 26 лет, я из Украины. Сейчас мы общаемся. ..)
[ 11.246s] PARTIAL sanitized: removed hallucinated tail (Всем привет, меня зовут Ярослав, мне 26 лет, я из Украины. Сейчас мы общаемся через... -> Всем привет, меня зовут Ярослав, мне 26 лет, я из Украины. Сейчас мы общаемся через. ..)
[ 11.357s] TTS time: 0.271 sec
[ 11.357s] TTS audio ready: 0.89 sec
[ 11.357s] PLAYBACK queued: I'm from Ukraine.
[ 12.510s] PARTIAL sanitized: removed hallucinated tail (Меня зовут Ярослав, мне 26 лет, я из Украины. Сейчас мы общаемся через мой переводчик в реально... -> Меня зовут Ярослав, мне 26 лет, я из Украины. Сейчас мы общаемся через мой переводчик в реально. ..)
[ 12.969s] LOWLAT sentence queued: Сейчас мы общаемся через мой переводчик в реальном времени.
[ 13.283s] Translation time: 0.315 sec
[ 13.283s] TRANSLATED: Now we're talking through my translator in real time.
[ 13.443s] TTS time: 0.159 sec
[ 13.443s] TTS audio ready: 2.46 sec
[ 13.443s] PLAYBACK queued: Now we're talking through my translator in real time.
[ 15.178s] PARTIAL sanitized: removed hallucinated tail (Сейчас мы общаемся через мой переводчик в реальном времени. Я его создал для помощи в преодолении... -> Сейчас мы общаемся через мой переводчик в реальном времени. Я его создал для помощи в преодолении. ..)
[ 15.653s] PARTIAL sanitized: removed hallucinated tail (Мы общаемся через мой переводчик в реальном времени. Я его создал для помощи в преодолении языкового... -> Мы общаемся через мой переводчик в реальном времени. Я его создал для помощи в преодолении языкового. ..)
[ 16.462s] LOWLAT sentence queued: Я его создал для помощи в преодолении языкового барьера.
[ 16.756s] Translation time: 0.293 sec
[ 16.756s] TRANSLATED: I created it to help overcome the language barrier.
[ 16.796s] LOWLAT allowed suspicious fragment: так как мы не можем использовать.
[ 16.915s] TTS time: 0.159 sec
[ 16.915s] TTS audio ready: 2.53 sec
[ 16.915s] PLAYBACK queued: I created it to help overcome the language barrier.
[ 16.950s] PARTIAL sanitized: removed hallucinated tail (Я его создал для помощи в преодолении языкового барьера, так как мы... -> Я его создал для помощи в преодолении языкового барьера, так как мы. ..)
[ 16.950s] LOWLAT allowed suspicious fragment: так как мы.
[ 17.410s] LOWLAT allowed suspicious fragment: так как мой английский славянный язык не использует.
[ 17.571s] LOWLAT allowed suspicious fragment: так как мой английский слабее.
[ 17.726s] LOWLAT allowed suspicious fragment: так как мой английский слабее.
[ 17.726s] LOWLAT sentence queued: так как мой английский слабее.
[ 17.899s] Translation time: 0.173 sec
[ 17.899s] TRANSLATED: Because my English is weaker.
[ 18.341s] TTS time: 0.201 sec
[ 18.341s] TTS audio ready: 1.43 sec
[ 18.341s] PLAYBACK queued: Because my English is weaker.
[ 18.851s] LOWLAT skipped source contained duplicate: для помощи в преодолении языкового барьера, ~= Я его создал для помощи в преодолении языкового барьера.
[ 18.851s] LOWLAT allowed suspicious fragment: так как в английский слабее уровня комфортного общения.
[ 19.313s] LOWLAT skipped source contained duplicate: помощи в преодолении языкового барьера, ~= Я его создал для помощи в преодолении языкового барьера.
[ 19.313s] LOWLAT allowed suspicious fragment: так как в английский слабее уровня комфортного общения.
[ 19.619s] LOWLAT sentence queued: уровня комфортного общения.
[ 19.781s] Translation time: 0.161 sec
[ 19.781s] TRANSLATED: the level of comfortable communication.
[ 19.965s] TTS time: 0.185 sec
[ 19.965s] TTS audio ready: 1.76 sec
[ 19.965s] PLAYBACK queued: the level of comfortable communication.
[ 21.359s] RU2EN source normalized: Также у меня есть еще один пэт проект. -> Также у меня есть еще один пет-проект.
[ 21.829s] RU2EN source normalized: Также у меня есть еще один пэт проект. -> Также у меня есть еще один пет-проект.
[ 21.830s] LOWLAT sentence queued: Также у меня есть еще один пет-проект.
[ 22.000s] RU2EN source normalized: Также у меня есть еще один пэт проект. -> Также у меня есть еще один пет-проект.
[ 22.105s] Translation time: 0.276 sec
[ 22.106s] TRANSLATED: I also have another pet project.
[ 22.157s] PARTIAL sanitized: removed hallucinated tail (диски слабее уровня комфортного общения. Также у меня есть еще один пэт проект. Это проект... -> диски слабее уровня комфортного общения. Также у меня есть еще один пэт проект. Это проект. ..)
[ 22.263s] TTS time: 0.157 sec
[ 22.263s] TTS audio ready: 1.72 sec
[ 22.263s] PLAYBACK queued: I also have another pet project.
[ 22.767s] RU2EN source normalized: Также у меня есть еще один пэт проект. -> Также у меня есть еще один пет-проект.
[ 23.070s] RU2EN source normalized: Также у меня есть еще один пэт проект. -> Также у меня есть еще один пет-проект.
[ 23.070s] LOWLAT sentence queued: Это проект для конвертации.
[ 23.248s] Translation time: 0.178 sec
[ 23.248s] TRANSLATED: It's a conversion project.
[ 23.405s] TTS time: 0.157 sec
[ 23.405s] TTS audio ready: 1.32 sec
[ 23.405s] PLAYBACK queued: It's a conversion project.
[ 23.889s] RU2EN source normalized: пэт проект. -> пет-проект.
[ 24.324s] FINAL raw: Также у меня есть еще один пэт проект. Это проект для конвертации изображений.
[ 24.324s] RU2EN source normalized: Также у меня есть еще один пэт проект. -> Также у меня есть еще один пет-проект.
[ 24.324s] LOWLAT sentence stream: no new segments (final=True)
[ 24.326s] FINAL: Всем привет! меня зовут Ярослав, мне 26 лет, я из Украины. Сейчас мы общаемся через мой переводчик в реальном времени. Я его создал для помощи в преодолении языкового барьера. так как мой английский слабее. уровня комфортного общения. Также у меня есть еще один пет-проект. Это проект для конвертации.
[ 24.940s] PARTIAL sanitized: removed hallucinated tail (Когда я работал в... -> Когда я работал в. ..)
[ 26.338s] PARTIAL sanitized: removed hallucinated tail (Когда я работал в компании AMDase, я... -> Когда я работал в компании AMDase, я. ..)
[ 26.338s] LOWLAT sentence queued: Когда я работал в компании AMDase,
[ 26.485s] PARTIAL sanitized: removed hallucinated tail (Когда я работал в компании AMDs, я... -> Когда я работал в компании AMDs, я. ..)
[ 26.634s] PARTIAL sanitized: removed hallucinated tail (Когда я работал в компании AMDs, я делал... -> Когда я работал в компании AMDs, я делал. ..)
[ 26.634s] LOWLAT sentence queued: Когда я работал в компании AMDs,
[ 26.635s] Translation time: 0.297 sec
[ 26.635s] TRANSLATED: When I was working for AMDase,
[ 27.050s] Translation time: 0.415 sec
[ 27.050s] TRANSLATED skipped same-prefix retry: When I was working for AMDs, ~= When I was working for AMDase,
[ 27.170s] TTS time: 0.291 sec
[ 27.170s] TTS audio ready: 1.60 sec
[ 27.170s] PLAYBACK queued: When I was working for AMDase,
[ 27.494s] RU2EN source normalized: я делал лейдинги. -> я делал лендинги.
[ 28.371s] RU2EN source normalized: я делал лейдинги. -> я делал лендинги.
[ 28.524s] RU2EN source normalized: я делал лейдинги. -> я делал лендинги.
[ 28.525s] LOWLAT sentence queued: я делал лендинги.
[ 28.826s] Translation time: 0.301 sec
[ 28.826s] TRANSLATED: I've been making the landings.
[ 28.982s] TTS time: 0.156 sec
[ 28.982s] TTS audio ready: 1.39 sec
[ 28.982s] PLAYBACK queued: I've been making the landings.
[ 29.464s] RU2EN source normalized: я делал лейдинги. -> я делал лендинги.
[ 29.464s] RU2EN source normalized: Очень много лейдингов. -> Очень много лендингов.
[ 29.606s] RU2EN source normalized: я делал лейдинги, -> я делал лендинги,
[ 29.606s] RU2EN source normalized: очень много лейдингов. -> очень много лендингов.
[ 29.606s] LOWLAT sentence queued: очень много лендингов.
[ 29.774s] LOWLAT skipped source contained duplicate: Я работал в компании AMDase, ~= Когда я работал в компании AMDase,
[ 29.774s] RU2EN source normalized: я делал лейдинги, -> я делал лендинги,
[ 29.774s] RU2EN source normalized: очень много лейдингов. -> очень много лендингов.
[ 29.907s] Translation time: 0.301 sec
[ 29.907s] TRANSLATED: There's a lot of landings.
[ 29.935s] RU2EN source normalized: я делал лейдинги. -> я делал лендинги.
[ 29.935s] RU2EN source normalized: Очень много лейдингов. -> Очень много лендингов.
[ 30.094s] TTS time: 0.187 sec
[ 30.094s] TTS audio ready: 1.10 sec
[ 30.094s] PLAYBACK queued: There's a lot of landings.
[ 30.387s] RU2EN source normalized: В компании AMDays я делал лейдинги, -> В компании AMDays я делал лендинги,
[ 30.533s] RU2EN source normalized: В компании AMDs я делал лейдинги, -> В компании AMDs я делал лендинги,
[ 30.693s] PARTIAL sanitized: removed hallucinated tail (А МДС я делал лейдинги. Очень много лейдингов. Так как у лейдингов обычно... -> А МДС я делал лейдинги. Очень много лейдингов. Так как у лейдингов обычно. ..)
[ 30.693s] RU2EN source normalized: А МДС я делал лейдинги. -> А МДС я делал лендинги.
[ 30.693s] LOWLAT allowed suspicious fragment: А МДС я делал лендинги.
[ 31.139s] LOWLAT allowed suspicious fragment: Так как у лендингов обычно нет сложности.
[ 31.295s] RU2EN source normalized: я делал лейдинги. -> я делал лендинги.
[ 31.295s] RU2EN source normalized: Очень много лейдингов. -> Очень много лендингов.
[ 31.295s] RU2EN source normalized: Так как у лейдингов обычно нет сложности. -> Так как у лендингов обычно нет сложности.
[ 31.295s] LOWLAT allowed suspicious fragment: Так как у лендингов обычно нет сложности.
[ 31.295s] LOWLAT sentence queued: Так как у лендингов обычно нет сложности.
[ 31.611s] Translation time: 0.317 sec
[ 31.612s] TRANSLATED: Because the Landings don't usually have a problem.
[ 32.061s] TTS time: 0.209 sec
[ 32.061s] TTS audio ready: 2.21 sec
[ 32.061s] PLAYBACK queued: Because the Landings don't usually have a problem.
[ 32.106s] RU2EN source normalized: очень много лейдингов. -> очень много лендингов.
[ 32.106s] RU2EN source normalized: Так как у лейдингов обычно нет сложной логики, -> Так как у лендингов обычно нет сложной логики,
[ 32.106s] LOWLAT allowed suspicious fragment: Так как у лендингов обычно нет сложной логики,
[ 32.407s] PARTIAL sanitized: removed hallucinated tail (Очень много лейдингов. Так как у лейдингов обычно нет сложной логики, то основной... -> Очень много лейдингов. Так как у лейдингов обычно нет сложной логики, то основной. ..)
[ 32.407s] RU2EN source normalized: Очень много лейдингов. -> Очень много лендингов.
[ 32.407s] RU2EN source normalized: Так как у лейдингов обычно нет сложной логики, -> Так как у лендингов обычно нет сложной логики,
[ 32.407s] LOWLAT allowed suspicious fragment: Так как у лендингов обычно нет сложной логики,
[ 32.407s] LOWLAT sentence queued: Так как у лендингов обычно нет сложной логики,
[ 32.724s] Translation time: 0.317 sec
[ 32.724s] TRANSLATED: Since the Landings don't usually have complex logic,
[ 32.761s] PARTIAL sanitized: removed hallucinated tail (очень много лайндингов. Так как у лайндингов обычно нет сложной логики, то основное влияние... -> очень много лайндингов. Так как у лайндингов обычно нет сложной логики, то основное влияние. ..)
[ 32.762s] LOWLAT sentence queued: очень много лайндингов.
[ 32.968s] Translation time: 0.206 sec
[ 32.968s] TRANSLATED skipped same-prefix retry: There's a lot of Lindings. ~= There's a lot of landings.
[ 32.971s] LOWLAT allowed suspicious fragment: Так как у лайндингов обычно нет сложной логики,
[ 33.134s] LOWLAT allowed suspicious fragment: Так как у лайндингов обычно нет сложной логики,
[ 33.134s] LOWLAT sentence queued: Так как у лайндингов обычно нет сложной логики,
[ 33.247s] TTS time: 0.283 sec
[ 33.247s] TTS audio ready: 2.86 sec
[ 33.247s] PLAYBACK queued: Since the Landings don't usually have complex logic,
[ 33.328s] LOWLAT allowed suspicious fragment: Так как у лайндингов обычно нет сложной логики,
[ 33.456s] Translation time: 0.322 sec
[ 33.456s] TRANSLATED: Because the Lindings don't usually have complex logic,
[ 33.792s] LOWLAT skipped source contained duplicate: лайндингов обычно нет сложной логики, ~= Так как у лайндингов обычно нет сложной логики,
[ 33.910s] TTS time: 0.214 sec
[ 33.910s] TTS audio ready: 2.82 sec
[ 33.910s] PLAYBACK queued: Because the Lindings don't usually have complex logic,
[ 33.942s] PARTIAL sanitized: removed hallucinated tail (Так как у лайндингов обычно нет сложной логики, то основное влияние на производительность вызывает... -> Так как у лайндингов обычно нет сложной логики, то основное влияние на производительность вызывает. ..)
[ 33.943s] LOWLAT skipped source contained duplicate: лайндингов обычно нет сложной логики, ~= Так как у лайндингов обычно нет сложной логики,
[ 33.943s] LOWLAT allowed suspicious fragment: то основное влияние на производительность вызывает.
[ 34.402s] LOWLAT skipped source contained duplicate: лайндингов обычно нет сложной логики, ~= Так как у лайндингов обычно нет сложной логики,
[ 34.402s] LOWLAT allowed suspicious fragment: то основное влияние на производительность вызывает кодеку.
[ 34.715s] LOWLAT allowed suspicious fragment: то основное влияние на производительность вызывают картинки.
[ 34.868s] LOWLAT allowed suspicious fragment: то основное влияние на производительность вызывают картинки.
[ 34.869s] LOWLAT sentence queued: то основное влияние на производительность вызывают картинки.
[ 35.050s] LOWLAT allowed suspicious fragment: то основное влияние на производительность вызывают картинки.
[ 35.056s] Translation time: 0.188 sec
[ 35.056s] TRANSLATED: the main effect on productivity is caused by images.
[ 35.309s] TTS time: 0.252 sec
[ 35.309s] TTS audio ready: 3.22 sec
[ 35.309s] PLAYBACK queued: the main effect on productivity is caused by images.
[ 36.066s] PARTIAL sanitized: removed hallucinated tail (сложной логике, то основное влияние на производительность вызывают картинки. Сначала я пользуюсь... -> сложной логике, то основное влияние на производительность вызывают картинки. Сначала я пользуюсь. ..)
[ 36.497s] PARTIAL sanitized: removed hallucinated tail (логики, то основное влияние на производительность вызывают картинки. Сначала я пользовался без... -> логики, то основное влияние на производительность вызывают картинки. Сначала я пользовался без. ..)
[ 36.647s] LOWLAT skipped known weak draft: Сначала я пользовался бесплатным.
[ 37.388s] LOWLAT sentence queued: Сначала я пользовался бесплатными сервисами.
[ 37.668s] Translation time: 0.279 sec
[ 37.668s] TRANSLATED: At first, I used free services.
[ 37.824s] TTS time: 0.156 sec
[ 37.824s] TTS audio ready: 1.89 sec
[ 37.824s] PLAYBACK queued: At first, I used free services.
[ 38.588s] LOWLAT allowed suspicious fragment: но упирался то влияние.
[ 38.735s] PARTIAL sanitized: removed hallucinated tail (вызывают картинки. Сначала я пользовался бесплатными сервисами, но упирался то в лимит... -> вызывают картинки. Сначала я пользовался бесплатными сервисами, но упирался то в лимит. ..)
[ 38.735s] LOWLAT allowed suspicious fragment: но упирался то в лимит.
[ 39.049s] PARTIAL sanitized: removed hallucinated tail (вызывают картинки. Сначала я пользовался бесплатными сервисами, но опирался то в лимит, то в... -> вызывают картинки. Сначала я пользовался бесплатными сервисами, но опирался то в лимит, то в. ..)
[ 39.050s] LOWLAT allowed suspicious fragment: но опирался то в лимит,
[ 39.205s] LOWLAT allowed suspicious fragment: но опирался то в лимит,
[ 39.206s] LOWLAT sentence queued: но опирался то в лимит,
[ 39.206s] RU2EN source rewrite before translation: но опирался то в лимит, -> но я сталкивался с лимитом,
[ 39.402s] Translation time: 0.196 sec
[ 39.402s] TRANSLATED: But I ran into a limit,
[ 39.555s] LOWLAT allowed suspicious fragment: то в отсутствие юбилей.
[ 39.718s] LOWLAT allowed suspicious fragment: то в отсутствие гиперпетизма.
[ 39.832s] TTS time: 0.189 sec
[ 39.832s] TTS audio ready: 1.23 sec
[ 39.832s] PLAYBACK queued: But I ran into a limit,
[ 39.880s] LOWLAT allowed suspicious fragment: то в отсутствие гибкости.
[ 40.035s] LOWLAT allowed suspicious fragment: то в отсутствие гибкости.
[ 40.035s] LOWLAT sentence queued: то в отсутствие гибкости.
[ 40.369s] Translation time: 0.333 sec
[ 40.369s] TRANSLATED: There is no flexibility.
[ 40.558s] TTS time: 0.189 sec
[ 40.558s] TTS audio ready: 1.35 sec
[ 40.558s] PLAYBACK queued: There is no flexibility.
[ 40.563s] FINAL raw: Сначала я пользовался бесплатными сервисами, но упирался то в лимит, то в отсутствие гибкости.
[ 40.564s] LOWLAT skipped source contained duplicate: Сначала я пользовался бесплатными сервисами, ~= Сначала я пользовался бесплатными сервисами.
[ 40.564s] LOWLAT sentence queued: упирался то в лимит,
[ 40.564s] FINAL cleanup dropped weak draft: Когда я работал в компании AMDase,
[ 40.565s] FINAL cleanup dropped weak draft: Так как у лендингов обычно нет сложности.
[ 40.567s] FINAL: Когда я работал в компании AMDase, я делал лендинги. очень много лендингов. Так как у лендингов обычно нет сложной логики, очень много лайндингов. Так как у лайндингов обычно нет сложной логики, то основное влияние на производительность вызывают картинки. Сначала я пользовался бесплатными сервисами. но опирался то в лимит, то в отсутствие гибкости. упирался то в лимит,
[ 40.567s] RU2EN source rewrite before translation: упирался то в лимит, -> я сталкивался с лимитом,
[ 40.746s] Translation time: 0.180 sec
[ 40.746s] TRANSLATED: I've been facing a limit,
[ 40.748s] LOWLAT allowed suspicious fragment: то в отсутствие гибкости.
[ 41.087s] TTS time: 0.101 sec
[ 41.087s] TTS audio ready: 1.18 sec
[ 41.087s] PLAYBACK queued: I've been facing a limit,
[ 41.100s] PARTIAL sanitized: removed hallucinated tail (Я решил создать... -> Я решил создать. ..)
[ 41.360s] PARTIAL sanitized: removed hallucinated tail (И я решил создать... -> И я решил создать. ..)
[ 41.360s] LOWLAT allowed suspicious fragment: И я решил создать.
[ 41.476s] PARTIAL sanitized: removed hallucinated tail (и я решил создать свой... -> и я решил создать свой. ..)
[ 41.476s] LOWLAT allowed suspicious fragment: и я решил создать свой.
[ 41.714s] LOWLAT allowed suspicious fragment: и я решил создать свой язык.
[ 41.834s] LOWLAT allowed suspicious fragment: И я решил создать свой инструмент.
[ 42.482s] PARTIAL sanitized: removed hallucinated tail (И я решил создать свой инструмент, который... -> И я решил создать свой инструмент, который. ..)
[ 42.482s] LOWLAT allowed suspicious fragment: И я решил создать свой инструмент,
[ 42.482s] LOWLAT phrase_seen relaxed admit: И я решил создать свой инструмент,
[ 42.482s] LOWLAT sentence queued: И я решил создать свой инструмент,
[ 42.623s] PARTIAL sanitized: removed hallucinated tail (И я решил создать свой инструмент, которым... -> И я решил создать свой инструмент, которым. ..)
[ 42.623s] LOWLAT allowed suspicious fragment: И я решил создать свой инструмент,
[ 42.623s] LOWLAT allowed suspicious fragment: которым.
[ 42.765s] PARTIAL sanitized: removed hallucinated tail (И я решил создать свой инструмент, который мог... -> И я решил создать свой инструмент, который мог. ..)
[ 42.765s] LOWLAT allowed suspicious fragment: И я решил создать свой инструмент,
[ 42.766s] LOWLAT allowed suspicious fragment: который мог.
[ 42.875s] Translation time: 0.393 sec
[ 42.876s] TRANSLATED: And I decided to create my instrument,
[ 43.026s] PARTIAL sanitized: removed hallucinated tail (И я решил создать свой инструмент, которым активно... -> И я решил создать свой инструмент, которым активно. ..)
[ 43.026s] LOWLAT allowed suspicious fragment: которым активно.
[ 43.283s] LOWLAT allowed suspicious fragment: которым активно пользуется.
[ 43.391s] TTS time: 0.275 sec
[ 43.391s] TTS audio ready: 1.92 sec
[ 43.391s] PLAYBACK queued: And I decided to create my instrument,
[ 43.416s] LOWLAT allowed suspicious fragment: которым активно пользуюсь.
[ 43.683s] LOWLAT allowed suspicious fragment: которым активно пользуюсь в достижении.
[ 43.826s] LOWLAT allowed suspicious fragment: которым активно пользуюсь до сих пор.
[ 44.842s] LOWLAT allowed suspicious fragment: которым активно пользуюсь до сих пор,
[ 45.000s] LOWLAT allowed suspicious fragment: которым активно пользуюсь до сих пор,
[ 45.000s] LOWLAT sentence queued: которым активно пользуюсь до сих пор,
[ 45.000s] RU2EN source rewrite before translation: которым активно пользуюсь до сих пор, -> я активно пользуюсь этим до сих пор,
[ 45.177s] PARTIAL sanitized: removed hallucinated tail (И я решил создать свой инструмент, которым активно пользуюсь до сих пор, который помог мне не... -> И я решил создать свой инструмент, которым активно пользуюсь до сих пор, который помог мне не. ..)
[ 45.178s] LOWLAT allowed suspicious fragment: которым активно пользуюсь до сих пор,
[ 45.178s] LOWLAT allowed suspicious fragment: который помог мне не.
[ 45.314s] Translation time: 0.314 sec
[ 45.314s] TRANSLATED: I've been using it very actively so far,
[ 45.348s] LOWLAT allowed suspicious fragment: который помог мне невероятно.
[ 45.795s] TTS time: 0.240 sec
[ 45.795s] TTS audio ready: 2.10 sec
[ 45.795s] PLAYBACK queued: I've been using it very actively so far,
[ 45.835s] LOWLAT allowed suspicious fragment: который помог мне невероятно быстро.
[ 46.287s] LOWLAT allowed suspicious fragment: который помог мне невероятно быстро ускорить.
[ 46.733s] LOWLAT allowed suspicious fragment: который помог мне невероятно быстро ускорить работу.
[ 46.887s] LOWLAT allowed suspicious fragment: который помог мне невероятно быстро ускорить работу.
[ 46.887s] LOWLAT sentence queued: который помог мне невероятно быстро ускорить работу.
[ 47.233s] FINAL raw: которым активно пользуюсь до сих пор, который помог мне невероятно быстро ускорить работу.
[ 47.233s] LOWLAT sentence stream: no new segments (final=True)
[ 47.234s] FINAL: И я решил создать свой инструмент, которым активно пользуюсь до сих пор, который помог мне невероятно быстро ускорить работу.
[ 47.241s] Translation time: 0.354 sec
[ 47.241s] TRANSLATED: The one who helped me speed up my work in an incredibly fast way.
[ 47.425s] TTS time: 0.183 sec
[ 47.425s] TTS audio ready: 3.07 sec
[ 47.425s] PLAYBACK queued: The one who helped me speed up my work in an incredibly fast way.
