[  0.000s] Loading translation model: RU -> EN ...
[  3.413s] Loading TTS voice: en_US-ryan-medium ...
[  6.186s] Runtime prewarm started
[  6.186s] Runtime prewarm ready
[  7.258s] LOWLAT sentence queued: Всем привет!
[  7.508s] PARTIAL sanitized: removed hallucinated tail (Всем привет, меня зовут... -> Всем привет, меня зовут. ..)
[  8.555s] Translation time: 1.297 sec
[  8.555s] TRANSLATED: Hey, everybody!
[  8.720s] LOWLAT sentence queued: меня зовут Ярослав,
[  9.024s] Translation time: 0.304 sec
[  9.024s] TRANSLATED: My name is Jaroslav,
[  9.448s] LOWLAT sentence queued: мне 26 лет,
[  9.569s] TTS time: 1.014 sec
[  9.569s] TTS audio ready: 1.03 sec
[  9.722s] Translation time: 0.274 sec
[  9.722s] TRANSLATED: I'm 26 years old,
[  9.722s] TTS continuation merged: 2 chunks
[ 10.025s] TTS time: 0.303 sec
[ 10.025s] TTS audio ready: 2.65 sec
[ 11.039s] PARTIAL sanitized: removed hallucinated tail (Всем привет, меня зовут Ярослав, мне 26 лет, я из Украины. Сейчас мы общаемся... -> Всем привет, меня зовут Ярослав, мне 26 лет, я из Украины. Сейчас мы общаемся. ..)
[ 11.039s] LOWLAT sentence queued: я из Украины.
[ 11.195s] Translation time: 0.156 sec
[ 11.195s] TRANSLATED: I'm from Ukraine.
[ 11.351s] TTS time: 0.156 sec
[ 11.351s] TTS audio ready: 0.88 sec
[ 11.351s] PARTIAL sanitized: removed hallucinated tail (Всем привет, меня зовут Ярослав, мне 26 лет, я из Украины. Сейчас мы общаемся через... -> Всем привет, меня зовут Ярослав, мне 26 лет, я из Украины. Сейчас мы общаемся через. ..)
[ 12.579s] PARTIAL sanitized: removed hallucinated tail (Меня зовут Ярослав, мне 26 лет, я из Украины. Сейчас мы общаемся через мой переводчик в реально... -> Меня зовут Ярослав, мне 26 лет, я из Украины. Сейчас мы общаемся через мой переводчик в реально. ..)
[ 13.026s] LOWLAT sentence queued: Сейчас мы общаемся через мой переводчик в реальном времени.
[ 13.335s] Translation time: 0.308 sec
[ 13.335s] TRANSLATED: Now we're talking through my translator in real time.
[ 13.495s] TTS time: 0.160 sec
[ 13.495s] TTS audio ready: 2.43 sec
[ 15.132s] PARTIAL sanitized: removed hallucinated tail (Сейчас мы общаемся через мой переводчик в реальном времени. Я его создал для помощи в преодолении... -> Сейчас мы общаемся через мой переводчик в реальном времени. Я его создал для помощи в преодолении. ..)
[ 16.502s] LOWLAT sentence queued: Я его создал для помощи в преодолении языкового барьера.
[ 16.799s] Translation time: 0.297 sec
[ 16.799s] TRANSLATED: I created it to help overcome the language barrier.
[ 16.843s] PARTIAL sanitized: removed hallucinated tail (переводчик в реальном времени. Я его создал для помощи в преодолении языкового барьера, так как... -> переводчик в реальном времени. Я его создал для помощи в преодолении языкового барьера, так как. ..)
[ 16.958s] TTS time: 0.160 sec
[ 16.958s] TTS audio ready: 2.53 sec
[ 16.993s] PARTIAL sanitized: removed hallucinated tail (Я его создал для помощи в преодолении языкового барьера, так как мы... -> Я его создал для помощи в преодолении языкового барьера, так как мы. ..)
[ 18.790s] LOWLAT sentence queued: так как мой английский слабее уровня комфортного.
[ 18.982s] Translation time: 0.192 sec
[ 18.982s] TRANSLATED: Because my English is weaker than my comfort level.
[ 19.403s] TTS time: 0.179 sec
[ 19.403s] TTS audio ready: 2.32 sec
[ 22.067s] LOWLAT sentence queued: Также у меня есть еще один пэт проект.
[ 22.259s] PARTIAL sanitized: removed hallucinated tail (диски слабее уровня комфортного общения. Также у меня есть еще один пэт проект. Это проект... -> диски слабее уровня комфортного общения. Также у меня есть еще один пэт проект. Это проект. ..)
[ 22.267s] Translation time: 0.200 sec
[ 22.267s] TRANSLATED: I also have another Pat project.
[ 22.528s] TTS time: 0.260 sec
[ 22.528s] TTS audio ready: 1.68 sec
[ 22.578s] PARTIAL sanitized: removed hallucinated tail (слабее уровня комфортного общения. Также у меня есть еще один пэт проект. Это проект для... -> слабее уровня комфортного общения. Также у меня есть еще один пэт проект. Это проект для. ..)
[ 23.064s] LOWLAT sentence queued: Это проект для конвертации.
[ 23.250s] Translation time: 0.186 sec
[ 23.250s] TRANSLATED: It's a conversion project.
[ 23.407s] TTS time: 0.157 sec
[ 23.407s] TTS audio ready: 1.38 sec
[ 24.320s] FINAL raw: Также у меня есть еще один пэт проект. Это проект для конвертации изображений.
[ 24.320s] LOWLAT sentence stream: no new segments (final=True)
[ 24.322s] FINAL: Всем привет! меня зовут Ярослав, мне 26 лет, я из Украины. Сейчас мы общаемся через мой переводчик в реальном времени. Я его создал для помощи в преодолении языкового барьера. так как мой английский слабее уровня комфортного. Также у меня есть еще один пэт проект. Это проект для конвертации.
[ 25.070s] PARTIAL sanitized: removed hallucinated tail (Когда я работал в... -> Когда я работал в. ..)
[ 26.441s] PARTIAL sanitized: removed hallucinated tail (Когда я работал в компании AMDase, я... -> Когда я работал в компании AMDase, я. ..)
[ 26.441s] LOWLAT sentence queued: Когда я работал в компании AMDase,
[ 26.577s] PARTIAL sanitized: removed hallucinated tail (Когда я работал в компании AMDs, я... -> Когда я работал в компании AMDs, я. ..)
[ 26.731s] Translation time: 0.289 sec
[ 26.731s] TRANSLATED: When I was working for AMDase,
[ 26.731s] PARTIAL sanitized: removed hallucinated tail (Когда я работал в компании AMDs, я делал... -> Когда я работал в компании AMDs, я делал. ..)
[ 27.130s] TTS time: 0.159 sec
[ 27.130s] TTS audio ready: 1.65 sec
[ 28.639s] LOWLAT sentence queued: я делал лейдинги.
[ 28.828s] Translation time: 0.189 sec
[ 28.828s] TRANSLATED: I used to make leidings.
[ 29.075s] TTS time: 0.246 sec
[ 29.075s] TTS audio ready: 1.29 sec
[ 29.838s] LOWLAT sentence queued: очень много лейдингов.
[ 30.135s] Translation time: 0.297 sec
[ 30.135s] TRANSLATED: There's a lot of leidings.
[ 30.320s] TTS time: 0.184 sec
[ 30.320s] TTS audio ready: 1.09 sec
[ 30.902s] PARTIAL sanitized: removed hallucinated tail (А МДС я делал лейдинги. Очень много лейдингов. Так как у лейдингов обычно... -> А МДС я делал лейдинги. Очень много лейдингов. Так как у лейдингов обычно. ..)
[ 32.710s] LOWLAT sentence queued: очень много лайндингов.
[ 32.900s] PARTIAL sanitized: removed hallucinated tail (очень много лайндингов. Так как у лайндингов обычно нет сложной логики, то основное влияние... -> очень много лайндингов. Так как у лайндингов обычно нет сложной логики, то основное влияние. ..)
[ 32.906s] Translation time: 0.196 sec
[ 32.906s] TRANSLATED skipped same-prefix retry: There's a lot of Lindings. ~= There's a lot of leidings.
[ 33.055s] PARTIAL sanitized: removed hallucinated tail (очень много лайндингов. Так как у лайндингов обычно нет сложной логики, то основное влияние на... -> очень много лайндингов. Так как у лайндингов обычно нет сложной логики, то основное влияние на. ..)
[ 33.056s] LOWLAT sentence queued: Так как у лайндингов обычно нет сложной логики,
[ 33.364s] Translation time: 0.308 sec
[ 33.364s] TRANSLATED: Because the Lindings don't usually have complex logic,
[ 33.817s] TTS time: 0.213 sec
[ 33.817s] TTS audio ready: 2.68 sec
[ 34.154s] PARTIAL sanitized: removed hallucinated tail (Так как у лайндингов обычно нет сложной логики, то основное влияние на производительность вызывает... -> Так как у лайндингов обычно нет сложной логики, то основное влияние на производительность вызывает. ..)
[ 34.937s] LOWLAT sentence queued: то основное влияние на производительность вызывают картинки.
[ 35.124s] Translation time: 0.188 sec
[ 35.124s] TRANSLATED: the main effect on productivity is caused by images.
[ 35.373s] TTS time: 0.249 sec
[ 35.373s] TTS audio ready: 3.30 sec
[ 36.159s] PARTIAL sanitized: removed hallucinated tail (сложной логике, то основное влияние на производительность вызывают картинки. Сначала я пользуюсь... -> сложной логике, то основное влияние на производительность вызывают картинки. Сначала я пользуюсь. ..)
[ 36.621s] PARTIAL sanitized: removed hallucinated tail (логики, то основное влияние на производительность вызывают картинки. Сначала я пользовался без... -> логики, то основное влияние на производительность вызывают картинки. Сначала я пользовался без. ..)
[ 37.704s] LOWLAT sentence queued: Сначала я пользовался бесплатными сервисами.
[ 38.011s] Translation time: 0.306 sec
[ 38.011s] TRANSLATED: At first, I used free services.
[ 38.183s] TTS time: 0.172 sec
[ 38.183s] TTS audio ready: 1.80 sec
[ 38.871s] PARTIAL sanitized: removed hallucinated tail (вызывают картинки. Сначала я пользовался бесплатными сервисами, но упирался то в лимит... -> вызывают картинки. Сначала я пользовался бесплатными сервисами, но упирался то в лимит. ..)
[ 39.216s] PARTIAL sanitized: removed hallucinated tail (вызывают картинки. Сначала я пользовался бесплатными сервисами, но опирался то в лимит, то в... -> вызывают картинки. Сначала я пользовался бесплатными сервисами, но опирался то в лимит, то в. ..)
[ 39.377s] LOWLAT sentence queued: но опирался то в лимит,
[ 39.378s] LOWLAT held incomplete source: но опирался то в лимит,
[ 39.914s] LOWLAT sentence queued: но упирался то в лимит,
[ 39.921s] Translation time: 0.191 sec
[ 39.921s] TRANSLATED: But he kept himself within bounds,
[ 39.921s] LOWLAT held incomplete source: но упирался то в лимит,
[ 40.395s] TTS time: 0.233 sec
[ 40.395s] TTS audio ready: 1.63 sec
[ 40.474s] Translation time: 0.203 sec
[ 40.474s] TRANSLATED: But he fell into a bounds,
[ 40.637s] FINAL raw: Сначала я пользовался бесплатными сервисами, но упирался то в лимит, то в отсутствие гибкости.
[ 40.637s] LOWLAT skipped source contained duplicate: Сначала я пользовался бесплатными сервисами, ~= Сначала я пользовался бесплатными сервисами.
[ 40.638s] LOWLAT sentence queued: то в отсутствие гибкости.
[ 40.640s] FINAL: Когда я работал в компании AMDase, я делал лейдинги. очень много лейдингов. очень много лайндингов. Так как у лайндингов обычно нет сложной логики, то основное влияние на производительность вызывают картинки. Сначала я пользовался бесплатными сервисами. но опирался то в лимит, но упирался то в лимит, то в отсутствие гибкости.
[ 40.640s] LOWLAT held incomplete source: то в отсутствие гибкости.
[ 40.855s] TTS time: 0.136 sec
[ 40.855s] TTS audio ready: 1.44 sec
[ 41.253s] PARTIAL sanitized: removed hallucinated tail (Я решил создать... -> Я решил создать. ..)
[ 41.495s] PARTIAL sanitized: removed hallucinated tail (И я решил создать... -> И я решил создать. ..)
[ 41.609s] Translation time: 0.619 sec
[ 41.609s] TRANSLATED: There is no flexibility.
[ 41.620s] PARTIAL sanitized: removed hallucinated tail (и я решил создать свой... -> и я решил создать свой. ..)
[ 41.840s] TTS time: 0.231 sec
[ 41.840s] TTS audio ready: 1.27 sec
[ 42.591s] PARTIAL sanitized: removed hallucinated tail (И я решил создать свой инструмент, который... -> И я решил создать свой инструмент, который. ..)
[ 42.713s] PARTIAL sanitized: removed hallucinated tail (И я решил создать свой инструмент, которым... -> И я решил создать свой инструмент, которым. ..)
[ 42.713s] LOWLAT sentence queued: И я решил создать свой инструмент,
[ 42.858s] PARTIAL sanitized: removed hallucinated tail (И я решил создать свой инструмент, который мог... -> И я решил создать свой инструмент, который мог. ..)
[ 43.007s] Translation time: 0.293 sec
[ 43.007s] TRANSLATED: And I decided to create my instrument,
[ 43.131s] PARTIAL sanitized: removed hallucinated tail (И я решил создать свой инструмент, которым активно... -> И я решил создать свой инструмент, которым активно. ..)
[ 43.415s] TTS time: 0.167 sec
[ 43.415s] TTS audio ready: 1.93 sec
[ 45.083s] LOWLAT sentence queued: которым активно пользуюсь до сих пор,
[ 45.083s] LOWLAT held incomplete source: которым активно пользуюсь до сих пор,
[ 45.236s] PARTIAL sanitized: removed hallucinated tail (И я решил создать свой инструмент, которым активно пользуюсь до сих пор, который помог мне не... -> И я решил создать свой инструмент, которым активно пользуюсь до сих пор, который помог мне не. ..)
[ 45.677s] Translation time: 0.244 sec
[ 45.677s] TRANSLATED: which I have so far actively used,
[ 46.108s] TTS time: 0.191 sec
[ 46.108s] TTS audio ready: 1.97 sec
[ 47.034s] LOWLAT sentence queued: который помог мне невероятно быстро ускорить работу.
[ 47.034s] LOWLAT held incomplete source: который помог мне невероятно быстро ускорить работу.
[ 47.335s] FINAL raw: которым активно пользуюсь до сих пор, который помог мне невероятно быстро ускорить работу.
[ 47.335s] LOWLAT sentence stream: no new segments (final=True)
[ 47.336s] FINAL: И я решил создать свой инструмент, которым активно пользуюсь до сих пор, который помог мне невероятно быстро ускорить работу.
[ 47.573s] Translation time: 0.188 sec
[ 47.573s] TRANSLATED: The one who helped me speed up my work in an incredibly fast way.
[ 47.698s] TTS time: 0.126 sec
[ 47.698s] TTS audio ready: 3.30 sec
