[  0.000s] Loading translation model: RU -> EN ...
[  3.429s] Loading TTS voice: en_US-ryan-medium ...
[  6.230s] Runtime prewarm started
[  6.230s] Runtime prewarm ready
[  7.512s] LOWLAT sentence queued: Всем привет!
[  7.802s] PARTIAL sanitized: removed hallucinated tail (Всем привет! Меня зовут... -> Всем привет! Меня зовут. ..)
[  8.498s] LOWLAT sentence queued: меня зовут Ярослав.
[  8.632s] Translation time: 1.120 sec
[  8.632s] TRANSLATED: Hey, everybody!
[  8.969s] Translation time: 0.338 sec
[  8.969s] TRANSLATED: My name is Jaroslav.
[  9.772s] TTS time: 1.080 sec
[  9.773s] TTS audio ready: 1.02 sec
[  9.965s] LOWLAT sentence queued: мне 26 лет,
[ 10.124s] TTS time: 0.290 sec
[ 10.124s] TTS audio ready: 1.35 sec
[ 10.305s] Translation time: 0.340 sec
[ 10.305s] TRANSLATED: I'm 26 years old,
[ 10.644s] TTS time: 0.279 sec
[ 10.644s] TTS audio ready: 1.39 sec
[ 11.044s] FINAL: Всем привет, меня зовут Ярослав, мне 26 лет, я из Украины.
[ 11.044s] LOWLAT sentence queued: я из Украины.
[ 11.256s] Translation time: 0.213 sec
[ 11.256s] TRANSLATED: I'm from Ukraine.
[ 11.500s] TTS time: 0.183 sec
[ 11.500s] TTS audio ready: 0.94 sec
[ 11.516s] PARTIAL sanitized: removed hallucinated tail (Сейчас мы... -> Сейчас мы. ..)
[ 12.260s] PARTIAL sanitized: removed hallucinated tail (Сейчас мы общаемся через... -> Сейчас мы общаемся через. ..)
[ 14.637s] FINAL: Сейчас мы общаемся через мой переводчик в реальном времени.
[ 14.637s] LOWLAT sentence queued: Сейчас мы общаемся через мой переводчик в реальном времени.
[ 14.716s] Translation time: 0.079 sec
[ 14.716s] TRANSLATED: Now we're talking through my translator in real time.
[ 14.909s] TTS time: 0.133 sec
[ 14.909s] TTS audio ready: 2.45 sec
[ 15.149s] PARTIAL sanitized: removed hallucinated tail (И я вас... -> И я вас. ..)
[ 15.629s] PARTIAL sanitized: removed hallucinated tail (Я его создал для... -> Я его создал для. ..)
[ 18.420s] PARTIAL sanitized: removed hallucinated tail (Я его создал для помощи в преодолении языкового барьера, так как... -> Я его создал для помощи в преодолении языкового барьера, так как. ..)
[ 18.561s] PARTIAL sanitized: removed hallucinated tail (Я его создал для помощи в преодолении языкового барьера, так как мы... -> Я его создал для помощи в преодолении языкового барьера, так как мы. ..)
[ 18.561s] LOWLAT sentence queued: Я его создал для помощи в преодолении языкового барьера,
[ 18.868s] Translation time: 0.307 sec
[ 18.868s] TRANSLATED: I created it to help overcome the language barrier,
[ 19.160s] TTS time: 0.231 sec
[ 19.160s] TTS audio ready: 2.55 sec
[ 20.301s] LOWLAT sentence queued: так как мой английский слабее уровня комфорта.
[ 20.594s] Translation time: 0.293 sec
[ 20.594s] TRANSLATED: Because my English is weaker than my comfort level.
[ 20.918s] TTS time: 0.263 sec
[ 20.918s] TTS audio ready: 2.28 sec
[ 21.446s] FINAL: преодоление языкового барьера, так как мой английский слабее уровня комфортного общения.
[ 21.446s] LOWLAT sentence queued: преодоление языкового барьера,
[ 21.446s] LOWLAT sentence queued: так как мой английский слабее уровня комфортного общения.
[ 21.487s] Translation time: 0.041 sec
[ 21.487s] TRANSLATED: Overcoming the language barrier,
[ 21.557s] Translation time: 0.070 sec
[ 21.557s] TRANSLATED: Because my English is weaker than my comfort level.
[ 21.673s] TTS time: 0.126 sec
[ 21.673s] TTS audio ready: 1.60 sec
[ 21.859s] TTS time: 0.126 sec
[ 21.859s] TTS audio ready: 2.40 sec
[ 22.684s] PARTIAL sanitized: removed hallucinated tail (Также у меня есть еще... -> Также у меня есть еще. ..)
[ 24.344s] PARTIAL sanitized: removed hallucinated tail (Также у меня есть еще один пэт проект. Это проект... -> Также у меня есть еще один пэт проект. Это проект. ..)
[ 24.482s] PARTIAL sanitized: removed hallucinated tail (Также у меня есть еще один пэт проект. Это проект для... -> Также у меня есть еще один пэт проект. Это проект для. ..)
[ 24.482s] LOWLAT sentence queued: Также у меня есть еще один пэт проект.
[ 24.783s] Translation time: 0.300 sec
[ 24.783s] TRANSLATED: I also have another Pat project.
[ 25.055s] TTS time: 0.210 sec
[ 25.055s] TTS audio ready: 1.75 sec
[ 26.316s] FINAL: Также у меня есть еще один пэт проект. Это проект для конвертации изображений.
[ 26.316s] LOWLAT sentence queued: Это проект для конвертации изображений.
[ 26.374s] Translation time: 0.057 sec
[ 26.374s] TRANSLATED: It's a project to convert images.
[ 26.554s] TTS time: 0.120 sec
[ 26.554s] TTS audio ready: 1.76 sec
[ 28.639s] LOWLAT sentence queued: Когда я работал в компании AMD,
[ 28.778s] PARTIAL sanitized: removed hallucinated tail (Когда я работал в компании AMDase, я... -> Когда я работал в компании AMDase, я. ..)
[ 28.923s] Translation time: 0.283 sec
[ 28.923s] TRANSLATED: When I was working for AMD,
[ 29.165s] TTS time: 0.182 sec
[ 29.165s] TTS audio ready: 1.45 sec
[ 30.933s] PARTIAL sanitized: removed hallucinated tail (Когда я работал в компании AMDays, я делал лендинги. Очень много... -> Когда я работал в компании AMDays, я делал лендинги. Очень много. ..)
[ 31.075s] LOWLAT sentence queued: я делал лендинги.
[ 31.373s] Translation time: 0.298 sec
[ 31.373s] TRANSLATED: I've been making the landings.
[ 31.666s] TTS time: 0.231 sec
[ 31.666s] TTS audio ready: 1.37 sec
[ 31.849s] FINAL: Когда я работал в компании AMDays я делал лендинги. Очень много лендингов.
[ 31.850s] LOWLAT sentence queued: Когда я работал в компании AMDays я делал лендинги.
[ 31.850s] LOWLAT sentence queued: Очень много лендингов.
[ 32.080s] Translation time: 0.230 sec
[ 32.080s] TRANSLATED: When I was working for the AmDays company, I was doing a longing.
[ 32.139s] Translation time: 0.059 sec
[ 32.139s] TRANSLATED: There's a lot of landings.
[ 32.140s] TTS merged batch: 2 chunks
[ 32.393s] TTS time: 0.253 sec
[ 32.393s] TTS audio ready: 4.26 sec
[ 34.836s] LOWLAT sentence queued: Так как у лейдингов обычно нет сложной логики,
[ 35.253s] Translation time: 0.417 sec
[ 35.253s] TRANSLATED: Because the leidings don't usually have complex logic,
[ 35.552s] TTS time: 0.237 sec
[ 35.552s] TTS audio ready: 2.67 sec
[ 36.239s] PARTIAL sanitized: removed hallucinated tail (Так как у лейдингов обычно нет сложной логики, то основное влияние на... -> Так как у лейдингов обычно нет сложной логики, то основное влияние на. ..)
[ 38.369s] LOWLAT sentence queued: то основное влияние на производительность вызывают картинки.
[ 38.662s] Translation time: 0.293 sec
[ 38.662s] TRANSLATED: the main effect on productivity is caused by images.
[ 38.934s] TTS time: 0.199 sec
[ 38.934s] TTS audio ready: 3.17 sec
[ 40.546s] LOWLAT sentence queued: Сначала я пользовался бесплатными системами.
[ 40.820s] Translation time: 0.274 sec
[ 40.820s] TRANSLATED: At first, I used free systems.
[ 41.109s] TTS time: 0.228 sec
[ 41.109s] TTS audio ready: 1.89 sec
[ 41.582s] LOWLAT sentence queued: производительность вызывают картинки.
[ 41.746s] Translation time: 0.164 sec
[ 41.746s] TRANSLATED: productivity causes pictures.
[ 41.998s] TTS time: 0.191 sec
[ 41.998s] TTS audio ready: 1.54 sec
[ 42.034s] LOWLAT sentence queued: Сначала я пользовался бесплатными сервисами,
[ 42.213s] Translation time: 0.179 sec
[ 42.213s] TRANSLATED: At first, I used free services,
[ 42.466s] TTS time: 0.191 sec
[ 42.466s] TTS audio ready: 1.90 sec
[ 42.519s] LOWLAT sentence queued: но упирался то в лимит,
[ 42.693s] Translation time: 0.174 sec
[ 42.693s] TRANSLATED: But he fell into a bounds,
[ 42.972s] TTS time: 0.219 sec
[ 42.972s] TTS audio ready: 1.42 sec
[ 43.896s] FINAL: Сначала я пользовался бесплатными сервисами, но опирался то в лимит, то в отсутствие гибкости.
[ 43.897s] LOWLAT sentence queued: но опирался то в лимит,
[ 43.897s] LOWLAT sentence queued: то в отсутствие гибкости.
[ 44.071s] Translation time: 0.174 sec
[ 44.072s] TRANSLATED: But he kept himself within bounds,
[ 44.161s] Translation time: 0.090 sec
[ 44.161s] TRANSLATED: There is no flexibility.
[ 44.258s] TTS time: 0.126 sec
[ 44.258s] TTS audio ready: 1.56 sec
[ 44.446s] TTS time: 0.128 sec
[ 44.446s] TTS audio ready: 1.31 sec
[ 44.698s] PARTIAL sanitized: removed hallucinated tail (Я решил... -> Я решил. ..)
[ 44.928s] PARTIAL sanitized: removed hallucinated tail (Я решил создать... -> Я решил создать. ..)
[ 46.186s] PARTIAL sanitized: removed hallucinated tail (Я решил создать свой инструмент, который... -> Я решил создать свой инструмент, который. ..)
[ 46.317s] PARTIAL sanitized: removed hallucinated tail (Я решил создать свой инструмент, которым... -> Я решил создать свой инструмент, которым. ..)
[ 46.317s] LOWLAT sentence queued: Я решил создать свой инструмент,
[ 46.613s] Translation time: 0.296 sec
[ 46.613s] TRANSLATED: I've decided to create my instrument,
[ 46.849s] TTS time: 0.175 sec
[ 46.849s] TTS audio ready: 1.92 sec
[ 48.253s] FINAL: Я решил создать свой инструмент, которым активно пользуюсь до сих пор.
[ 48.254s] LOWLAT sentence queued: которым активно пользуюсь до сих пор.
[ 48.440s] Translation time: 0.185 sec
[ 48.440s] TRANSLATED: I've been using it so far.
[ 48.623s] TTS time: 0.123 sec
[ 48.623s] TTS audio ready: 1.35 sec
[ 49.902s] PARTIAL sanitized: removed hallucinated tail (который помог мне невероятно б... -> который помог мне невероятно б. ..)
[ 51.647s] FINAL: который помог мне невероятно быстро ускорить работу.
[ 51.648s] LOWLAT sentence queued: который помог мне невероятно быстро ускорить работу.
[ 51.875s] Translation time: 0.227 sec
[ 51.875s] TRANSLATED: The one who helped me speed up my work in an incredibly fast way.
[ 52.061s] TTS time: 0.126 sec
[ 52.061s] TTS audio ready: 3.13 sec
