[  0.000s] Loading translation model: RU -> EN ...
[  3.282s] Loading TTS voice: en_US-ryan-medium ...
[  6.255s] Runtime prewarm started
[  6.255s] Runtime prewarm ready
[  7.326s] LOWLAT sentence queued: Всем привет!
[  7.570s] PARTIAL sanitized: removed hallucinated tail (Всем привет, меня зовут... -> Всем привет, меня зовут. ..)
[  8.478s] Translation time: 1.152 sec
[  8.478s] TRANSLATED: Hey, everybody!
[  8.624s] LOWLAT phrase_seen relaxed admit: меня зовут Ярослав,
[  8.624s] LOWLAT sentence queued: меня зовут Ярослав,
[  9.061s] Translation time: 0.437 sec
[  9.061s] TRANSLATED: My name is Jaroslav,
[  9.514s] TTS time: 1.036 sec
[  9.514s] TTS audio ready: 0.98 sec
[  9.514s] PLAYBACK queued: Hey, everybody!
[  9.529s] LOWLAT sentence queued: мне 26 лет,
[  9.821s] Translation time: 0.292 sec
[  9.821s] TRANSLATED: I'm 26 years old,
[  9.971s] TTS time: 0.216 sec
[  9.971s] TTS audio ready: 1.17 sec
[  9.971s] PLAYBACK queued: My name is Jaroslav,
[ 10.383s] TTS time: 0.171 sec
[ 10.383s] TTS audio ready: 1.40 sec
[ 10.383s] PLAYBACK queued: I'm 26 years old,
[ 10.990s] LOWLAT sentence queued: я из Украины.
[ 11.162s] Translation time: 0.172 sec
[ 11.162s] TRANSLATED: I'm from Ukraine.
[ 11.166s] PARTIAL sanitized: removed hallucinated tail (Всем привет, меня зовут Ярослав, мне 26 лет, я из Украины. Сейчас мы общаемся... -> Всем привет, меня зовут Ярослав, мне 26 лет, я из Украины. Сейчас мы общаемся. ..)
[ 11.323s] PARTIAL sanitized: removed hallucinated tail (Всем привет, меня зовут Ярослав, мне 26 лет, я из Украины. Сейчас мы общаемся через... -> Всем привет, меня зовут Ярослав, мне 26 лет, я из Украины. Сейчас мы общаемся через. ..)
[ 11.407s] TTS time: 0.245 sec
[ 11.407s] TTS audio ready: 0.84 sec
[ 11.407s] PLAYBACK queued: I'm from Ukraine.
[ 11.641s] PARTIAL sanitized: removed hallucinated tail (Всем привет, меня зовут Ярослав, мне 26 лет, я из Украины. Сейчас мы общаемся через мой... -> Всем привет, меня зовут Ярослав, мне 26 лет, я из Украины. Сейчас мы общаемся через мой. ..)
[ 12.276s] LOWLAT sentence queued: Сейчас мы общаемся через мой переводчик.
[ 12.456s] Translation time: 0.180 sec
[ 12.456s] TRANSLATED: Now we're talking through my interpreter.
[ 12.614s] TTS time: 0.158 sec
[ 12.614s] TTS audio ready: 1.71 sec
[ 12.614s] PLAYBACK queued: Now we're talking through my interpreter.
[ 12.629s] PARTIAL sanitized: removed hallucinated tail (Меня зовут Ярослав, мне 26 лет, я из Украины. Сейчас мы общаемся через мой переводчик в реально... -> Меня зовут Ярослав, мне 26 лет, я из Украины. Сейчас мы общаемся через мой переводчик в реально. ..)
[ 12.775s] LOWLAT skipped partial rewind suffix: в реально время. ~= Ярослав, мне 26 лет, я из Украины. Сейчас мы общаемся через мой переводчик в реально время.
[ 12.930s] LOWLAT skipped partial rewind suffix: в реальном времени. ~= Ярослав, мне 26 лет, я из Украины. Сейчас мы общаемся через мой переводчик в реальном времени.
[ 13.075s] LOWLAT skipped partial rewind suffix: в реальном времени. ~= Мне 26 лет, я из Украины. Сейчас мы общаемся через мой переводчик в реальном времени.
[ 13.664s] LOWLAT skipped partial rewind suffix: в реальном времени. ~= 26 лет, я из Украины. Сейчас мы общаемся через мой переводчик в реальном времени.
[ 13.804s] LOWLAT skipped partial rewind suffix: в реальном времени. ~= Я из Украины. Сейчас мы общаемся через мой переводчик в реальном времени.
[ 13.952s] LOWLAT skipped partial rewind suffix: в реальном времени. ~= 6 лет я из Украины. Сейчас мы общаемся через мой переводчик в реальном времени.
[ 14.104s] LOWLAT skipped partial rewind suffix: в реальном времени. ~= лет я из Украины. Сейчас мы общаемся через мой переводчик в реальном времени. Я его создал.
[ 14.398s] LOWLAT skipped partial rewind suffix: в реальном времени. ~= из Украины. Сейчас мы общаемся через мой переводчик в реальном времени. Я его создал для
[ 14.539s] LOWLAT skipped partial rewind suffix: в реальном времени. ~= Сейчас мы общаемся через мой переводчик в реальном времени. Я его создал для помощи.
[ 14.834s] LOWLAT skipped partial rewind suffix: в реальном времени. ~= Сейчас мы общаемся через мой переводчик в реальном времени. Я его создал для помощи в принципе.
[ 14.985s] LOWLAT skipped partial rewind suffix: в реальном времени. ~= Сейчас мы общаемся через мой переводчик в реальном времени. Я его создал для помощи в приоткновении.
[ 15.146s] LOWLAT skipped partial rewind suffix: в реальном времени. ~= Сейчас мы общаемся через мой переводчик в реальном времени. Я его создал для помощи в преодолевании.
[ 15.309s] PARTIAL sanitized: removed hallucinated tail (Сейчас мы общаемся через мой переводчик в реальном времени. Я его создал для помощи в преодолении... -> Сейчас мы общаемся через мой переводчик в реальном времени. Я его создал для помощи в преодолении. ..)
[ 15.309s] LOWLAT skipped partial rewind suffix: в реальном времени. ~= Сейчас мы общаемся через мой переводчик в реальном времени. Я его создал для помощи в преодолении. ..
[ 15.776s] LOWLAT sentence queued: в реальном времени.
[ 15.959s] Translation time: 0.183 sec
[ 15.959s] TRANSLATED: In real time.
[ 16.118s] TTS time: 0.159 sec
[ 16.118s] TTS audio ready: 0.89 sec
[ 16.118s] PLAYBACK queued: In real time.
[ 16.627s] LOWLAT sentence queued: Я его создал для помощи в преодолении языкового барьера.
[ 16.847s] PARTIAL sanitized: removed hallucinated tail (переводчик в реальном времени. Я его создал для помощи в преодолении языкового барьера, так как... -> переводчик в реальном времени. Я его создал для помощи в преодолении языкового барьера, так как. ..)
[ 16.848s] LOWLAT allowed suspicious fragment: так как.
[ 16.851s] Translation time: 0.224 sec
[ 16.851s] TRANSLATED: I created it to help overcome the language barrier.
[ 17.021s] LOWLAT allowed suspicious fragment: так как мы не можем использовать.
[ 17.140s] TTS time: 0.284 sec
[ 17.140s] TTS audio ready: 2.61 sec
[ 17.140s] PLAYBACK queued: I created it to help overcome the language barrier.
[ 17.177s] PARTIAL sanitized: removed hallucinated tail (Я его создал для помощи в преодолении языкового барьера, так как мы... -> Я его создал для помощи в преодолении языкового барьера, так как мы. ..)
[ 17.177s] LOWLAT allowed suspicious fragment: так как мы.
[ 17.631s] LOWLAT allowed suspicious fragment: так как мой английский славянный язык не использует.
[ 17.781s] LOWLAT allowed suspicious fragment: так как мой английский слабее.
[ 17.947s] LOWLAT allowed suspicious fragment: так как мой английский слабее улучшен.
[ 18.112s] LOWLAT allowed suspicious fragment: так как мой английский слабее уровня.
[ 18.600s] LOWLAT allowed suspicious fragment: так как мой английский слабее уровня комфорта.
[ 18.771s] LOWLAT allowed suspicious fragment: так как мой английский слабее уровня комфортного.
[ 18.953s] LOWLAT allowed suspicious fragment: так как мой английский слабее уровня комфортного опьянения.
[ 19.108s] LOWLAT allowed suspicious fragment: так как в английский слабее уровня комфортного общения.
[ 19.262s] LOWLAT allowed suspicious fragment: так как мой английский слабее уровня комфортного общения.
[ 19.412s] LOWLAT allowed suspicious fragment: так как в английский слабее уровня комфортного общения.
[ 19.560s] LOWLAT allowed suspicious fragment: так как мой английский слабее уровня комфортного общения.
[ 19.713s] LOWLAT skipped source contained duplicate: преодоление языкового барьера, ~= Я его создал для помощи в преодолении языкового барьера.
[ 19.713s] LOWLAT allowed suspicious fragment: так как мой английский слабее уровня комфортного общения.
[ 20.202s] LOWLAT allowed suspicious fragment: так как мой английский слабее уровня комфортного общения.
[ 20.203s] LOWLAT sentence queued: так как мой английский слабее уровня комфортного общения.
[ 20.386s] LOWLAT allowed suspicious fragment: так как мой английский слабее уровня комфортного общения.
[ 20.519s] Translation time: 0.316 sec
[ 20.519s] TRANSLATED: Because my English is weaker than my comfort level.
[ 20.972s] TTS time: 0.212 sec
[ 20.972s] TTS audio ready: 2.35 sec
[ 20.972s] PLAYBACK queued: Because my English is weaker than my comfort level.
[ 21.655s] RU2EN source normalized: Также у меня есть еще один пэт проект. -> Также у меня есть еще один пет-проект.
[ 22.143s] RU2EN source normalized: Также у меня есть еще один пэт проект. -> Также у меня есть еще один пет-проект.
[ 22.144s] LOWLAT sentence queued: Также у меня есть еще один пет-проект.
[ 22.345s] PARTIAL sanitized: removed hallucinated tail (диски слабее уровня комфортного общения. Также у меня есть еще один пэт проект. Это проект... -> диски слабее уровня комфортного общения. Также у меня есть еще один пэт проект. Это проект. ..)
[ 22.345s] RU2EN source normalized: Также у меня есть еще один пэт проект. -> Также у меня есть еще один пет-проект.
[ 22.349s] Translation time: 0.206 sec
[ 22.349s] TRANSLATED: I also have another pet project.
[ 22.604s] TTS time: 0.255 sec
[ 22.604s] TTS audio ready: 1.78 sec
[ 22.604s] PLAYBACK queued: I also have another pet project.
[ 22.657s] PARTIAL sanitized: removed hallucinated tail (слабее уровня комфортного общения. Также у меня есть еще один пэт проект. Это проект для... -> слабее уровня комфортного общения. Также у меня есть еще один пэт проект. Это проект для. ..)
[ 22.658s] LOWLAT skipped source contained duplicate: слабее уровня комфортного общения. ~= так как мой английский слабее уровня комфортного общения.
[ 22.658s] RU2EN source normalized: Также у меня есть еще один пэт проект. -> Также у меня есть еще один пет-проект.
[ 22.985s] LOWLAT skipped source contained duplicate: уровня комфортного общения. ~= так как мой английский слабее уровня комфортного общения.
[ 22.985s] RU2EN source normalized: Также у меня есть еще один пэт проект. -> Также у меня есть еще один пет-проект.
[ 22.985s] LOWLAT skipped known weak draft: Это проект для конвертации.
[ 23.132s] RU2EN source normalized: Также у меня есть еще один пэт проект. -> Также у меня есть еще один пет-проект.
[ 23.132s] LOWLAT skipped known weak draft: Это проект для конвертации.
[ 23.439s] RU2EN source normalized: Также у меня есть еще один пэт проект. -> Также у меня есть еще один пет-проект.
[ 23.594s] RU2EN source normalized: Также у меня есть еще один пэт проект, -> Также у меня есть еще один пет-проект,
[ 23.750s] RU2EN source normalized: Также у меня есть еще один пэт проект. -> Также у меня есть еще один пет-проект.
[ 24.038s] RU2EN source normalized: пэт проект. -> пет-проект.
[ 24.467s] FINAL raw: Также у меня есть еще один пэт проект. Это проект для конвертации изображений.
[ 24.467s] RU2EN source normalized: Также у меня есть еще один пэт проект. -> Также у меня есть еще один пет-проект.
[ 24.468s] LOWLAT sentence queued: Это проект для конвертации изображений.
[ 24.469s] FINAL: Всем привет! меня зовут Ярослав, мне 26 лет, я из Украины. Сейчас мы общаемся через мой переводчик. в реальном времени. Я его создал для помощи в преодолении языкового барьера. так как мой английский слабее уровня комфортного общения. Также у меня есть еще один пет-проект. Это проект для конвертации изображений.
[ 24.526s] Translation time: 0.057 sec
[ 24.526s] TRANSLATED: It's a project to convert images.
[ 24.657s] TTS time: 0.131 sec
[ 24.657s] TTS audio ready: 1.87 sec
[ 24.657s] PLAYBACK queued: It's a project to convert images.
[ 25.137s] PARTIAL sanitized: removed hallucinated tail (Когда я работал в... -> Когда я работал в. ..)
[ 26.523s] PARTIAL sanitized: removed hallucinated tail (Когда я работал в компании AMDase, я... -> Когда я работал в компании AMDase, я. ..)
[ 26.523s] LOWLAT sentence queued: Когда я работал в компании AMDase,
[ 26.665s] PARTIAL sanitized: removed hallucinated tail (Когда я работал в компании AMDs, я... -> Когда я работал в компании AMDs, я. ..)
[ 26.809s] PARTIAL sanitized: removed hallucinated tail (Когда я работал в компании AMDs, я делал... -> Когда я работал в компании AMDs, я делал. ..)
[ 26.809s] LOWLAT sentence queued: Когда я работал в компании AMDs,
[ 26.817s] Translation time: 0.294 sec
[ 26.817s] TRANSLATED: When I was working for AMDase,
[ 27.241s] Translation time: 0.424 sec
[ 27.241s] TRANSLATED skipped same-prefix retry: When I was working for AMDs, ~= When I was working for AMDase,
[ 27.255s] TTS time: 0.197 sec
[ 27.255s] TTS audio ready: 1.64 sec
[ 27.255s] PLAYBACK queued: When I was working for AMDase,
[ 27.697s] RU2EN source normalized: я делал лейдинги. -> я делал лендинги.
[ 28.562s] RU2EN source normalized: я делал лейдинги. -> я делал лендинги.
[ 28.724s] RU2EN source normalized: я делал лейдинги. -> я делал лендинги.
[ 28.725s] LOWLAT sentence queued: я делал лендинги.
[ 29.014s] Translation time: 0.290 sec
[ 29.014s] TRANSLATED: I've been making the landings.
[ 29.171s] TTS time: 0.157 sec
[ 29.171s] TTS audio ready: 1.46 sec
[ 29.171s] PLAYBACK queued: I've been making the landings.
[ 29.650s] RU2EN source normalized: я делал лейдинги. -> я делал лендинги.
[ 29.650s] RU2EN source normalized: Очень много лейдингов. -> Очень много лендингов.
[ 29.797s] RU2EN source normalized: я делал лейдинги, -> я делал лендинги,
[ 29.797s] RU2EN source normalized: очень много лейдингов. -> очень много лендингов.
[ 29.797s] LOWLAT sentence queued: очень много лендингов.
[ 29.975s] LOWLAT skipped source contained duplicate: Я работал в компании AMDase, ~= Когда я работал в компании AMDase,
[ 29.975s] RU2EN source normalized: я делал лейдинги, -> я делал лендинги,
[ 29.975s] RU2EN source normalized: очень много лейдингов. -> очень много лендингов.
[ 30.087s] Translation time: 0.290 sec
[ 30.087s] TRANSLATED: There's a lot of landings.
[ 30.125s] RU2EN source normalized: я делал лейдинги. -> я делал лендинги.
[ 30.125s] RU2EN source normalized: Очень много лейдингов. -> Очень много лендингов.
[ 30.244s] TTS time: 0.156 sec
[ 30.244s] TTS audio ready: 1.16 sec
[ 30.244s] PLAYBACK queued: There's a lot of landings.
[ 30.580s] RU2EN source normalized: В компании AMDays я делал лейдинги, -> В компании AMDays я делал лендинги,
[ 30.884s] PARTIAL sanitized: removed hallucinated tail (А МДС я делал лейдинги. Очень много лейдингов. Так как у лейдингов обычно... -> А МДС я делал лейдинги. Очень много лейдингов. Так как у лейдингов обычно. ..)
[ 30.884s] RU2EN source normalized: А МДС я делал лейдинги. -> А МДС я делал лендинги.
[ 30.884s] LOWLAT allowed suspicious fragment: А МДС я делал лендинги.
[ 31.325s] LOWLAT allowed suspicious fragment: Так как у лендингов обычно нет сложности.
[ 31.495s] RU2EN source normalized: я делал лейдинги. -> я делал лендинги.
[ 31.495s] RU2EN source normalized: Очень много лейдингов. -> Очень много лендингов.
[ 31.495s] RU2EN source normalized: Так как у лейдингов обычно нет служения лейдинга. -> Так как у лендингов обычно нет служения лейдинга.
[ 31.495s] LOWLAT allowed suspicious fragment: Так как у лендингов обычно нет служения лейдинга.
[ 32.262s] RU2EN source normalized: очень много лейдингов. -> очень много лендингов.
[ 32.262s] RU2EN source normalized: Так как у лейдингов обычно нет сложной логики, -> Так как у лендингов обычно нет сложной логики,
[ 32.263s] LOWLAT allowed suspicious fragment: Так как у лендингов обычно нет сложной логики,
[ 32.571s] PARTIAL sanitized: removed hallucinated tail (Очень много лейдингов. Так как у лейдингов обычно нет сложной логики, то основной... -> Очень много лейдингов. Так как у лейдингов обычно нет сложной логики, то основной. ..)
[ 32.571s] RU2EN source normalized: Очень много лейдингов. -> Очень много лендингов.
[ 32.571s] RU2EN source normalized: Так как у лейдингов обычно нет сложной логики, -> Так как у лендингов обычно нет сложной логики,
[ 32.571s] LOWLAT allowed suspicious fragment: Так как у лендингов обычно нет сложной логики,
[ 32.571s] LOWLAT sentence queued: Так как у лендингов обычно нет сложной логики,
[ 32.896s] Translation time: 0.325 sec
[ 32.896s] TRANSLATED: Since the Landings don't usually have complex logic,
[ 32.942s] PARTIAL sanitized: removed hallucinated tail (очень много лайндингов. Так как у лайндингов обычно нет сложной логики, то основное влияние... -> очень много лайндингов. Так как у лайндингов обычно нет сложной логики, то основное влияние. ..)
[ 32.942s] LOWLAT allowed suspicious fragment: то основное влияние.
[ 33.121s] PARTIAL sanitized: removed hallucinated tail (очень много лайндингов. Так как у лайндингов обычно нет сложной логики, то основное влияние на... -> очень много лайндингов. Так как у лайндингов обычно нет сложной логики, то основное влияние на. ..)
[ 33.121s] LOWLAT allowed suspicious fragment: то основное влияние на.
[ 33.413s] TTS time: 0.276 sec
[ 33.413s] TTS audio ready: 2.77 sec
[ 33.413s] PLAYBACK queued: Since the Landings don't usually have complex logic,
[ 34.120s] PARTIAL sanitized: removed hallucinated tail (Так как у лайндингов обычно нет сложной логики, то основное влияние на производительность вызывает... -> Так как у лайндингов обычно нет сложной логики, то основное влияние на производительность вызывает. ..)
[ 34.120s] LOWLAT sentence queued: лайндингов обычно нет сложной логики,
[ 34.515s] Translation time: 0.395 sec
[ 34.515s] TRANSLATED: Lindings don't usually have complex logic,
[ 34.708s] LOWLAT allowed suspicious fragment: то основное влияние на производительность вызывает критерия.
[ 34.881s] LOWLAT allowed suspicious fragment: то основное влияние на производительность вызывает критику.
[ 35.001s] TTS time: 0.245 sec
[ 35.001s] TTS audio ready: 2.23 sec
[ 35.001s] PLAYBACK queued: Lindings don't usually have complex logic,
[ 35.042s] LOWLAT allowed suspicious fragment: то основное влияние на производительность вызывают картинки.
[ 35.190s] LOWLAT allowed suspicious fragment: то основное влияние на производительность вызывают картинки.
[ 35.191s] LOWLAT sentence queued: то основное влияние на производительность вызывают картинки.
[ 35.368s] LOWLAT allowed suspicious fragment: то основное влияние на производительность вызывают картинки.
[ 35.489s] Translation time: 0.299 sec
[ 35.489s] TRANSLATED: the main effect on productivity is caused by images.
[ 35.654s] TTS time: 0.165 sec
[ 35.654s] TTS audio ready: 3.07 sec
[ 35.654s] PLAYBACK queued: the main effect on productivity is caused by images.
[ 36.287s] PARTIAL sanitized: removed hallucinated tail (сложной логике, то основное влияние на производительность вызывают картинки. Сначала я пользуюсь... -> сложной логике, то основное влияние на производительность вызывают картинки. Сначала я пользуюсь. ..)
[ 36.732s] PARTIAL sanitized: removed hallucinated tail (логики, то основное влияние на производительность вызывают картинки. Сначала я пользовался без... -> логики, то основное влияние на производительность вызывают картинки. Сначала я пользовался без. ..)
[ 37.638s] LOWLAT sentence queued: Сначала я пользовался бесплатными сервисами.
[ 37.810s] Translation time: 0.173 sec
[ 37.810s] TRANSLATED: At first, I used free services.
[ 38.067s] TTS time: 0.257 sec
[ 38.067s] TTS audio ready: 1.83 sec
[ 38.067s] PLAYBACK queued: At first, I used free services.
[ 38.858s] PARTIAL sanitized: removed hallucinated tail (вызывают картинки. Сначала я пользовался бесплатными сервисами, но упирался то в лимит... -> вызывают картинки. Сначала я пользовался бесплатными сервисами, но упирался то в лимит. ..)
[ 38.859s] LOWLAT allowed suspicious fragment: но упирался то в лимит.
[ 39.311s] PARTIAL sanitized: removed hallucinated tail (вызывают картинки. Сначала я пользовался бесплатными сервисами, но опирался то в лимит, то в... -> вызывают картинки. Сначала я пользовался бесплатными сервисами, но опирался то в лимит, то в. ..)
[ 39.312s] LOWLAT allowed suspicious fragment: но опирался то в лимит,
[ 39.469s] LOWLAT allowed suspicious fragment: но опирался то в лимит,
[ 39.470s] LOWLAT sentence queued: но опирался то в лимит,
[ 39.470s] RU2EN source rewrite before translation: но опирался то в лимит, -> но я сталкивался с лимитом,
[ 39.652s] LOWLAT allowed suspicious fragment: но опирался то в лимит,
[ 39.653s] Translation time: 0.183 sec
[ 39.653s] TRANSLATED: But I ran into a limit,
[ 39.814s] LOWLAT allowed suspicious fragment: то в отсутствие юбилей.
[ 39.982s] LOWLAT allowed suspicious fragment: то в отсутствие гиперпетизма.
[ 40.097s] TTS time: 0.203 sec
[ 40.097s] TTS audio ready: 1.25 sec
[ 40.097s] PLAYBACK queued: But I ran into a limit,
[ 40.144s] LOWLAT allowed suspicious fragment: то в отсутствие гибкости.
[ 40.763s] FINAL raw: Сначала я пользовался бесплатными сервисами, но упирался то в лимит, то в отсутствие гибкости.
[ 40.763s] LOWLAT sentence queued: упирался то в лимит,
[ 40.763s] LOWLAT allowed suspicious fragment: то в отсутствие гибкости.
[ 40.764s] LOWLAT sentence queued: то в отсутствие гибкости.
[ 40.764s] FINAL cleanup dropped weak draft: Когда я работал в компании AMDase,
[ 40.765s] FINAL cleanup dropped weak return: лайндингов обычно нет сложной логики,
[ 40.766s] FINAL: Когда я работал в компании AMDase, я делал лендинги. очень много лендингов. Так как у лендингов обычно нет сложной логики, то основное влияние на производительность вызывают картинки. Сначала я пользовался бесплатными сервисами. но опирался то в лимит, упирался то в лимит, то в отсутствие гибкости.
[ 40.766s] RU2EN source rewrite before translation: упирался то в лимит, -> я сталкивался с лимитом,
[ 40.820s] Translation time: 0.054 sec
[ 40.820s] TRANSLATED: I've been facing a limit,
[ 40.906s] Translation time: 0.086 sec
[ 40.906s] TRANSLATED: There is no flexibility.
[ 40.906s] TTS continuation merged: 2 chunks
[ 40.906s] PLAYBACK merged: I've been facing a limit, + There is no flexibility.
[ 41.036s] TTS time: 0.130 sec
[ 41.036s] TTS audio ready: 2.82 sec
[ 41.036s] PLAYBACK queued: I've been facing a limit, There is no flexibility.
[ 41.301s] PARTIAL sanitized: removed hallucinated tail (Я решил создать... -> Я решил создать. ..)
[ 41.527s] PARTIAL sanitized: removed hallucinated tail (И я решил создать... -> И я решил создать. ..)
[ 41.527s] LOWLAT allowed suspicious fragment: И я решил создать.
[ 41.673s] PARTIAL sanitized: removed hallucinated tail (и я решил создать свой... -> и я решил создать свой. ..)
[ 41.674s] LOWLAT allowed suspicious fragment: и я решил создать свой.
[ 41.921s] LOWLAT allowed suspicious fragment: и я решил создать свой язык.
[ 42.047s] LOWLAT allowed suspicious fragment: И я решил создать свой инструмент.
[ 42.676s] PARTIAL sanitized: removed hallucinated tail (И я решил создать свой инструмент, который... -> И я решил создать свой инструмент, который. ..)
[ 42.676s] LOWLAT allowed suspicious fragment: И я решил создать свой инструмент,
[ 42.676s] LOWLAT phrase_seen relaxed admit: И я решил создать свой инструмент,
[ 42.676s] LOWLAT sentence queued: И я решил создать свой инструмент,
[ 42.829s] PARTIAL sanitized: removed hallucinated tail (И я решил создать свой инструмент, которым... -> И я решил создать свой инструмент, которым. ..)
[ 42.830s] LOWLAT allowed suspicious fragment: И я решил создать свой инструмент,
[ 42.830s] LOWLAT allowed suspicious fragment: которым.
[ 42.965s] PARTIAL sanitized: removed hallucinated tail (И я решил создать свой инструмент, который мог... -> И я решил создать свой инструмент, который мог. ..)
[ 42.965s] LOWLAT allowed suspicious fragment: И я решил создать свой инструмент,
[ 42.965s] LOWLAT allowed suspicious fragment: который мог.
[ 43.068s] Translation time: 0.392 sec
[ 43.068s] TRANSLATED: And I decided to create my instrument,
[ 43.226s] PARTIAL sanitized: removed hallucinated tail (И я решил создать свой инструмент, которым активно... -> И я решил создать свой инструмент, которым активно. ..)
[ 43.226s] LOWLAT allowed suspicious fragment: которым активно.
[ 43.486s] TTS time: 0.177 sec
[ 43.486s] TTS audio ready: 2.01 sec
[ 43.486s] PLAYBACK queued: And I decided to create my instrument,
[ 43.514s] LOWLAT allowed suspicious fragment: которым активно пользуется.
[ 43.652s] LOWLAT allowed suspicious fragment: которым активно пользуюсь.
[ 43.798s] LOWLAT allowed suspicious fragment: которым активно пользуюсь в достижении.
[ 43.942s] LOWLAT allowed suspicious fragment: которым активно пользуюсь до сих пор.
[ 44.976s] LOWLAT allowed suspicious fragment: которым активно пользуюсь до сих пор,
[ 45.132s] LOWLAT allowed suspicious fragment: которым активно пользуюсь до сих пор,
[ 45.133s] LOWLAT sentence queued: которым активно пользуюсь до сих пор,
[ 45.133s] RU2EN source rewrite before translation: которым активно пользуюсь до сих пор, -> я активно пользуюсь этим до сих пор,
[ 45.324s] PARTIAL sanitized: removed hallucinated tail (И я решил создать свой инструмент, которым активно пользуюсь до сих пор, который помог мне не... -> И я решил создать свой инструмент, которым активно пользуюсь до сих пор, который помог мне не. ..)
[ 45.324s] LOWLAT allowed suspicious fragment: которым активно пользуюсь до сих пор,
[ 45.324s] LOWLAT allowed suspicious fragment: который помог мне не.
[ 45.455s] Translation time: 0.322 sec
[ 45.455s] TRANSLATED: I've been using it very actively so far,
[ 45.488s] LOWLAT allowed suspicious fragment: который помог мне невероятно.
[ 45.934s] TTS time: 0.238 sec
[ 45.934s] TTS audio ready: 2.22 sec
[ 45.934s] PLAYBACK queued: I've been using it very actively so far,
[ 45.978s] LOWLAT allowed suspicious fragment: который помог мне невероятно быстро.
[ 46.427s] LOWLAT allowed suspicious fragment: который помог мне невероятно быстро ускорить.
[ 46.904s] LOWLAT allowed suspicious fragment: который помог мне невероятно быстро ускорить работу.
[ 47.054s] LOWLAT allowed suspicious fragment: который помог мне невероятно быстро ускорить работу.
[ 47.054s] LOWLAT sentence queued: который помог мне невероятно быстро ускорить работу.
[ 47.424s] Translation time: 0.370 sec
[ 47.424s] TRANSLATED: The one who helped me speed up my work in an incredibly fast way.
[ 47.425s] FINAL raw: которым активно пользуюсь до сих пор, который помог мне невероятно быстро ускорить работу.
[ 47.425s] LOWLAT sentence stream: no new segments (final=True)
[ 47.426s] FINAL: И я решил создать свой инструмент, которым активно пользуюсь до сих пор, который помог мне невероятно быстро ускорить работу.
[ 47.600s] TTS time: 0.175 sec
[ 47.600s] TTS audio ready: 3.15 sec
[ 47.600s] PLAYBACK queued: The one who helped me speed up my work in an incredibly fast way.
