[  0.000s] Loading translation model: RU -> EN ...
[  3.515s] Loading TTS voice: en_US-ryan-medium ...
[  6.232s] Runtime prewarm started
[  6.232s] Runtime prewarm ready
[  7.290s] LOWLAT sentence queued: Всем привет!
[  7.533s] PARTIAL sanitized: removed hallucinated tail (Всем привет, меня зовут... -> Всем привет, меня зовут. ..)
[  8.533s] Translation time: 1.242 sec
[  8.533s] TRANSLATED: Hey, everybody!
[  8.697s] LOWLAT sentence queued: меня зовут Ярослав,
[  9.113s] Translation time: 0.416 sec
[  9.113s] TRANSLATED: My name is Jaroslav,
[  9.415s] LOWLAT sentence queued: мне 26 лет,
[  9.523s] TTS time: 0.991 sec
[  9.523s] TTS audio ready: 1.13 sec
[  9.684s] Translation time: 0.269 sec
[  9.684s] TRANSLATED: I'm 26 years old,
[  9.684s] TTS continuation merged: 2 chunks
[  9.844s] TTS time: 0.160 sec
[  9.844s] TTS audio ready: 2.61 sec
[ 10.977s] LOWLAT sentence queued: я из Украины.
[ 11.134s] Translation time: 0.157 sec
[ 11.134s] TRANSLATED: I'm from Ukraine.
[ 11.146s] PARTIAL sanitized: removed hallucinated tail (Всем привет, меня зовут Ярослав, мне 26 лет, я из Украины. Сейчас мы общаемся... -> Всем привет, меня зовут Ярослав, мне 26 лет, я из Украины. Сейчас мы общаемся. ..)
[ 11.291s] TTS time: 0.157 sec
[ 11.291s] TTS audio ready: 0.93 sec
[ 11.300s] PARTIAL sanitized: removed hallucinated tail (Всем привет, меня зовут Ярослав, мне 26 лет, я из Украины. Сейчас мы общаемся через... -> Всем привет, меня зовут Ярослав, мне 26 лет, я из Украины. Сейчас мы общаемся через. ..)
[ 11.595s] PARTIAL sanitized: removed hallucinated tail (Всем привет, меня зовут Ярослав, мне 26 лет, я из Украины. Сейчас мы общаемся через мой... -> Всем привет, меня зовут Ярослав, мне 26 лет, я из Украины. Сейчас мы общаемся через мой. ..)
[ 12.188s] LOWLAT sentence queued: Сейчас мы общаемся через мой переводчик.
[ 12.374s] Translation time: 0.185 sec
[ 12.374s] TRANSLATED: Now we're talking through my interpreter.
[ 12.533s] TTS time: 0.159 sec
[ 12.533s] TTS audio ready: 1.85 sec
[ 12.542s] PARTIAL sanitized: removed hallucinated tail (Меня зовут Ярослав, мне 26 лет, я из Украины. Сейчас мы общаемся через мой переводчик в реально... -> Меня зовут Ярослав, мне 26 лет, я из Украины. Сейчас мы общаемся через мой переводчик в реально. ..)
[ 12.852s] LOWLAT sentence queued: в реально время.
[ 13.015s] Translation time: 0.164 sec
[ 13.015s] TRANSLATED: in real time.
[ 13.175s] TTS time: 0.160 sec
[ 13.175s] TTS audio ready: 0.84 sec
[ 13.178s] LOWLAT sentence queued: Сейчас мы общаемся через мой переводчик в реальном времени.
[ 13.479s] Translation time: 0.301 sec
[ 13.479s] TRANSLATED: Now we're talking through my translator in real time.
[ 13.640s] TTS time: 0.162 sec
[ 13.640s] TTS audio ready: 2.53 sec
[ 15.260s] PARTIAL sanitized: removed hallucinated tail (Сейчас мы общаемся через мой переводчик в реальном времени. Я его создал для помощи в преодолении... -> Сейчас мы общаемся через мой переводчик в реальном времени. Я его создал для помощи в преодолении. ..)
[ 15.561s] LOWLAT skipped source contained duplicate: мы общаемся через мой переводчик в реальном времени. ~= Сейчас мы общаемся через мой переводчик в реальном времени.
[ 15.711s] LOWLAT skipped source contained duplicate: Мы общаемся через мой переводчик в реальном времени. ~= Сейчас мы общаемся через мой переводчик в реальном времени.
[ 15.861s] PARTIAL sanitized: removed hallucinated tail (Мы общаемся через мой переводчик в реальном времени. Я его создал для помощи в преодолении языкового... -> Мы общаемся через мой переводчик в реальном времени. Я его создал для помощи в преодолении языкового. ..)
[ 15.862s] LOWLAT skipped source contained duplicate: Мы общаемся через мой переводчик в реальном времени. ~= Сейчас мы общаемся через мой переводчик в реальном времени.
[ 16.010s] LOWLAT skipped source contained duplicate: через мой переводчик в реальном времени. ~= Сейчас мы общаемся через мой переводчик в реальном времени.
[ 16.171s] LOWLAT skipped source contained duplicate: через мой переводчик в реальном времени. ~= Сейчас мы общаемся через мой переводчик в реальном времени.
[ 16.636s] LOWLAT skipped source contained duplicate: переводчик в реальном времени. ~= Сейчас мы общаемся через мой переводчик в реальном времени.
[ 16.804s] PARTIAL sanitized: removed hallucinated tail (переводчик в реальном времени. Я его создал для помощи в преодолении языкового барьера, так как... -> переводчик в реальном времени. Я его создал для помощи в преодолении языкового барьера, так как. ..)
[ 16.804s] LOWLAT skipped source contained duplicate: переводчик в реальном времени. ~= Сейчас мы общаемся через мой переводчик в реальном времени.
[ 16.953s] LOWLAT sentence queued: Я его создал для помощи в преодолении языкового барьера,
[ 17.130s] PARTIAL sanitized: removed hallucinated tail (Я его создал для помощи в преодолении языкового барьера, так как мы... -> Я его создал для помощи в преодолении языкового барьера, так как мы. ..)
[ 17.130s] LOWLAT allowed suspicious fragment: так как мы.
[ 17.147s] Translation time: 0.193 sec
[ 17.147s] TRANSLATED: I created it to help overcome the language barrier,
[ 17.546s] TTS time: 0.159 sec
[ 17.546s] TTS audio ready: 2.60 sec
[ 17.594s] LOWLAT allowed suspicious fragment: так как мой английский славянный язык не использует.
[ 17.744s] LOWLAT allowed suspicious fragment: так как мой английский слабее.
[ 17.898s] LOWLAT allowed suspicious fragment: так как мой английский слабее улучшен.
[ 18.050s] LOWLAT allowed suspicious fragment: так как мой английский слабее уровня.
[ 18.522s] LOWLAT allowed suspicious fragment: так как мой английский слабее уровня комфорта.
[ 18.680s] LOWLAT allowed suspicious fragment: так как мой английский слабее уровня комфортного.
[ 18.833s] LOWLAT allowed suspicious fragment: так как мой английский слабее уровня комфортного.
[ 18.833s] LOWLAT sentence queued: так как мой английский слабее уровня комфортного.
[ 19.020s] LOWLAT allowed suspicious fragment: так как в английский слабее уровня комфортного общения.
[ 19.023s] Translation time: 0.190 sec
[ 19.024s] TRANSLATED: Because my English is weaker than my comfort level.
[ 19.435s] TTS time: 0.171 sec
[ 19.435s] TTS audio ready: 2.37 sec
[ 22.190s] PARTIAL sanitized: removed hallucinated tail (диски слабее уровня комфортного общения. Также у меня есть еще один пэт проект. Это проект... -> диски слабее уровня комфортного общения. Также у меня есть еще один пэт проект. Это проект. ..)
[ 22.190s] LOWLAT sentence queued: Также у меня есть еще один пэт проект.
[ 22.472s] Translation time: 0.281 sec
[ 22.472s] TRANSLATED: I also have another Pat project.
[ 22.631s] TTS time: 0.159 sec
[ 22.631s] TTS audio ready: 1.68 sec
[ 23.152s] LOWLAT sentence queued: Это проект для конвертации.
[ 23.440s] Translation time: 0.287 sec
[ 23.440s] TRANSLATED: It's a conversion project.
[ 23.601s] TTS time: 0.161 sec
[ 23.601s] TTS audio ready: 1.34 sec
[ 24.349s] FINAL raw: Также у меня есть еще один пэт проект. Это проект для конвертации изображений.
[ 24.349s] LOWLAT sentence stream: no new segments (final=True)
[ 24.351s] FINAL: Всем привет! меня зовут Ярослав, мне 26 лет, я из Украины. Сейчас мы общаемся через мой переводчик. в реально время. Сейчас мы общаемся через мой переводчик в реальном времени. Я его создал для помощи в преодолении языкового барьера, так как мой английский слабее уровня комфортного. Также у меня есть еще один пэт проект. Это проект для конвертации.
[ 25.056s] PARTIAL sanitized: removed hallucinated tail (Когда я работал в... -> Когда я работал в. ..)
[ 26.421s] PARTIAL sanitized: removed hallucinated tail (Когда я работал в компании AMDase, я... -> Когда я работал в компании AMDase, я. ..)
[ 26.421s] LOWLAT sentence queued: Когда я работал в компании AMDase,
[ 26.565s] PARTIAL sanitized: removed hallucinated tail (Когда я работал в компании AMDs, я... -> Когда я работал в компании AMDs, я. ..)
[ 26.707s] PARTIAL sanitized: removed hallucinated tail (Когда я работал в компании AMDs, я делал... -> Когда я работал в компании AMDs, я делал. ..)
[ 26.707s] LOWLAT sentence queued: Когда я работал в компании AMDs,
[ 26.819s] Translation time: 0.397 sec
[ 26.819s] TRANSLATED: When I was working for AMDase,
[ 27.116s] Translation time: 0.297 sec
[ 27.116s] TRANSLATED skipped same-prefix retry: When I was working for AMDs, ~= When I was working for AMDase,
[ 27.248s] TTS time: 0.188 sec
[ 27.248s] TTS audio ready: 1.59 sec
[ 28.680s] LOWLAT sentence queued: я делал лейдинги.
[ 28.973s] Translation time: 0.293 sec
[ 28.973s] TRANSLATED: I used to make leidings.
[ 29.163s] TTS time: 0.190 sec
[ 29.163s] TTS audio ready: 1.37 sec
[ 29.746s] LOWLAT sentence queued: очень много лейдингов.
[ 30.043s] Translation time: 0.296 sec
[ 30.043s] TRANSLATED: There's a lot of leidings.
[ 30.203s] TTS time: 0.160 sec
[ 30.203s] TTS audio ready: 1.01 sec
[ 31.368s] LOWLAT allowed suspicious fragment: Так как у лейдингов обычно нет сложности.
[ 31.527s] LOWLAT allowed suspicious fragment: Так как у лейдингов обычно нет служения лейдинга.
[ 32.284s] LOWLAT allowed suspicious fragment: Так как у лейдингов обычно нет сложной логики,
[ 32.441s] PARTIAL sanitized: removed hallucinated tail (Очень много лейдингов. Так как у лейдингов обычно нет сложной логики, то основной... -> Очень много лейдингов. Так как у лейдингов обычно нет сложной логики, то основной. ..)
[ 32.441s] LOWLAT allowed suspicious fragment: Так как у лейдингов обычно нет сложной логики,
[ 32.442s] LOWLAT sentence queued: Так как у лейдингов обычно нет сложной логики,
[ 32.659s] Translation time: 0.217 sec
[ 32.659s] TRANSLATED: Because the leidings don't usually have complex logic,
[ 32.811s] PARTIAL sanitized: removed hallucinated tail (очень много лайндингов. Так как у лайндингов обычно нет сложной логики, то основное влияние... -> очень много лайндингов. Так как у лайндингов обычно нет сложной логики, то основное влияние. ..)
[ 32.811s] LOWLAT allowed suspicious fragment: то основное влияние.
[ 33.114s] TTS time: 0.215 sec
[ 33.114s] TTS audio ready: 2.72 sec
[ 33.162s] PARTIAL sanitized: removed hallucinated tail (очень много лайндингов. Так как у лайндингов обычно нет сложной логики, то основное влияние на... -> очень много лайндингов. Так как у лайндингов обычно нет сложной логики, то основное влияние на. ..)
[ 33.162s] LOWLAT allowed suspicious fragment: то основное влияние на.
[ 33.948s] LOWLAT sentence queued: лайндингов обычно нет сложной логики,
[ 34.128s] PARTIAL sanitized: removed hallucinated tail (Так как у лайндингов обычно нет сложной логики, то основное влияние на производительность вызывает... -> Так как у лайндингов обычно нет сложной логики, то основное влияние на производительность вызывает. ..)
[ 34.128s] LOWLAT allowed suspicious fragment: то основное влияние на производительность вызывает.
[ 34.249s] Translation time: 0.302 sec
[ 34.249s] TRANSLATED: Lindings don't usually have complex logic,
[ 34.443s] LOWLAT allowed suspicious fragment: то основное влияние на производительность вызывает кодеку.
[ 34.597s] LOWLAT allowed suspicious fragment: то основное влияние на производительность вызывает критерия.
[ 34.709s] TTS time: 0.219 sec
[ 34.709s] TTS audio ready: 2.44 sec
[ 34.758s] LOWLAT allowed suspicious fragment: то основное влияние на производительность вызывает критику.
[ 34.906s] LOWLAT allowed suspicious fragment: то основное влияние на производительность вызывают картинки.
[ 35.053s] LOWLAT allowed suspicious fragment: то основное влияние на производительность вызывают картинки.
[ 35.054s] LOWLAT sentence queued: то основное влияние на производительность вызывают картинки.
[ 35.220s] LOWLAT allowed suspicious fragment: то основное влияние на производительность вызывают картинки.
[ 35.345s] Translation time: 0.291 sec
[ 35.345s] TRANSLATED: the main effect on productivity is caused by images.
[ 35.505s] TTS time: 0.161 sec
[ 35.505s] TTS audio ready: 3.12 sec
[ 36.537s] PARTIAL sanitized: removed hallucinated tail (логики, то основное влияние на производительность вызывают картинки. Сначала я пользовался без... -> логики, то основное влияние на производительность вызывают картинки. Сначала я пользовался без. ..)
[ 37.418s] LOWLAT sentence queued: Сначала я пользовался бесплатными сервисами.
[ 37.696s] Translation time: 0.279 sec
[ 37.696s] TRANSLATED: At first, I used free services.
[ 37.867s] TTS time: 0.170 sec
[ 37.867s] TTS audio ready: 1.89 sec
[ 38.618s] LOWLAT allowed suspicious fragment: но упирался то влияние.
[ 38.774s] PARTIAL sanitized: removed hallucinated tail (вызывают картинки. Сначала я пользовался бесплатными сервисами, но упирался то в лимит... -> вызывают картинки. Сначала я пользовался бесплатными сервисами, но упирался то в лимит. ..)
[ 38.775s] LOWLAT allowed suspicious fragment: но упирался то в лимит.
[ 39.224s] LOWLAT allowed suspicious fragment: но опирался то в лимит,
[ 39.381s] LOWLAT allowed suspicious fragment: но опирался то в лимит,
[ 39.382s] LOWLAT sentence queued: но опирался то в лимит,
[ 39.568s] Translation time: 0.186 sec
[ 39.568s] TRANSLATED: But he kept himself within bounds,
[ 39.727s] LOWLAT allowed suspicious fragment: то в отсутствие гиперпетизма.
[ 39.889s] LOWLAT allowed suspicious fragment: то в отсутствие гибкости.
[ 40.001s] TTS time: 0.189 sec
[ 40.001s] TTS audio ready: 1.66 sec
[ 40.048s] LOWLAT allowed suspicious fragment: то в отсутствие гибкости.
[ 40.048s] LOWLAT sentence queued: то в отсутствие гибкости.
[ 40.396s] Translation time: 0.347 sec
[ 40.396s] TRANSLATED: There is no flexibility.
[ 40.555s] TTS time: 0.159 sec
[ 40.555s] TTS audio ready: 1.31 sec
[ 40.582s] FINAL raw: Сначала я пользовался бесплатными сервисами, но упирался то в лимит, то в отсутствие гибкости.
[ 40.583s] LOWLAT skipped source contained duplicate: Сначала я пользовался бесплатными сервисами, ~= Сначала я пользовался бесплатными сервисами.
[ 40.583s] LOWLAT sentence queued: упирался то в лимит,
[ 40.583s] FINAL cleanup dropped weak draft: Когда я работал в компании AMDase,
[ 40.584s] FINAL cleanup dropped weak return: лайндингов обычно нет сложной логики,
[ 40.585s] FINAL: Когда я работал в компании AMDase, я делал лейдинги. очень много лейдингов. Так как у лейдингов обычно нет сложной логики, то основное влияние на производительность вызывают картинки. Сначала я пользовался бесплатными сервисами. но опирался то в лимит, то в отсутствие гибкости. упирался то в лимит,
[ 40.766s] Translation time: 0.180 sec
[ 40.766s] TRANSLATED: and clung to the limit,
[ 40.775s] LOWLAT allowed suspicious fragment: то в отсутствие гибкости.
[ 41.175s] TTS time: 0.169 sec
[ 41.175s] TTS audio ready: 1.03 sec
[ 41.189s] PARTIAL sanitized: removed hallucinated tail (Я решил создать... -> Я решил создать. ..)
[ 41.417s] PARTIAL sanitized: removed hallucinated tail (И я решил создать... -> И я решил создать. ..)
[ 41.418s] LOWLAT allowed suspicious fragment: И я решил создать.
[ 41.535s] PARTIAL sanitized: removed hallucinated tail (и я решил создать свой... -> и я решил создать свой. ..)
[ 41.535s] LOWLAT allowed suspicious fragment: и я решил создать свой.
[ 41.804s] LOWLAT allowed suspicious fragment: и я решил создать свой язык.
[ 41.924s] LOWLAT allowed suspicious fragment: И я решил создать свой инструмент.
[ 42.540s] PARTIAL sanitized: removed hallucinated tail (И я решил создать свой инструмент, который... -> И я решил создать свой инструмент, который. ..)
[ 42.540s] LOWLAT allowed suspicious fragment: И я решил создать свой инструмент,
[ 42.673s] PARTIAL sanitized: removed hallucinated tail (И я решил создать свой инструмент, которым... -> И я решил создать свой инструмент, которым. ..)
[ 42.673s] LOWLAT allowed suspicious fragment: И я решил создать свой инструмент,
[ 42.674s] LOWLAT sentence queued: И я решил создать свой инструмент,
[ 42.820s] PARTIAL sanitized: removed hallucinated tail (И я решил создать свой инструмент, который мог... -> И я решил создать свой инструмент, который мог. ..)
[ 42.820s] LOWLAT allowed suspicious fragment: И я решил создать свой инструмент,
[ 42.820s] LOWLAT allowed suspicious fragment: который мог.
[ 42.957s] Translation time: 0.283 sec
[ 42.957s] TRANSLATED: And I decided to create my instrument,
[ 43.084s] PARTIAL sanitized: removed hallucinated tail (И я решил создать свой инструмент, которым активно... -> И я решил создать свой инструмент, которым активно. ..)
[ 43.084s] LOWLAT allowed suspicious fragment: которым активно.
[ 43.351s] LOWLAT allowed suspicious fragment: которым активно пользуется.
[ 43.362s] TTS time: 0.165 sec
[ 43.362s] TTS audio ready: 1.96 sec
[ 43.491s] LOWLAT allowed suspicious fragment: которым активно пользуюсь.
[ 43.767s] LOWLAT allowed suspicious fragment: которым активно пользуюсь в достижении.
[ 43.911s] LOWLAT allowed suspicious fragment: которым активно пользуюсь до сих пор.
[ 44.897s] LOWLAT allowed suspicious fragment: которым активно пользуюсь до сих пор,
[ 45.046s] LOWLAT allowed suspicious fragment: которым активно пользуюсь до сих пор,
[ 45.047s] LOWLAT sentence queued: которым активно пользуюсь до сих пор,
[ 45.225s] PARTIAL sanitized: removed hallucinated tail (И я решил создать свой инструмент, которым активно пользуюсь до сих пор, который помог мне не... -> И я решил создать свой инструмент, которым активно пользуюсь до сих пор, который помог мне не. ..)
[ 45.225s] LOWLAT allowed suspicious fragment: которым активно пользуюсь до сих пор,
[ 45.225s] LOWLAT allowed suspicious fragment: который помог мне не.
[ 45.341s] Translation time: 0.295 sec
[ 45.341s] TRANSLATED: which I have so far actively used,
[ 45.383s] LOWLAT allowed suspicious fragment: который помог мне невероятно.
[ 45.788s] TTS time: 0.205 sec
[ 45.788s] TTS audio ready: 1.95 sec
[ 45.829s] LOWLAT allowed suspicious fragment: который помог мне невероятно быстро.
[ 46.282s] LOWLAT allowed suspicious fragment: который помог мне невероятно быстро ускорить.
[ 46.743s] LOWLAT allowed suspicious fragment: который помог мне невероятно быстро ускорить работу.
[ 46.886s] LOWLAT allowed suspicious fragment: который помог мне невероятно быстро ускорить работу.
[ 46.886s] LOWLAT sentence queued: который помог мне невероятно быстро ускорить работу.
[ 47.342s] Translation time: 0.456 sec
[ 47.342s] TRANSLATED: The one who helped me speed up my work in an incredibly fast way.
[ 47.381s] FINAL raw: которым активно пользуюсь до сих пор, который помог мне невероятно быстро ускорить работу.
[ 47.381s] LOWLAT sentence stream: no new segments (final=True)
[ 47.381s] FINAL: И я решил создать свой инструмент, которым активно пользуюсь до сих пор, который помог мне невероятно быстро ускорить работу.
[ 47.469s] TTS time: 0.127 sec
[ 47.469s] TTS audio ready: 3.17 sec
